******************************************************************************
                  TI ARM Linker PC v18.1.4                     
******************************************************************************
>> Linked Sat Dec 15 22:05:50 2018

OUTPUT FILE NAME:   <blink_TM4C_CLK.out>
ENTRY POINT SYMBOL: "_c_int00"  address: 000045a1


MEMORY CONFIGURATION

         name            origin    length      used     unused   attr    fill
----------------------  --------  ---------  --------  --------  ----  --------
  FLASH                 00000000   00040000  00008618  000379e8  R  X
  SRAM                  20000000   00008000  0000298c  00005674  RW X


SEGMENT ALLOCATION MAP

run origin  load origin   length   init length attrs members
----------  ----------- ---------- ----------- ----- -------
00000000    00000000    00008620   00008620    r-x
  00000000    00000000    0000003c   0000003c    r-- .resetVecs
  00000040    00000040    00005c82   00005c82    r-x .text
  00005cc4    00005cc4    000026da   000026da    r-- .const
  000083a0    000083a0    00000280   00000280    r-- .cinit
20000000    20000000    00000360   00000000    rw-
  20000000    20000000    00000360   00000000    rw- .vecs
20000380    20000380    00002630   00000000    rw-
  20000380    20000380    00001c30   00000000    rw- .bss
  20001fb0    20001fb0    000005fc   00000000    rw- .data
  200025b0    200025b0    00000400   00000000    rw- .stack


SECTION ALLOCATION MAP

 output                                  attributes/
section   page    origin      length       input sections
--------  ----  ----------  ----------   ----------------
.resetVecs 
*          0    00000000    0000003c     
                  00000000    0000003c     empty_pem4f.oem4f (.resetVecs)

.text      0    00000040    00005c82     
                  00000040    00000430     sysbios.aem4f : BIOS.obj (.text:ti_sysbios_family_arm_m3_Hwi_excDumpRegs__I)
                  00000470    0000034c     ti.targets.arm.rtsarm.aem4f : System.oem4f (.text:xdc_runtime_System_doPrint__I)
                  000007bc    00000004     driverlib.lib : timer.obj (.text:TimerIntClear)
                  000007c0    0000031c     sysbios.aem4f : BIOS.obj (.text:ti_sysbios_knl_Semaphore_pend__E)
                  00000adc    00000004     rtsv7M4_T_le_v4SPD16_eabi.lib : exit.c.obj (.text:abort:abort)
                  00000ae0    000001fc     sysbios.aem4f : BIOS.obj (.text:ti_sysbios_family_arm_m3_Hwi_excHandlerMax__I)
                  00000cdc    000001a4     main.obj (.text:ledToggle)
                  00000e80    0000018c     sysbios.aem4f : BIOS.obj (.text:ti_sysbios_family_arm_lm4_Timer_start__E)
                  0000100c    00000004     empty_pem4f.oem4f (.text:malloc)
                  00001010    00000178     sysbios.aem4f : BIOS.obj (.text:ti_sysbios_family_arm_lm4_TimestampProvider_get64__E)
                  00001188    00000174                   : BIOS.obj (.text:ti_sysbios_family_arm_m3_Hwi_excBusFault__I)
                  000012fc    00000004     empty_pem4f.oem4f (.text:ti_sysbios_BIOS_RtsGateProxy_enter__E)
                  00001300    00000164     sysbios.aem4f : BIOS.obj (.text:ti_sysbios_family_arm_m3_Hwi_excUsageFault__I)
                  00001464    00000004     empty_pem4f.oem4f (.text:ti_sysbios_BIOS_RtsGateProxy_leave__E)
                  00001468    00000148     sysbios.aem4f : BIOS.obj (.text:ti_sysbios_family_arm_m3_Hwi_excMemFault__I)
                  000015b0    00000144     ti.targets.arm.rtsarm.aem4f : HeapStd.oem4f (.text:xdc_runtime_HeapStd_alloc__E)
                  000016f4    00000004     sysbios.aem4f : BIOS.obj (.text:ti_sysbios_family_arm_lm4_Timer_masterEnable__I)
                  000016f8    00000140                   : BIOS.obj (.text:ti_sysbios_knl_Semaphore_post__E)
                  00001838    0000013c                   : BIOS.obj (.text:ti_sysbios_knl_Clock_workFunc__E)
                  00001974    00000004     empty_pem4f.oem4f (.text:ti_sysbios_family_arm_m3_TaskSupport_Module__startupDone__S)
                  00001978    00000138     sysbios.aem4f : BIOS.obj (.text:ti_sysbios_family_arm_m3_Hwi_dispatchC__I)
                  00001ab0    00000138     empty_pem4f.oem4f (.text:ti_uia_loggers_LoggerStopMode_writeMemoryRange__E)
                  00001be8    00000132     driverlib.lib : gpio.obj (.text:GPIOPadConfigSet)
                  00001d1a    00000006                   : gpio.obj (.text:GPIOPinRead)
                  00001d20    0000011c     sysbios.aem4f : BIOS.obj (.text:ti_sysbios_knl_Swi_run__I)
                  00001e3c    00000118     ti.targets.arm.rtsarm.aem4f : Error.oem4f (.text:xdc_runtime_Error_policyDefault__E)
                  00001f54    00000110     driverlib.lib : sysctl.obj (.text:SysCtlClockGet)
                  00002064    0000010c     empty_pem4f.oem4f (.text:ti_uia_loggers_LoggerStopMode_write8__E)
                  00002170    00000100     Boot.aem4f : Boot_sysctl.oem4f (.text:ti_catalog_arm_cortexm4_tiva_ce_Boot_sysCtlClockSetI__I)
                  00002270    00000100     ti.targets.arm.rtsarm.aem4f : Core-mem.oem4f (.text:xdc_runtime_Core_createObject__I)
                  00002370    000000f8                                 : Startup.oem4f (.text:xdc_runtime_Startup_startMods__I)
                  00002468    000000f8     empty_pem4f.oem4f (.text:xdc_runtime_System_printfExtend__I)
                  00002560    000000f4     driverlib.lib : sysctl.obj (.text:SysCtlClockSet)
                  00002654    000000f4     sysbios.aem4f : m3_Hwi_asm.obj (.text:ti_sysbios_family_arm_m3_Hwi_dispatch__I)
                  00002748    000000f4     empty_pem4f.oem4f (.text:ti_uia_loggers_LoggerStopMode_write4__E)
                  0000283c    000000e8     empty_pem4f.oem4f (.text:ti_uia_loggers_LoggerStopMode_write1__E)
                  00002924    000000e8     empty_pem4f.oem4f (.text:ti_uia_loggers_LoggerStopMode_write2__E)
                  00002a0c    00000004     empty_pem4f.oem4f (.text:ti_sysbios_knl_Clock_TimerProxy_getMaxTicks__E)
                  00002a10    000000d8     sysbios.aem4f : BIOS.obj (.text:ti_sysbios_family_arm_lm4_TimestampProvider_get32__E)
                  00002ae8    000000d8     empty_pem4f.oem4f (.text:ti_uia_loggers_LoggerStopMode_write0__E)
                  00002bc0    000000cc     sysbios.aem4f : BIOS.obj (.text:ti_sysbios_knl_Task_schedule__I)
                  00002c8c    000000cc     ti.targets.arm.rtsarm.aem4f : Core-smem.oem4f (.text:xdc_runtime_Core_constructObject__I)
                  00002d58    000000cc                                 : HeapStd.oem4f (.text:xdc_runtime_HeapStd_Instance_init__E)
                  00002e24    00000004     empty_pem4f.oem4f (.text:ti_sysbios_knl_Clock_TimerProxy_getPeriod__E)
                  00002e28    000000bc     sysbios.aem4f : BIOS.obj (.text:ti_sysbios_family_arm_m3_Hwi_excDebugMon__I)
                  00002ee4    00000004     empty_pem4f.oem4f (.text:ti_sysbios_knl_Queue_destruct)
                  00002ee8    000000bc     sysbios.aem4f : BIOS.obj (.text:ti_sysbios_family_arm_m3_Hwi_excHardFault__I)
                  00002fa4    00000004     empty_pem4f.oem4f (.text:ti_sysbios_knl_Semaphore_destruct)
                  00002fa8    000000bc     sysbios.aem4f : BIOS.obj (.text:ti_sysbios_knl_Task_startCore__E)
                  00003064    00000004     ti.uia.loggers.aem4f : LoggerStopMode.oem4f (.text:ti_uia_loggers_LoggerStopMode_getContents__E)
                  00003068    000000bc     sysbios.aem4f : BIOS.obj (.text:ti_sysbios_utils_Load_updateLoads__E)
                  00003124    00000004     empty_pem4f.oem4f (.text:ti_uia_loggers_LoggerStopMode_getFilterLevel__E)
                  00003128    000000b4     sysbios.aem4f : BIOS.obj (.text:ti_sysbios_gates_GateMutex_enter__E)
                  000031dc    00000004     ti.uia.loggers.aem4f : LoggerStopMode.oem4f (.text:ti_uia_loggers_LoggerStopMode_getInstanceId__E)
                  000031e0    000000b4     sysbios.aem4f : BIOS.obj (.text:ti_sysbios_knl_Task_checkStacks__E)
                  00003294    00000004     ti.uia.loggers.aem4f : LoggerStopMode.oem4f (.text:ti_uia_loggers_LoggerStopMode_getMaxLength__E)
                  00003298    000000b0     sysbios.aem4f : BIOS.obj (.text:ti_sysbios_utils_Load_idleFxn__E)
                  00003348    000000ac                   : BIOS.obj (.text:ti_sysbios_family_arm_lm4_Timer_enableTiva__I)
                  000033f4    00000004     ti.uia.loggers.aem4f : LoggerStopMode.oem4f (.text:ti_uia_loggers_LoggerStopMode_getPriority__E)
                  000033f8    000000ac     sysbios.aem4f : BIOS.obj (.text:ti_sysbios_knl_Swi_post__E)
                  000034a4    00000004     ti.uia.loggers.aem4f : LoggerStopMode.oem4f (.text:ti_uia_loggers_LoggerStopMode_getTransferType__E)
                  000034a8    000000a8     sysbios.aem4f : BIOS.obj (.text:ti_sysbios_family_arm_lm4_Timer_enableTimers__I)
                  00003550    000000a8                   : BIOS.obj (.text:ti_sysbios_knl_Task_blockI__E)
                  000035f8    000000a8                   : BIOS.obj (.text:ti_sysbios_knl_Task_postInit__I)
                  000036a0    000000a8     ti.targets.arm.rtsarm.aem4f : HeapStd.oem4f (.text:xdc_runtime_HeapStd_free__E)
                  00003748    000000a0     auto_init.aem4f : auto_init.oem4f (.text)
                  000037e8    000000a0     ti.targets.arm.rtsarm.aem4f : Text.oem4f (.text:xdc_runtime_Text_putMod__E)
                  00003888    0000009c     rtsv7M4_T_le_v4SPD16_eabi.lib : memcpy_t2.asm.obj (.text)
                  00003924    00000004     ti.targets.arm.rtsarm.aem4f : Error.oem4f (.text:xdc_runtime_Error_getSite__E)
                  00003928    0000009c     sysbios.aem4f : BIOS.obj (.text:ti_sysbios_knl_Semaphore_Instance_init__E)
                  000039c4    0000009a     ti.targets.arm.rtsarm.aem4f : Text.oem4f (.text:xdc_runtime_Text_putSite__E)
                  00003a5e    00000002     rtsv7M4_T_le_v4SPD16_eabi.lib : _lock.c.obj (.text:_nop)
                  00003a60    00000098     Boot.aem4f : Boot.oem4f (.text:ti_catalog_arm_cortexm4_tiva_ce_Boot_sysCtlClockSet__E)
                  00003af8    00000094     sysbios.aem4f : BIOS.obj (.text:ti_sysbios_family_arm_m3_Hwi_initNVIC__E)
                  00003b8c    00000004     ti.targets.arm.rtsarm.aem4f : HeapStd.oem4f (.text:xdc_runtime_HeapStd_isBlocking__E)
                  00003b90    00000094     sysbios.aem4f : BIOS.obj (.text:ti_sysbios_knl_Task_exit__E)
                  00003c24    00000004     empty_pem4f.oem4f (.text:xdc_runtime_System_Module_GateProxy_enter__E)
                  00003c28    00000090     sysbios.aem4f : BIOS.obj (.text:ti_sysbios_knl_Task_unblockI__E)
                  00003cb8    00000090     ti.uia.loggers.aem4f : LoggerStopMode.oem4f (.text:ti_uia_loggers_LoggerStopMode_initQueueDescriptor__E)
                  00003d48    0000008c     sysbios.aem4f : m3_TaskSupport_asm.obj (.text:ti_sysbios_family_arm_m3_TaskSupport_buildTaskStack)
                  00003dd4    00000004     empty_pem4f.oem4f (.text:xdc_runtime_System_Module_GateProxy_leave__E)
                  00003dd8    00000084     sysbios.aem4f : BIOS.obj (.text:ti_sysbios_family_arm_m3_Hwi_postInit__I)
                  00003e5c    0000007a     rtsv7M4_T_le_v4SPD16_eabi.lib : memset_t2.asm.obj (.text)
                  00003ed6    00000002     empty_pem4f.oem4f (.text:free)
                  00003ed8    00000074     ti.uia.runtime.aem4f : QueueDescriptor.oem4f (.text:ti_uia_runtime_QueueDescriptor_addToList__E)
                  00003f4c    0000006d     ti.targets.arm.rtsarm.aem4f : System.oem4f (.text:xdc_runtime_System_formatNum__I)
                  00003fb9    00000001     --HOLE-- [fill = 0]
                  00003fba    00000006     driverlib.lib : gpio.obj (.text:GPIOPinWrite)
                  00003fc0    0000006c     sysbios.aem4f : BIOS.obj (.text:ti_sysbios_knl_Swi_restoreHwi__E)
                  0000402c    0000006c     ti.targets.arm.rtsarm.aem4f : Error.oem4f (.text:xdc_runtime_Error_print__E)
                  00004098    0000006c                                 : Memory.oem4f (.text:xdc_runtime_Memory_alloc__E)
                  00004104    00000068     rtsv7M4_T_le_v4SPD16_eabi.lib : copy_decompress_lzss.c.obj (.text:decompress:lzss:__TI_decompress_lzss)
                  0000416c    00000068     main.obj (.text:hardware_init)
                  000041d4    00000066     ti.uia.loggers.aem4f : LoggerStopMode.oem4f (.text:ti_uia_loggers_LoggerStopMode_flush__E)
                  0000423a    00000066     ti.targets.arm.rtsarm.aem4f : Core-mem.oem4f (.text:xdc_runtime_Core_deleteObject__I)
                  000042a0    00000064     sysbios.aem4f : BIOS.obj (.text:ti_sysbios_family_arm_lm4_Timer_Module_startup__E)
                  00004304    00000060     driverlib.lib : timer.obj (.text:TimerConfigure)
                  00004364    00000004     ti.targets.arm.rtsarm.aem4f : System.oem4f (.text:xdc_runtime_System_aprintf_va__F)
                  00004368    00000060     sysbios.aem4f : BIOS.obj (.text:ti_sysbios_family_arm_lm4_Timer_isrStub__E)
                  000043c8    00000060                   : BIOS.obj (.text:ti_sysbios_knl_Clock_logTick__E)
                  00004428    00000060                   : BIOS.obj (.text:ti_sysbios_utils_Load_logCPULoad__I)
                  00004488    0000005c                   : BIOS.obj (.text:ti_sysbios_knl_Swi_schedule__I)
                  000044e4    00000004     ti.targets.arm.rtsarm.aem4f : System.oem4f (.text:xdc_runtime_System_printf_va__F)
                  000044e8    0000005c     sysbios.aem4f : BIOS.obj (.text:ti_sysbios_knl_Task_Module_startup__E)
                  00004544    0000005b     ti.targets.arm.rtsarm.aem4f : Text.oem4f (.text:xdc_runtime_Text_putLab__E)
                  0000459f    00000001     --HOLE-- [fill = 0]
                  000045a0    00000058     boot.aem4f : boot.oem4f (.text)
                  000045f8    00000058     rtsv7M4_T_le_v4SPD16_eabi.lib : hostwrite.c.obj (.text:HOSTwrite)
                  00004650    00000058     sysbios.aem4f : m3_Hwi_asm_switch.obj (.text:ti_sysbios_family_arm_m3_Hwi_initStacks__E)
                  000046a8    00000058     empty_pem4f.oem4f (.text:xdc_runtime_HeapStd_Object__create__S)
                  00004700    00000054     ti.targets.arm.rtsarm.aem4f : Assert.oem4f (.text:xdc_runtime_Assert_raise__I)
                  00004754    00000002     rtsv7M4_T_le_v4SPD16_eabi.lib : div0.asm.obj (.text)
                  00004756    00000002     empty_pem4f.oem4f (.text:ti_sysbios_BIOS_nullFunc__I)
                  00004758    00000050     sysbios.aem4f : BIOS.obj (.text:ti_sysbios_family_arm_m3_Hwi_Module_startup__E)
                  000047a8    00000050     ti.targets.arm.rtsarm.aem4f : Startup.oem4f (.text:xdc_runtime_Startup_exec__E)
                  000047f8    00000050                                 : Text.oem4f (.text:xdc_runtime_Text_visitRope2__I)
                  00004848    0000004c     rtsv7M4_T_le_v4SPD16_eabi.lib : cpy_tbl.c.obj (.text:copy_in)
                  00004894    00000002     empty_pem4f.oem4f (.text:ti_uia_loggers_LoggerStopMode_setFilterLevel__E)
                  00004896    00000002     ti.uia.loggers.aem4f : LoggerStopMode.oem4f (.text:ti_uia_loggers_LoggerStopMode_setPriority__E)
                  00004898    0000004c     sysbios.aem4f : BIOS.obj (.text:ti_sysbios_knl_Swi_runLoop__I)
                  000048e4    00000002     empty_pem4f.oem4f (.text:xdc_runtime_Startup_reset__I)
                  000048e6    00000002     --HOLE-- [fill = 0]
                  000048e8    0000004c     sysbios.aem4f : BIOS.obj (.text:ti_sysbios_knl_Task_allBlockedFunction__I)
                  00004934    0000004c     ti.uia.loggers.aem4f : LoggerStopMode.oem4f (.text:ti_uia_loggers_LoggerStopMode_Module_startup__E)
                  00004980    00000048     sysbios.aem4f : BIOS.obj (.text:ti_sysbios_family_arm_m3_Hwi_disableInterrupt__E)
                  000049c8    00000048                   : BIOS.obj (.text:ti_sysbios_family_arm_m3_Hwi_enableInterrupt__E)
                  00004a10    00000048                   : BIOS.obj (.text:ti_sysbios_family_arm_m3_Hwi_excReserved__I)
                  00004a58    00000046     ti.targets.arm.rtsarm.aem4f : Core-params.oem4f (.text:xdc_runtime_Core_assignParams__I)
                  00004a9e    00000002     --HOLE-- [fill = 0]
                  00004aa0    00000044     sysbios.aem4f : BIOS.obj (.text:ti_sysbios_family_arm_lm4_Timer_stop__E)
                  00004ae4    00000004     --HOLE-- [fill = 0]
                  00004ae8    00000044                   : BIOS.obj (.text:ti_sysbios_family_arm_m3_Hwi_getStackInfo__E)
                  00004b2c    00000044     ti.uia.loggers.aem4f : LoggerStopMode.oem4f (.text:ti_uia_loggers_LoggerStopMode_initBuffer__I)
                  00004b70    00000044     ti.targets.arm.rtsarm.aem4f : Error.oem4f (.text:xdc_runtime_Error_setX__E)
                  00004bb4    00000044                                 : SysMin.oem4f (.text:xdc_runtime_SysMin_flush__E)
                  00004bf8    00000044                                 : Text.oem4f (.text:xdc_runtime_Text_xprintf__I)
                  00004c3c    00000040     rtsv7M4_T_le_v4SPD16_eabi.lib : u_divt2.asm.obj (.text)
                  00004c7c    00000004     --HOLE-- [fill = 0]
                  00004c80    00000040     sysbios.aem4f : BIOS.obj (.text:ti_sysbios_family_arm_lm4_Timer_startup__E)
                  00004cc0    0000003c                   : BIOS.obj (.text:ti_sysbios_family_arm_m3_Hwi_excSvCall__I)
                  00004cfc    00000004     --HOLE-- [fill = 0]
                  00004d00    0000003c                   : BIOS.obj (.text:ti_sysbios_heaps_HeapMem_init__I)
                  00004d3c    00000004     --HOLE-- [fill = 0]
                  00004d40    0000003c                   : BIOS.obj (.text:ti_sysbios_knl_Swi_startup__E)
                  00004d7c    00000038     rtsv7M4_T_le_v4SPD16_eabi.lib : trgmsg.c.obj (.text:__TI_writemsg)
                  00004db4    00000004     --HOLE-- [fill = 0]
                  00004db8    00000038     sysbios.aem4f : BIOS.obj (.text:ti_sysbios_family_arm_m3_Hwi_excNoIsr__I)
                  00004df0    00000038                   : BIOS.obj (.text:ti_sysbios_knl_Task_processVitalTaskFlag__I)
                  00004e28    00000038     ti.targets.arm.rtsarm.aem4f : SysMin.oem4f (.text:xdc_runtime_SysMin_putch__E)
                  00004e60    00000038                                 : System.oem4f (.text:xdc_runtime_System_atexit__E)
                  00004e98    00000034     driverlib.lib : sysctl.obj (.text:SysCtlPeripheralEnable)
                  00004ecc    00000034     rtsv7M4_T_le_v4SPD16_eabi.lib : trgmsg.c.obj (.text:__TI_readmsg)
                  00004f00    00000034     sysbios.aem4f : BIOS.obj (.text:ti_sysbios_family_arm_m3_Hwi_excNmi__I)
                  00004f34    00000004     --HOLE-- [fill = 0]
                  00004f38    00000034                   : BIOS.obj (.text:ti_sysbios_hal_Hwi_checkStack)
                  00004f6c    00000034     ti.uia.loggers.aem4f : LoggerStopMode.oem4f (.text:ti_uia_loggers_LoggerStopMode_reset__E)
                  00004fa0    00000034     ti.targets.arm.rtsarm.aem4f : Core-label.oem4f (.text:xdc_runtime_Core_assignLabel__I)
                  00004fd4    00000033                                 : Text.oem4f (.text:xdc_runtime_Text_printVisFxn__I)
                  00005007    00000001     --HOLE-- [fill = 0]
                  00005008    00000032     sysbios.aem4f : BIOS.obj (.text:ti_sysbios_hal_Hwi_initStack)
                  0000503a    00000006     driverlib.lib : sysctl.obj (.text:SysCtlDelay)
                  00005040    00000032     sysbios.aem4f : BIOS.obj (.text:ti_sysbios_knl_Semaphore_pendTimeout__I)
                  00005072    00000002     --HOLE-- [fill = 0]
                  00005074    00000030     empty_pem4f.oem4f (.text:ti_sysbios_BIOS_atExitFunc__I)
                  000050a4    00000004     --HOLE-- [fill = 0]
                  000050a8    00000030     sysbios.aem4f : BIOS.obj (.text:ti_sysbios_family_arm_m3_TaskSupport_start__E)
                  000050d8    00000030     empty_pem4f.oem4f (.text:ti_sysbios_gates_GateHwi_Object__create__S)
                  00005108    00000030     empty_pem4f.oem4f (.text:ti_sysbios_gates_GateMutex_Object__create__S)
                  00005138    00000030     empty_pem4f.oem4f (.text:ti_sysbios_knl_Semaphore_construct)
                  00005168    00000030     sysbios.aem4f : BIOS.obj (.text:ti_sysbios_utils_Load_updateCurrentThreadTime__E)
                  00005198    00000030     empty_pem4f.oem4f (.text:ti_uia_loggers_LoggerStopMode_Object__create__S)
                  000051c8    00000030     ti.targets.arm.rtsarm.aem4f : SysMin.oem4f (.text:xdc_runtime_SysMin_abort__E)
                  000051f8    00000030                                 : System.oem4f (.text:xdc_runtime_System_processAtExit__E)
                  00005228    0000002c     empty_pem4f.oem4f (.text:ti_sysbios_knl_Clock_doTick__I)
                  00005254    0000002c     empty_pem4f.oem4f (.text:ti_sysbios_knl_Queue_construct)
                  00005280    0000002c     sysbios.aem4f : BIOS.obj (.text:ti_sysbios_knl_Task_restore__E)
                  000052ac    0000002c     ti.targets.arm.rtsarm.aem4f : Text.oem4f (.text:xdc_runtime_Text_cordText__E)
                  000052d8    0000002a     driverlib.lib : gpio.obj (.text:GPIODirModeSet)
                  00005302    0000002a     ti.targets.arm.rtsarm.aem4f : System.oem4f (.text:xdc_runtime_System_putchar__I)
                  0000532c    00000004     --HOLE-- [fill = 0]
                  00005330    00000028     sysbios.aem4f : BIOS.obj (.text:ti_sysbios_knl_Swi_Module_startup__E)
                  00005358    00000026                   : m3_Hwi_asm.obj (.text:ti_sysbios_family_arm_m3_Hwi_pendSV__I)
                  0000537e    00000026     ti.targets.arm.rtsarm.aem4f : System.oem4f (.text:xdc_runtime_System_avprintf__E)
                  000053a4    00000024     empty_pem4f.oem4f (.text:ti_sysbios_BIOS_registerRTSLock__I)
                  000053c8    00000024     empty_pem4f.oem4f (.text:ti_sysbios_BIOS_removeRTSLock__I)
                  000053ec    00000024     empty_pem4f.oem4f (.text:ti_sysbios_BIOS_startFunc__I)
                  00005410    00000024     sysbios.aem4f : BIOS.obj (.text:ti_sysbios_family_arm_m3_Hwi_doTaskRestore__I)
                  00005434    00000024     empty_pem4f.oem4f (.text:ti_sysbios_gates_GateMutex_Object__delete__S)
                  00005458    00000024     sysbios.aem4f : BIOS.obj (.text:ti_sysbios_knl_Clock_Module_startup__E)
                  0000547c    00000024     ti.targets.arm.rtsarm.aem4f : System.oem4f (.text:xdc_runtime_System_vprintf__E)
                  000054a0    00000022     sysbios.aem4f : BIOS.obj (.text:ti_sysbios_family_arm_lm4_Timer_write__I)
                  000054c2    00000022     empty_pem4f.oem4f (.text:xdc_runtime_SysMin_output__I)
                  000054e4    00000020     empty_pem4f.oem4f (.text:ti_sysbios_BIOS_rtsLock__I)
                  00005504    00000020     sysbios.aem4f : m3_Hwi_asm.obj (.text:ti_sysbios_family_arm_m3_Hwi_excHandlerAsm__I)
                  00005524    00000004     --HOLE-- [fill = 0]
                  00005528    00000020                   : BIOS.obj (.text:ti_sysbios_family_arm_m3_Hwi_excHandler__I)
                  00005548    00000020     empty_pem4f.oem4f (.text:ti_sysbios_gates_GateHwi_Object__delete__S)
                  00005568    00000020     sysbios.aem4f : BIOS.obj (.text:ti_sysbios_knl_Idle_run__E)
                  00005588    00000020     empty_pem4f.oem4f (.text:ti_sysbios_knl_Semaphore_Object__destruct__S)
                  000055a8    00000020     empty_pem4f.oem4f (.text:ti_uia_loggers_LoggerStopMode_Object__delete__S)
                  000055c8    00000020     ti.targets.arm.rtsarm.aem4f : Registry.oem4f (.text:xdc_runtime_Registry_findById__E)
                  000055e8    00000020                                 : SysMin.oem4f (.text:xdc_runtime_SysMin_Module_startup__E)
                  00005608    0000001e     empty_pem4f.oem4f (.text:ti_sysbios_BIOS_errorRaiseHook__I)
                  00005626    0000001e     sysbios.aem4f : m3_Hwi_asm_switch.obj (.text:ti_sysbios_family_xxx_Hwi_switchAndRunFunc)
                  00005644    0000001c     main.obj (.text:Timer_ISR)
                  00005660    0000001c     sysbios.aem4f : BIOS.obj (.text:ti_sysbios_gates_GateMutex_Instance_init__E)
                  0000567c    0000001c     empty_pem4f.oem4f (.text:ti_sysbios_knl_Queue_Object__destruct__S)
                  00005698    0000001c     sysbios.aem4f : BIOS.obj (.text:ti_sysbios_knl_Task_enter__I)
                  000056b4    0000001c     ti.uia.loggers.aem4f : LoggerStopMode.oem4f (.text:ti_uia_loggers_LoggerStopMode_Instance_init__E)
                  000056d0    0000001c     ti.targets.arm.rtsarm.aem4f : Error.oem4f (.text:xdc_runtime_Error_raiseX__E)
                  000056ec    0000001c     empty_pem4f.oem4f (.text:xdc_runtime_HeapStd_Object__delete__S)
                  00005708    0000001c     ti.targets.arm.rtsarm.aem4f : Memory.oem4f (.text:xdc_runtime_Memory_valloc__E)
                  00005724    0000001c                                 : SysMin.oem4f (.text:xdc_runtime_SysMin_exit__E)
                  00005740    0000001c                                 : System.oem4f (.text:xdc_runtime_System_abort__E)
                  0000575c    0000001a     empty_pem4f.oem4f (.text:ti_sysbios_family_arm_m3_Hwi_Handle__label__S)
                  00005776    0000001a     empty_pem4f.oem4f (.text:ti_sysbios_gates_GateHwi_Handle__label__S)
                  00005790    0000001a     empty_pem4f.oem4f (.text:ti_sysbios_gates_GateMutex_Handle__label__S)
                  000057aa    0000001a     empty_pem4f.oem4f (.text:ti_sysbios_knl_Swi_Handle__label__S)
                  000057c4    0000001a     empty_pem4f.oem4f (.text:ti_sysbios_knl_Task_Handle__label__S)
                  000057de    0000001a     empty_pem4f.oem4f (.text:ti_uia_loggers_LoggerStopMode_Handle__label__S)
                  000057f8    0000001a     empty_pem4f.oem4f (.text:xdc_runtime_HeapStd_Handle__label__S)
                  00005812    0000001a     empty_pem4f.oem4f (.text:xdc_runtime_System_aprintf__E)
                  0000582c    0000001a     empty_pem4f.oem4f (.text:xdc_runtime_System_printf__E)
                  00005846    00000018     driverlib.lib : gpio.obj (.text:GPIOPinTypeGPIOOutput)
                  0000585e    00000002     --HOLE-- [fill = 0]
                  00005860    00000018     rtsv7M4_T_le_v4SPD16_eabi.lib : args_main.c.obj (.text:_args_main)
                  00005878    00000018     empty_pem4f.oem4f (.text:ti_sysbios_BIOS_rtsUnlock__I)
                  00005890    00000018     empty_pem4f.oem4f (.text:ti_sysbios_family_arm_lm4_Timer_Module__startupDone__F)
                  000058a8    00000018     empty_pem4f.oem4f (.text:ti_sysbios_family_arm_m3_Hwi_Module__startupDone__F)
                  000058c0    00000018     sysbios.aem4f : m3_TaskSupport_asm.obj (.text:ti_sysbios_family_arm_m3_TaskSupport_swap__E)
                  000058d8    00000018                   : BIOS.obj (.text:ti_sysbios_gates_GateMutex_leave__E)
                  000058f0    00000018     ti.targets.arm.rtsarm.aem4f : Error.oem4f (.text:xdc_runtime_Error_check__E)
                  00005908    00000018                                 : System.oem4f (.text:xdc_runtime_System_exit__E)
                  00005920    00000018                                 : Text.oem4f (.text:xdc_runtime_Text_ropeText__E)
                  00005938    00000016     empty_pem4f.oem4f (.text:ti_sysbios_BIOS_exitFunc__I)
                  0000594e    00000016     ti.uia.loggers.aem4f : LoggerStopMode.oem4f (.text:ti_uia_loggers_LoggerStopMode_disable__E)
                  00005964    00000016                          : LoggerStopMode.oem4f (.text:ti_uia_loggers_LoggerStopMode_enable__E)
                  0000597a    00000014     rtsv7M4_T_le_v4SPD16_eabi.lib : strlen.c.obj (.text:strlen)
                  0000598e    00000002     --HOLE-- [fill = 0]
                  00005990    00000014     empty_pem4f.oem4f (.text:ti_sysbios_family_arm_m3_Hwi_Object__get__S)
                  000059a4    00000004     --HOLE-- [fill = 0]
                  000059a8    00000014     sysbios.aem4f : BIOS.obj (.text:ti_sysbios_family_arm_m3_Hwi_switchFromBootStack__E)
                  000059bc    00000014     empty_pem4f.oem4f (.text:ti_sysbios_knl_Swi_Object__get__S)
                  000059d0    00000012     driverlib.lib : timer.obj (.text:TimerLoadSet)
                  000059e2    00000006     Boot.aem4f : Boot_sysctl.oem4f (.text:ti_catalog_arm_cortexm4_tiva_ce_Boot_sysCtlDelayI__I)
                  000059e8    00000012     sysbios.aem4f : BIOS.obj (.text:ti_sysbios_hal_Hwi_Module_startup__E)
                  000059fa    00000012     empty_pem4f.oem4f (.text:xdc_runtime_Startup_exec__I)
                  00005a0c    00000004     --HOLE-- [fill = 0]
                  00005a10    00000010     sysbios.aem4f : BIOS.obj (.text:ti_sysbios_BIOS_getCpuFreq__E)
                  00005a20    00000010                   : BIOS.obj (.text:ti_sysbios_BIOS_setThreadType__E)
                  00005a30    00000010                   : BIOS.obj (.text:ti_sysbios_BIOS_start__E)
                  00005a40    00000010                   : BIOS.obj (.text:ti_sysbios_family_arm_lm4_TimestampProvider_rolloverFunc__E)
                  00005a50    00000010                   : m3_TaskSupport_asm.obj (.text:ti_sysbios_family_arm_m3_TaskSupport_glue)
                  00005a60    00000010                   : BIOS.obj (.text:ti_sysbios_gates_GateMutex_Instance_finalize__E)
                  00005a70    00000010     empty_pem4f.oem4f (.text:ti_sysbios_heaps_HeapMem_Object__get__S)
                  00005a80    00000010     sysbios.aem4f : BIOS.obj (.text:ti_sysbios_knl_Semaphore_Instance_finalize__E)
                  00005a90    00000010                   : BIOS.obj (.text:ti_sysbios_knl_Swi_disable__E)
                  00005aa0    00000010     empty_pem4f.oem4f (.text:ti_sysbios_knl_Task_Object__get__S)
                  00005ab0    00000010     sysbios.aem4f : BIOS.obj (.text:ti_sysbios_knl_Task_disable__E)
                  00005ac0    00000010     empty_pem4f.oem4f (.text:ti_uia_loggers_LoggerStopMode_Object__get__S)
                  00005ad0    00000010     ti.uia.loggers.aem4f : LoggerStopMode.oem4f (.text:ti_uia_loggers_LoggerStopMode_isEmpty__E)
                  00005ae0    00000010     ti.targets.arm.rtsarm.aem4f : Gate.oem4f (.text:xdc_runtime_Gate_leaveSystem__E)
                  00005af0    00000010                                 : Memory.oem4f (.text:xdc_runtime_Memory_free__E)
                  00005b00    00000010                                 : SysMin.oem4f (.text:xdc_runtime_SysMin_ready__E)
                  00005b10    00000010                                 : System.oem4f (.text:xdc_runtime_System_vsnprintf__E)
                  00005b20    00000010     empty_pem4f.oem4f (.text:xdc_runtime_Text_visitRope__I)
                  00005b30    0000000e     driverlib.lib : timer.obj (.text:TimerEnable)
                  00005b3e    0000000e     rtsv7M4_T_le_v4SPD16_eabi.lib : copy_decompress_none.c.obj (.text:decompress:none:__TI_decompress_none)
                  00005b4c    00000004     --HOLE-- [fill = 0]
                  00005b50    0000000e     sysbios.aem4f : BIOS.obj (.text:ti_sysbios_knl_Idle_loop__E)
                  00005b5e    00000002     --HOLE-- [fill = 0]
                  00005b60    0000000e                   : BIOS.obj (.text:ti_sysbios_knl_Queue_empty__E)
                  00005b6e    0000000e     ti.targets.arm.rtsarm.aem4f : HeapStd.oem4f (.text:xdc_runtime_HeapStd_getStats__E)
                  00005b7c    0000000c     empty_pem4f.oem4f (.text:.bootCodeSection:ti_catalog_arm_cortexm4_tiva_ce_Boot_init__I)
                  00005b88    0000000c     rtsv7M4_T_le_v4SPD16_eabi.lib : _lock.c.obj (.text:_register_lock)
                  00005b94    0000000c                                   : _lock.c.obj (.text:_register_unlock)
                  00005ba0    0000000c                                   : copy_zero_init.c.obj (.text:decompress:ZI:__TI_zero_init)
                  00005bac    0000000c     main.obj (.text:main)
                  00005bb8    0000000c     sysbios.aem4f : BIOS.obj (.text:ti_sysbios_family_arm_lm4_Timer_getMaxTicks__E)
                  00005bc4    00000004     --HOLE-- [fill = 0]
                  00005bc8    0000000c                   : BIOS.obj (.text:ti_sysbios_family_arm_lm4_TimestampProvider_startTimer__E)
                  00005bd4    00000004     --HOLE-- [fill = 0]
                  00005bd8    0000000c                   : BIOS.obj (.text:ti_sysbios_family_arm_m3_Hwi_disableFxn__E)
                  00005be4    00000004     --HOLE-- [fill = 0]
                  00005be8    0000000c                   : BIOS.obj (.text:ti_sysbios_family_arm_m3_TaskSupport_checkStack__E)
                  00005bf4    00000004     --HOLE-- [fill = 0]
                  00005bf8    0000000c                   : BIOS.obj (.text:ti_sysbios_gates_GateHwi_enter__E)
                  00005c04    0000000c     empty_pem4f.oem4f (.text:ti_sysbios_knl_Queue_Object__get__S)
                  00005c10    0000000c     ti.targets.arm.rtsarm.aem4f : Error.oem4f (.text:xdc_runtime_Error_init__E)
                  00005c1c    0000000c                                 : Gate.oem4f (.text:xdc_runtime_Gate_enterSystem__E)
                  00005c28    0000000c                                 : Memory.oem4f (.text:xdc_runtime_Memory_calloc__E)
                  00005c34    0000000c                                 : Memory.oem4f (.text:xdc_runtime_Memory_getMaxDefaultTypeAlign__E)
                  00005c40    0000000a     empty_pem4f.oem4f (.text:xdc_runtime_IHeap_alloc)
                  00005c4a    0000000a     empty_pem4f.oem4f (.text:xdc_runtime_IHeap_free)
                  00005c54    00000008     driverlib.lib : timer.obj (.text:TimerIntEnable)
                  00005c5c    00000008     sysbios.aem4f : BIOS.obj (.text:ti_sysbios_family_arm_lm4_Timer_masterDisable__I)
                  00005c64    00000004     --HOLE-- [fill = 0]
                  00005c68    00000008                   : BIOS.obj (.text:ti_sysbios_family_arm_m3_Hwi_doSwiRestore__I)
                  00005c70    00000008                   : BIOS.obj (.text:ti_sysbios_family_arm_m3_Hwi_startup__E)
                  00005c78    00000006                   : BIOS.obj (.text:ti_sysbios_family_arm_lm4_TimestampProvider_Module_startup__E)
                  00005c7e    00000002     --HOLE-- [fill = 0]
                  00005c80    00000006                   : BIOS.obj (.text:ti_sysbios_family_arm_m3_Hwi_restoreFxn__E)
                  00005c86    00000002     --HOLE-- [fill = 0]
                  00005c88    00000006                   : BIOS.obj (.text:ti_sysbios_gates_GateHwi_leave__E)
                  00005c8e    00000002     --HOLE-- [fill = 0]
                  00005c90    00000006                   : BIOS.obj (.text:ti_sysbios_knl_Queue_Instance_init__E)
                  00005c96    00000006     ti.targets.arm.rtsarm.aem4f : System.oem4f (.text:xdc_runtime_System_Module_startup__E)
                  00005c9c    00000004     --HOLE-- [fill = 0]
                  00005ca0    00000004     sysbios.aem4f : BIOS.obj (.text:ti_sysbios_family_arm_lm4_Timer_getPeriod__E)
                  00005ca4    00000004     --HOLE-- [fill = 0]
                  00005ca8    00000004                   : BIOS.obj (.text:ti_sysbios_gates_GateHwi_query__E)
                  00005cac    00000004     --HOLE-- [fill = 0]
                  00005cb0    00000004                   : BIOS.obj (.text:ti_sysbios_gates_GateMutex_query__E)
                  00005cb4    00000004     --HOLE-- [fill = 0]
                  00005cb8    00000004                   : BIOS.obj (.text:ti_sysbios_knl_Task_startup__E)
                  00005cbc    00000004     --HOLE-- [fill = 0]
                  00005cc0    00000002                   : BIOS.obj (.text:ti_sysbios_gates_GateHwi_Instance_init__E)

.const     0    00005cc4    000026da     
                  00005cc4    00001fbf     empty_pem4f.oem4f (.const:xdc_runtime_Text_charTab__A)
                  00007c83    00000001     empty_pem4f.oem4f (.const:xdc_runtime_Error_policy__C)
                  00007c84    00000108     empty_pem4f.oem4f (.const:xdc_runtime_Text_nodeTab__A)
                  00007d8c    0000006c     driverlib.lib : sysctl.obj (.const:g_pui32Xtals)
                  00007df8    00000060     empty_pem4f.oem4f (.const:ti_uia_loggers_LoggerStopMode_Module__FXNS__C)
                  00007e58    00000048     empty_pem4f.oem4f (.const:.string)
                  00007ea0    00000028     empty_pem4f.oem4f (.const:ti_uia_loggers_LoggerStopMode_Object__PARAMS__C)
                  00007ec8    00000028     empty_pem4f.oem4f (.const:xdc_runtime_HeapStd_Module__FXNS__C)
                  00007ef0    00000028     empty_pem4f.oem4f (.const:xdc_runtime_Startup_sfxnTab__A)
                  00007f18    00000024     empty_pem4f.oem4f (.const:ti_sysbios_gates_GateHwi_Module__FXNS__C)
                  00007f3c    00000024     empty_pem4f.oem4f (.const:ti_sysbios_gates_GateMutex_Module__FXNS__C)
                  00007f60    00000024     empty_pem4f.oem4f (.const:ti_sysbios_knl_Semaphore_Object__PARAMS__C)
                  00007f84    00000020     empty_pem4f.oem4f (.const:ti_sysbios_gates_GateHwi_Object__DESC__C)
                  00007fa4    00000020     empty_pem4f.oem4f (.const:ti_sysbios_gates_GateMutex_Object__DESC__C)
                  00007fc4    00000020     empty_pem4f.oem4f (.const:ti_sysbios_knl_Queue_Object__DESC__C)
                  00007fe4    00000020     empty_pem4f.oem4f (.const:ti_sysbios_knl_Semaphore_Object__DESC__C)
                  00008004    00000020     empty_pem4f.oem4f (.const:ti_uia_loggers_LoggerStopMode_Object__DESC__C)
                  00008024    00000020     empty_pem4f.oem4f (.const:xdc_runtime_HeapStd_Object__DESC__C)
                  00008044    0000001c     empty_pem4f.oem4f (.const:xdc_runtime_HeapStd_Object__PARAMS__C)
                  00008060    00000018     empty_pem4f.oem4f (.const:ti_sysbios_gates_GateHwi_Object__PARAMS__C)
                  00008078    00000018     empty_pem4f.oem4f (.const:ti_sysbios_gates_GateMutex_Object__PARAMS__C)
                  00008090    00000018     empty_pem4f.oem4f (.const:ti_sysbios_knl_Queue_Object__PARAMS__C)
                  000080a8    00000014     empty_pem4f.oem4f (.const:xdc_runtime_Startup_firstFxns__A)
                  000080bc    00000014     empty_pem4f.oem4f (.const:xdc_runtime_Startup_sfxnRts__A)
                  000080d0    00000008     empty_pem4f.oem4f (.const)
                  000080d8    00000008     empty_pem4f.oem4f (.const:ti_sysbios_family_arm_m3_Hwi_excHookFuncs__A)
                  000080e0    00000008     empty_pem4f.oem4f (.const:ti_sysbios_knl_Idle_funcList__A)
                  000080e8    00000008     empty_pem4f.oem4f (.const:ti_sysbios_knl_Idle_funcList__C)
                  000080f0    00000008     empty_pem4f.oem4f (.const:xdc_runtime_Startup_firstFxns__C)
                  000080f8    00000008     empty_pem4f.oem4f (.const:xdc_runtime_Startup_lastFxns__C)
                  00008100    00000004     empty_pem4f.oem4f (.const:ti_catalog_arm_cortexm4_tiva_ce_Boot_A_mustUseEnhancedClockMode__C)
                  00008104    00000004     empty_pem4f.oem4f (.const:ti_catalog_arm_cortexm4_tiva_ce_Boot_Module__diagsEnabled__C)
                  00008108    00000004     empty_pem4f.oem4f (.const:ti_catalog_arm_cortexm4_tiva_ce_Boot_Module__diagsIncluded__C)
                  0000810c    00000004     empty_pem4f.oem4f (.const:ti_catalog_arm_cortexm4_tiva_ce_Boot_Module__diagsMask__C)
                  00008110    00000004     empty_pem4f.oem4f (.const:ti_sysbios_family_arm_lm4_Timer_enableFunc__C)
                  00008114    00000004     empty_pem4f.oem4f (.const:ti_sysbios_family_arm_lm4_Timer_numTimerDevices__C)
                  00008118    00000004     empty_pem4f.oem4f (.const:ti_sysbios_family_arm_lm4_Timer_startupNeeded__C)
                  0000811c    00000004     empty_pem4f.oem4f (.const:ti_sysbios_family_arm_m3_Hwi_E_NMI__C)
                  00008120    00000004     empty_pem4f.oem4f (.const:ti_sysbios_family_arm_m3_Hwi_E_busFault__C)
                  00008124    00000004     empty_pem4f.oem4f (.const:ti_sysbios_family_arm_m3_Hwi_E_debugMon__C)
                  00008128    00000004     empty_pem4f.oem4f (.const:ti_sysbios_family_arm_m3_Hwi_E_hardFault__C)
                  0000812c    00000004     empty_pem4f.oem4f (.const:ti_sysbios_family_arm_m3_Hwi_E_memFault__C)
                  00008130    00000004     empty_pem4f.oem4f (.const:ti_sysbios_family_arm_m3_Hwi_E_noIsr__C)
                  00008134    00000004     empty_pem4f.oem4f (.const:ti_sysbios_family_arm_m3_Hwi_E_reserved__C)
                  00008138    00000004     empty_pem4f.oem4f (.const:ti_sysbios_family_arm_m3_Hwi_E_svCall__C)
                  0000813c    00000004     empty_pem4f.oem4f (.const:ti_sysbios_family_arm_m3_Hwi_E_usageFault__C)
                  00008140    00000004     empty_pem4f.oem4f (.const:ti_sysbios_family_arm_m3_Hwi_LD_end__C)
                  00008144    00000004     empty_pem4f.oem4f (.const:ti_sysbios_family_arm_m3_Hwi_LM_begin__C)
                  00008148    00000004     empty_pem4f.oem4f (.const:ti_sysbios_family_arm_m3_Hwi_Module__diagsEnabled__C)
                  0000814c    00000004     empty_pem4f.oem4f (.const:ti_sysbios_family_arm_m3_Hwi_Module__diagsIncluded__C)
                  00008150    00000004     empty_pem4f.oem4f (.const:ti_sysbios_family_arm_m3_Hwi_Module__diagsMask__C)
                  00008154    00000004     empty_pem4f.oem4f (.const:ti_sysbios_family_arm_m3_Hwi_Module__loggerFxn1__C)
                  00008158    00000004     empty_pem4f.oem4f (.const:ti_sysbios_family_arm_m3_Hwi_Module__loggerFxn8__C)
                  0000815c    00000004     empty_pem4f.oem4f (.const:ti_sysbios_family_arm_m3_Hwi_Module__loggerObj__C)
                  00008160    00000004     empty_pem4f.oem4f (.const:ti_sysbios_family_arm_m3_Hwi_NUM_INTERRUPTS__C)
                  00008164    00000004     empty_pem4f.oem4f (.const:ti_sysbios_family_arm_m3_Hwi_Object__count__C)
                  00008168    00000004     empty_pem4f.oem4f (.const:ti_sysbios_family_arm_m3_Hwi_ccr__C)
                  0000816c    00000004     empty_pem4f.oem4f (.const:ti_sysbios_family_arm_m3_Hwi_excHandlerFunc__C)
                  00008170    00000004     empty_pem4f.oem4f (.const:ti_sysbios_family_arm_m3_Hwi_excHookFuncs__C)
                  00008174    00000004     empty_pem4f.oem4f (.const:ti_sysbios_family_arm_m3_Hwi_nullIsrFunc__C)
                  00008178    00000004     empty_pem4f.oem4f (.const:ti_sysbios_family_arm_m3_Hwi_priGroup__C)
                  0000817c    00000004     empty_pem4f.oem4f (.const:ti_sysbios_gates_GateMutex_A_badContext__C)
                  00008180    00000004     empty_pem4f.oem4f (.const:ti_sysbios_gates_GateMutex_Instance_State_sem__O)
                  00008184    00000004     empty_pem4f.oem4f (.const:ti_sysbios_gates_GateMutex_Module__diagsEnabled__C)
                  00008188    00000004     empty_pem4f.oem4f (.const:ti_sysbios_gates_GateMutex_Module__diagsIncluded__C)
                  0000818c    00000004     empty_pem4f.oem4f (.const:ti_sysbios_gates_GateMutex_Module__diagsMask__C)
                  00008190    00000004     empty_pem4f.oem4f (.const:ti_sysbios_hal_Hwi_E_stackOverflow__C)
                  00008194    00000004     empty_pem4f.oem4f (.const:ti_sysbios_heaps_HeapMem_Object__count__C)
                  00008198    00000004     empty_pem4f.oem4f (.const:ti_sysbios_knl_Clock_LM_begin__C)
                  0000819c    00000004     empty_pem4f.oem4f (.const:ti_sysbios_knl_Clock_LM_tick__C)
                  000081a0    00000004     empty_pem4f.oem4f (.const:ti_sysbios_knl_Clock_LW_delayed__C)
                  000081a4    00000004     empty_pem4f.oem4f (.const:ti_sysbios_knl_Clock_Module_State_clockQ__O)
                  000081a8    00000004     empty_pem4f.oem4f (.const:ti_sysbios_knl_Clock_Module__diagsEnabled__C)
                  000081ac    00000004     empty_pem4f.oem4f (.const:ti_sysbios_knl_Clock_Module__diagsIncluded__C)
                  000081b0    00000004     empty_pem4f.oem4f (.const:ti_sysbios_knl_Clock_Module__diagsMask__C)
                  000081b4    00000004     empty_pem4f.oem4f (.const:ti_sysbios_knl_Clock_Module__loggerFxn1__C)
                  000081b8    00000004     empty_pem4f.oem4f (.const:ti_sysbios_knl_Clock_Module__loggerFxn2__C)
                  000081bc    00000004     empty_pem4f.oem4f (.const:ti_sysbios_knl_Clock_Module__loggerObj__C)
                  000081c0    00000004     empty_pem4f.oem4f (.const:ti_sysbios_knl_Semaphore_A_badContext__C)
                  000081c4    00000004     empty_pem4f.oem4f (.const:ti_sysbios_knl_Semaphore_A_noEvents__C)
                  000081c8    00000004     empty_pem4f.oem4f (.const:ti_sysbios_knl_Semaphore_A_overflow__C)
                  000081cc    00000004     empty_pem4f.oem4f (.const:ti_sysbios_knl_Semaphore_A_pendTaskDisabled__C)
                  000081d0    00000004     empty_pem4f.oem4f (.const:ti_sysbios_knl_Semaphore_Instance_State_pendQ__O)
                  000081d4    00000004     empty_pem4f.oem4f (.const:ti_sysbios_knl_Semaphore_LM_pend__C)
                  000081d8    00000004     empty_pem4f.oem4f (.const:ti_sysbios_knl_Semaphore_LM_post__C)
                  000081dc    00000004     empty_pem4f.oem4f (.const:ti_sysbios_knl_Semaphore_Module__diagsEnabled__C)
                  000081e0    00000004     empty_pem4f.oem4f (.const:ti_sysbios_knl_Semaphore_Module__diagsIncluded__C)
                  000081e4    00000004     empty_pem4f.oem4f (.const:ti_sysbios_knl_Semaphore_Module__diagsMask__C)
                  000081e8    00000004     empty_pem4f.oem4f (.const:ti_sysbios_knl_Semaphore_Module__loggerFxn2__C)
                  000081ec    00000004     empty_pem4f.oem4f (.const:ti_sysbios_knl_Semaphore_Module__loggerFxn4__C)
                  000081f0    00000004     empty_pem4f.oem4f (.const:ti_sysbios_knl_Semaphore_Module__loggerObj__C)
                  000081f4    00000004     empty_pem4f.oem4f (.const:ti_sysbios_knl_Swi_LD_end__C)
                  000081f8    00000004     empty_pem4f.oem4f (.const:ti_sysbios_knl_Swi_LM_begin__C)
                  000081fc    00000004     empty_pem4f.oem4f (.const:ti_sysbios_knl_Swi_LM_post__C)
                  00008200    00000004     empty_pem4f.oem4f (.const:ti_sysbios_knl_Swi_Module__diagsEnabled__C)
                  00008204    00000004     empty_pem4f.oem4f (.const:ti_sysbios_knl_Swi_Module__diagsIncluded__C)
                  00008208    00000004     empty_pem4f.oem4f (.const:ti_sysbios_knl_Swi_Module__diagsMask__C)
                  0000820c    00000004     empty_pem4f.oem4f (.const:ti_sysbios_knl_Swi_Module__loggerFxn1__C)
                  00008210    00000004     empty_pem4f.oem4f (.const:ti_sysbios_knl_Swi_Module__loggerFxn4__C)
                  00008214    00000004     empty_pem4f.oem4f (.const:ti_sysbios_knl_Swi_Module__loggerObj__C)
                  00008218    00000004     empty_pem4f.oem4f (.const:ti_sysbios_knl_Swi_Object__count__C)
                  0000821c    00000004     empty_pem4f.oem4f (.const:ti_sysbios_knl_Task_E_spOutOfBounds__C)
                  00008220    00000004     empty_pem4f.oem4f (.const:ti_sysbios_knl_Task_E_stackOverflow__C)
                  00008224    00000004     empty_pem4f.oem4f (.const:ti_sysbios_knl_Task_LD_block__C)
                  00008228    00000004     empty_pem4f.oem4f (.const:ti_sysbios_knl_Task_LD_exit__C)
                  0000822c    00000004     empty_pem4f.oem4f (.const:ti_sysbios_knl_Task_LD_ready__C)
                  00008230    00000004     empty_pem4f.oem4f (.const:ti_sysbios_knl_Task_LM_switch__C)
                  00008234    00000004     empty_pem4f.oem4f (.const:ti_sysbios_knl_Task_Module_State_inactiveQ__O)
                  00008238    00000004     empty_pem4f.oem4f (.const:ti_sysbios_knl_Task_Module__diagsEnabled__C)
                  0000823c    00000004     empty_pem4f.oem4f (.const:ti_sysbios_knl_Task_Module__diagsIncluded__C)
                  00008240    00000004     empty_pem4f.oem4f (.const:ti_sysbios_knl_Task_Module__diagsMask__C)
                  00008244    00000004     empty_pem4f.oem4f (.const:ti_sysbios_knl_Task_Module__loggerFxn2__C)
                  00008248    00000004     empty_pem4f.oem4f (.const:ti_sysbios_knl_Task_Module__loggerFxn4__C)
                  0000824c    00000004     empty_pem4f.oem4f (.const:ti_sysbios_knl_Task_Module__loggerObj__C)
                  00008250    00000004     empty_pem4f.oem4f (.const:ti_sysbios_knl_Task_Object__count__C)
                  00008254    00000004     empty_pem4f.oem4f (.const:ti_sysbios_knl_Task_allBlockedFunc__C)
                  00008258    00000004     empty_pem4f.oem4f (.const:ti_sysbios_knl_Task_numConstructedTasks__C)
                  0000825c    00000004     empty_pem4f.oem4f (.const:ti_sysbios_utils_Load_LS_cpuLoad__C)
                  00008260    00000004     empty_pem4f.oem4f (.const:ti_sysbios_utils_Load_Module__diagsEnabled__C)
                  00008264    00000004     empty_pem4f.oem4f (.const:ti_sysbios_utils_Load_Module__diagsIncluded__C)
                  00008268    00000004     empty_pem4f.oem4f (.const:ti_sysbios_utils_Load_Module__diagsMask__C)
                  0000826c    00000004     empty_pem4f.oem4f (.const:ti_sysbios_utils_Load_Module__loggerFxn1__C)
                  00008270    00000004     empty_pem4f.oem4f (.const:ti_sysbios_utils_Load_Module__loggerObj__C)
                  00008274    00000004     empty_pem4f.oem4f (.const:ti_sysbios_utils_Load_postUpdate__C)
                  00008278    00000004     empty_pem4f.oem4f (.const:ti_sysbios_utils_Load_windowInMs__C)
                  0000827c    00000004     empty_pem4f.oem4f (.const:ti_uia_loggers_LoggerStopMode_Module__diagsEnabled__C)
                  00008280    00000004     empty_pem4f.oem4f (.const:ti_uia_loggers_LoggerStopMode_Module__diagsIncluded__C)
                  00008284    00000004     empty_pem4f.oem4f (.const:ti_uia_loggers_LoggerStopMode_Module__diagsMask__C)
                  00008288    00000004     empty_pem4f.oem4f (.const:ti_uia_loggers_LoggerStopMode_Object__count__C)
                  0000828c    00000004     empty_pem4f.oem4f (.const:ti_uia_runtime_ILoggerSnapshot_Interface__BASE__C)
                  00008290    00000004     empty_pem4f.oem4f (.const:ti_uia_runtime_IUIATransfer_Interface__BASE__C)
                  00008294    00000004     empty_pem4f.oem4f (.const:xdc_runtime_Assert_E_assertFailed__C)
                  00008298    00000004     empty_pem4f.oem4f (.const:xdc_runtime_Core_A_initializedParams__C)
                  0000829c    00000004     empty_pem4f.oem4f (.const:xdc_runtime_Core_Module__diagsEnabled__C)
                  000082a0    00000004     empty_pem4f.oem4f (.const:xdc_runtime_Core_Module__diagsIncluded__C)
                  000082a4    00000004     empty_pem4f.oem4f (.const:xdc_runtime_Core_Module__diagsMask__C)
                  000082a8    00000004     empty_pem4f.oem4f (.const:xdc_runtime_Error_E_memory__C)
                  000082ac    00000004     empty_pem4f.oem4f (.const:xdc_runtime_Error_Module__diagsEnabled__C)
                  000082b0    00000004     empty_pem4f.oem4f (.const:xdc_runtime_Error_Module__diagsIncluded__C)
                  000082b4    00000004     empty_pem4f.oem4f (.const:xdc_runtime_Error_Module__diagsMask__C)
                  000082b8    00000004     empty_pem4f.oem4f (.const:xdc_runtime_Error_Module__loggerFxn8__C)
                  000082bc    00000004     empty_pem4f.oem4f (.const:xdc_runtime_Error_Module__loggerObj__C)
                  000082c0    00000004     empty_pem4f.oem4f (.const:xdc_runtime_Error_policyFxn__C)
                  000082c4    00000004     empty_pem4f.oem4f (.const:xdc_runtime_Error_raiseHook__C)
                  000082c8    00000004     empty_pem4f.oem4f (.const:xdc_runtime_HeapStd_A_align__C)
                  000082cc    00000004     empty_pem4f.oem4f (.const:xdc_runtime_HeapStd_A_invalidTotalFreeSize__C)
                  000082d0    00000004     empty_pem4f.oem4f (.const:xdc_runtime_HeapStd_A_zeroSize__C)
                  000082d4    00000004     empty_pem4f.oem4f (.const:xdc_runtime_HeapStd_E_noRTSMemory__C)
                  000082d8    00000004     empty_pem4f.oem4f (.const:xdc_runtime_HeapStd_Module__diagsEnabled__C)
                  000082dc    00000004     empty_pem4f.oem4f (.const:xdc_runtime_HeapStd_Module__diagsIncluded__C)
                  000082e0    00000004     empty_pem4f.oem4f (.const:xdc_runtime_HeapStd_Module__diagsMask__C)
                  000082e4    00000004     empty_pem4f.oem4f (.const:xdc_runtime_IFilterLogger_Interface__BASE__C)
                  000082e8    00000004     empty_pem4f.oem4f (.const:xdc_runtime_IGateProvider_Interface__BASE__C)
                  000082ec    00000004     empty_pem4f.oem4f (.const:xdc_runtime_IHeap_Interface__BASE__C)
                  000082f0    00000004     empty_pem4f.oem4f (.const:xdc_runtime_ILogger_Interface__BASE__C)
                  000082f4    00000004     empty_pem4f.oem4f (.const:xdc_runtime_IModule_Interface__BASE__C)
                  000082f8    00000004     empty_pem4f.oem4f (.const:xdc_runtime_Log_L_error__C)
                  000082fc    00000004     empty_pem4f.oem4f (.const:xdc_runtime_Log_L_info__C)
                  00008300    00000004     empty_pem4f.oem4f (.const:xdc_runtime_Main_Module__diagsEnabled__C)
                  00008304    00000004     empty_pem4f.oem4f (.const:xdc_runtime_Main_Module__diagsIncluded__C)
                  00008308    00000004     empty_pem4f.oem4f (.const:xdc_runtime_Main_Module__diagsMask__C)
                  0000830c    00000004     empty_pem4f.oem4f (.const:xdc_runtime_Main_Module__loggerFxn4__C)
                  00008310    00000004     empty_pem4f.oem4f (.const:xdc_runtime_Main_Module__loggerObj__C)
                  00008314    00000004     empty_pem4f.oem4f (.const:xdc_runtime_Memory_defaultHeapInstance__C)
                  00008318    00000004     empty_pem4f.oem4f (.const:xdc_runtime_Startup_execImpl__C)
                  0000831c    00000004     empty_pem4f.oem4f (.const:xdc_runtime_Startup_lastFxns__A)
                  00008320    00000004     empty_pem4f.oem4f (.const:xdc_runtime_Startup_maxPasses__C)
                  00008324    00000004     empty_pem4f.oem4f (.const:xdc_runtime_Startup_sfxnRts__C)
                  00008328    00000004     empty_pem4f.oem4f (.const:xdc_runtime_Startup_sfxnTab__C)
                  0000832c    00000004     empty_pem4f.oem4f (.const:xdc_runtime_SysMin_bufSize__C)
                  00008330    00000004     empty_pem4f.oem4f (.const:xdc_runtime_SysMin_outputFunc__C)
                  00008334    00000004     empty_pem4f.oem4f (.const:xdc_runtime_System_Module__gateObj__C)
                  00008338    00000004     empty_pem4f.oem4f (.const:xdc_runtime_System_abortFxn__C)
                  0000833c    00000004     empty_pem4f.oem4f (.const:xdc_runtime_System_exitFxn__C)
                  00008340    00000004     empty_pem4f.oem4f (.const:xdc_runtime_System_extendFxn__C)
                  00008344    00000004     empty_pem4f.oem4f (.const:xdc_runtime_System_maxAtexitHandlers__C)
                  00008348    00000004     empty_pem4f.oem4f (.const:xdc_runtime_Text_charTab__C)
                  0000834c    00000004     empty_pem4f.oem4f (.const:xdc_runtime_Text_nameEmpty__C)
                  00008350    00000004     empty_pem4f.oem4f (.const:xdc_runtime_Text_nameStatic__C)
                  00008354    00000004     empty_pem4f.oem4f (.const:xdc_runtime_Text_nameUnknown__C)
                  00008358    00000004     empty_pem4f.oem4f (.const:xdc_runtime_Text_nodeTab__C)
                  0000835c    00000004     empty_pem4f.oem4f (.const:xdc_runtime_Text_visitRopeFxn__C)
                  00008360    00000002     empty_pem4f.oem4f (.const:ti_catalog_arm_cortexm4_tiva_ce_Boot_Module__id__C)
                  00008362    00000002     empty_pem4f.oem4f (.const:ti_sysbios_family_arm_lm4_TimestampProvider_useClockTimer__C)
                  00008364    00000002     empty_pem4f.oem4f (.const:ti_sysbios_family_arm_m3_Hwi_Module__id__C)
                  00008366    00000002     empty_pem4f.oem4f (.const:ti_sysbios_family_arm_m3_Hwi_Module__loggerDefined__C)
                  00008368    00000002     empty_pem4f.oem4f (.const:ti_sysbios_gates_GateMutex_Module__id__C)
                  0000836a    00000002     empty_pem4f.oem4f (.const:ti_sysbios_hal_Hwi_Module__id__C)
                  0000836c    00000002     empty_pem4f.oem4f (.const:ti_sysbios_knl_Clock_Module__id__C)
                  0000836e    00000002     empty_pem4f.oem4f (.const:ti_sysbios_knl_Clock_Module__loggerDefined__C)
                  00008370    00000002     empty_pem4f.oem4f (.const:ti_sysbios_knl_Semaphore_Module__id__C)
                  00008372    00000002     empty_pem4f.oem4f (.const:ti_sysbios_knl_Semaphore_Module__loggerDefined__C)
                  00008374    00000002     empty_pem4f.oem4f (.const:ti_sysbios_knl_Swi_Module__id__C)
                  00008376    00000002     empty_pem4f.oem4f (.const:ti_sysbios_knl_Swi_Module__loggerDefined__C)
                  00008378    00000002     empty_pem4f.oem4f (.const:ti_sysbios_knl_Task_Module__id__C)
                  0000837a    00000002     empty_pem4f.oem4f (.const:ti_sysbios_knl_Task_Module__loggerDefined__C)
                  0000837c    00000002     empty_pem4f.oem4f (.const:ti_sysbios_utils_Load_Module__id__C)
                  0000837e    00000002     empty_pem4f.oem4f (.const:ti_sysbios_utils_Load_Module__loggerDefined__C)
                  00008380    00000002     empty_pem4f.oem4f (.const:ti_sysbios_utils_Load_updateInIdle__C)
                  00008382    00000002     empty_pem4f.oem4f (.const:ti_uia_loggers_LoggerStopMode_Module__id__C)
                  00008384    00000002     empty_pem4f.oem4f (.const:ti_uia_loggers_LoggerStopMode_isTimestampEnabled__C)
                  00008386    00000002     empty_pem4f.oem4f (.const:xdc_runtime_Core_Module__id__C)
                  00008388    00000002     empty_pem4f.oem4f (.const:xdc_runtime_Error_Module__loggerDefined__C)
                  0000838a    00000002     empty_pem4f.oem4f (.const:xdc_runtime_Error_maxDepth__C)
                  0000838c    00000002     empty_pem4f.oem4f (.const:xdc_runtime_HeapStd_Module__id__C)
                  0000838e    00000002     empty_pem4f.oem4f (.const:xdc_runtime_Main_Module__id__C)
                  00008390    00000002     empty_pem4f.oem4f (.const:xdc_runtime_Main_Module__loggerDefined__C)
                  00008392    00000002     empty_pem4f.oem4f (.const:xdc_runtime_Memory_Module__id__C)
                  00008394    00000002     empty_pem4f.oem4f (.const:xdc_runtime_SysMin_flushAtExit__C)
                  00008396    00000002     empty_pem4f.oem4f (.const:xdc_runtime_Text_charCnt__C)
                  00008398    00000002     empty_pem4f.oem4f (.const:xdc_runtime_Text_isLoaded__C)
                  0000839a    00000002     empty_pem4f.oem4f (.const:xdc_runtime_Text_registryModsLastId__C)
                  0000839c    00000002     empty_pem4f.oem4f (.const:xdc_runtime_Text_unnamedModsLastId__C)

.cinit     0    000083a0    00000280     
                  000083a0    00000246     (.cinit..data.load) [load image, compression = lzss]
                  000085e6    00000002     --HOLE-- [fill = 0]
                  000085e8    0000000c     (__TI_handler_table)
                  000085f4    00000004     --HOLE-- [fill = 0]
                  000085f8    00000008     (.cinit..bss.load) [load image, compression = zero_init]
                  00008600    00000008     (.cinit..vecs.load) [load image, compression = zero_init]
                  00008608    00000018     (__TI_cinit_table)

.bss       0    20000380    00001c30     UNINITIALIZED
                  20000380    00000800     empty_pem4f.oem4f (.bss:taskStackSection)
                  20000b80    00000400     (.common:ti_uia_loggers_LoggerStopMode_Instance_State_1_packetArray__A)
                  20000f80    00000400     (.common:ti_uia_loggers_LoggerStopMode_Instance_State_2_packetArray__A)
                  20001380    00000400     (.common:xdc_runtime_SysMin_Module_State_0_outbuf__A)
                  20001780    00000360     (.common:ti_sysbios_family_arm_m3_Hwi_dispatchTable)
                  20001ae0    00000018     main.obj (.bss)
                  20001af8    00000008     (.common:parmbuf)
                  20001b00    00000200     (.common:ti_uia_loggers_LoggerStopMode_Instance_State_0_packetArray__A)
                  20001d00    00000120     rtsv7M4_T_le_v4SPD16_eabi.lib : trgmsg.c.obj (.bss:_CIOBUF_)
                  20001e20    00000060     --HOLE--
                  20001e80    00000030     (.common:ti_uia_loggers_LoggerStopMode_Instance_State_0_hdr__A)
                  20001eb0    00000050     --HOLE--
                  20001f00    00000030     (.common:ti_uia_loggers_LoggerStopMode_Instance_State_1_hdr__A)
                  20001f30    00000050     --HOLE--
                  20001f80    00000030     (.common:ti_uia_loggers_LoggerStopMode_Instance_State_2_hdr__A)

.data      0    20001fb0    000005fc     UNINITIALIZED
                  20001fb0    0000009c     empty_pem4f.oem4f (.data:ti_uia_loggers_LoggerStopMode_Object__table__V)
                  2000204c    00000098     empty_pem4f.oem4f (.data:ti_sysbios_utils_Load_Module__state__V)
                  200020e4    00000080     empty_pem4f.oem4f (.data:ti_sysbios_family_arm_lm4_Timer_Object__table__V)
                  20002164    00000080     empty_pem4f.oem4f (.data:ti_sysbios_knl_Swi_Module_State_0_readyQ__A)
                  200021e4    00000080     empty_pem4f.oem4f (.data:ti_sysbios_knl_Task_Module_State_0_readyQ__A)
                  20002264    00000060     empty_pem4f.oem4f (.data:ti_sysbios_knl_Swi_Object__table__V)
                  200022c4    0000004c     empty_pem4f.oem4f (.data:ti_sysbios_knl_Task_Object__table__V)
                  20002310    00000048     empty_pem4f.oem4f (.data:ti_sysbios_family_arm_m3_Hwi_Object__table__V)
                  20002358    00000044     empty_pem4f.oem4f (.data:ti_sysbios_knl_Task_Module__state__V)
                  2000239c    00000038     empty_pem4f.oem4f (.data:ti_sysbios_gates_GateMutex_Object__table__V)
                  200023d4    00000034     empty_pem4f.oem4f (.data:ti_sysbios_family_arm_m3_Hwi_Module__state__V)
                  20002408    00000030     empty_pem4f.oem4f (.data:ti_sysbios_family_arm_lm4_Timer_Module_State_0_device__A)
                  20002438    0000002c     empty_pem4f.oem4f (.data:ti_sysbios_knl_Clock_Module__state__V)
                  20002464    00000024     empty_pem4f.oem4f (.data:ti_sysbios_BIOS_Module__state__V)
                  20002488    00000020     empty_pem4f.oem4f (.data:xdc_runtime_System_Module_State_0_atexitHandlers__A)
                  200024a8    0000001c     empty_pem4f.oem4f (.data:ti_sysbios_knl_Swi_Module__state__V)
                  200024c4    00000018     empty_pem4f.oem4f (.data:ti_sysbios_family_arm_lm4_Timer_Module_State_0_handles__A)
                  200024dc    0000000c     empty_pem4f.oem4f (.data:ti_sysbios_family_arm_lm4_Timer_Module__state__V)
                  200024e8    0000000c     empty_pem4f.oem4f (.data:ti_sysbios_knl_Task_Module__root__V)
                  200024f4    0000000c     empty_pem4f.oem4f (.data:ti_uia_runtime_QueueDescriptor_Module__state__V)
                  20002500    0000000c     empty_pem4f.oem4f (.data:xdc_runtime_HeapStd_Object__table__V)
                  2000250c    0000000c     empty_pem4f.oem4f (.data:xdc_runtime_SysMin_Module__state__V)
                  20002518    00000008     rtsv7M4_T_le_v4SPD16_eabi.lib : _lock.c.obj (.data:$O1$$)
                  20002520    00000008     ti.uia.runtime.aem4f : QueueDescriptor.oem4f (.data)
                  20002528    00000008     empty_pem4f.oem4f (.data:ti_sysbios_family_arm_lm4_TimestampProvider_Module__state__V)
                  20002530    00000008     empty_pem4f.oem4f (.data:ti_sysbios_gates_GateHwi_Module__root__V)
                  20002538    00000008     empty_pem4f.oem4f (.data:ti_sysbios_gates_GateMutex_Module__root__V)
                  20002540    00000008     empty_pem4f.oem4f (.data:ti_sysbios_hal_Hwi_Object__table__V)
                  20002548    00000008     empty_pem4f.oem4f (.data:ti_sysbios_knl_Queue_Module__root__V)
                  20002550    00000008     empty_pem4f.oem4f (.data:ti_sysbios_knl_Semaphore_Module__root__V)
                  20002558    00000008     empty_pem4f.oem4f (.data:ti_uia_loggers_LoggerStopMode_Module__root__V)
                  20002560    00000008     empty_pem4f.oem4f (.data:xdc_runtime_HeapStd_Module__root__V)
                  20002568    00000008     empty_pem4f.oem4f (.data:xdc_runtime_Registry_Module__state__V)
                  20002570    00000008     empty_pem4f.oem4f (.data:xdc_runtime_Startup_Module__state__V)
                  20002578    00000008     empty_pem4f.oem4f (.data:xdc_runtime_System_Module__state__V)
                  20002580    00000004     rtsv7M4_T_le_v4SPD16_eabi.lib : stkdepth_vars.c.obj (.data)
                  20002584    00000004     empty_pem4f.oem4f (.data:ti_sysbios_family_arm_m3_Hwi_Module_State_0_excContext__A)
                  20002588    00000004     empty_pem4f.oem4f (.data:ti_sysbios_family_arm_m3_Hwi_Module_State_0_excStack__A)
                  2000258c    00000004     empty_pem4f.oem4f (.data:ti_sysbios_gates_GateHwi_Object__table__V)
                  20002590    00000004     empty_pem4f.oem4f (.data:ti_sysbios_knl_Task_Module_State_0_idleTask__A)
                  20002594    00000004     empty_pem4f.oem4f (.data:ti_sysbios_utils_Load_Module_State_0_runningTask__A)
                  20002598    00000004     empty_pem4f.oem4f (.data:ti_sysbios_utils_Load_Module_State_0_taskStartTime__A)
                  2000259c    00000004     empty_pem4f.oem4f (.data:xdc_runtime_HeapStd_Module__state__V)
                  200025a0    00000004     empty_pem4f.oem4f (.data:xdc_runtime_Memory_Module__state__V)
                  200025a4    00000002     main.obj (.data)
                  200025a6    00000002     empty_pem4f.oem4f (.data:ti_sysbios_family_arm_m3_Hwi_Module_State_0_excActive__A)
                  200025a8    00000002     empty_pem4f.oem4f (.data:xdc_runtime_Error_Module__state__V)
                  200025aa    00000002     empty_pem4f.oem4f (.data:xdc_runtime_Main_Module__root__V)

.stack     0    200025b0    00000400     UNINITIALIZED
                  200025b0    00000400     --HOLE--

.bootVecs 
*          0    00000000    00000008     DSECT
                  00000000    00000008     boot.aem4f : boot.oem4f (.bootVecs)

.vecs      0    20000000    00000360     UNINITIALIZED
                  20000000    00000360     empty_pem4f.oem4f (.vecs)

xdc.meta   0    00000000    0000011b     COPY SECTION
                  00000000    0000011b     empty_pem4f.oem4f (xdc.meta)

MODULE SUMMARY

       Module                       code    ro data   rw data
       ------                       ----    -------   -------
    .\
       main.obj                     564     0         26     
    +--+----------------------------+-------+---------+---------+
       Total:                       564     0         26     
                                                             
    C:\Users\The_Wonderer\Google Drive\School\2018_3_Semester_Fall\CPE403\TIVAC_RTOS_ws\blink_TM4C_CLK\Debug\configPkg\package\cfg\
       empty_pem4f.oem4f            3106    9898      9014   
    +--+----------------------------+-------+---------+---------+
       Total:                       3106    9898      9014   
                                                             
    C:/ti/tivaware_c_series_2_1_4_178/driverlib/ccs/Debug/driverlib.lib
       sysctl.obj                   574     108       0      
       gpio.obj                     384     0         0      
       timer.obj                    140     0         0      
    +--+----------------------------+-------+---------+---------+
       Total:                       1098    108       0      
                                                             
    C:\Users\The_Wonderer\Google Drive\School\2018_3_Semester_Fall\CPE403\TIVAC_RTOS_ws\blink_TM4C_CLK\src\sysbios\sysbios.aem4f
       BIOS.obj                     11298   0         0      
       m3_Hwi_asm.obj               314     0         0      
       m3_TaskSupport_asm.obj       180     0         0      
       m3_Hwi_asm_switch.obj        118     0         0      
    +--+----------------------------+-------+---------+---------+
       Total:                       11910   0         0      
                                                             
    C:\ti\ccsv8\tools\compiler\ti-cgt-arm_18.1.4.LTS\lib\rtsv7M4_T_le_v4SPD16_eabi.lib
       trgmsg.c.obj                 108     0         288    
       memcpy_t2.asm.obj            156     0         0      
       memset_t2.asm.obj            122     0         0      
       copy_decompress_lzss.c.obj   104     0         0      
       hostwrite.c.obj              88      0         0      
       cpy_tbl.c.obj                76      0         0      
       u_divt2.asm.obj              64      0         0      
       _lock.c.obj                  26      0         8      
       args_main.c.obj              24      0         0      
       strlen.c.obj                 20      0         0      
       copy_decompress_none.c.obj   14      0         0      
       copy_zero_init.c.obj         12      0         0      
       hostopen.c.obj               0       0         8      
       exit.c.obj                   4       0         0      
       stkdepth_vars.c.obj          0       0         4      
       div0.asm.obj                 2       0         0      
    +--+----------------------------+-------+---------+---------+
       Total:                       820     0         308    
                                                             
    C:\ti\tirtos_tivac_2_16_00_08\products\bios_6_45_01_29\packages\ti\catalog\arm\cortexm4\tiva\ce\lib\Boot.aem4f
       Boot_sysctl.oem4f            262     0         0      
       Boot.oem4f                   152     0         0      
    +--+----------------------------+-------+---------+---------+
       Total:                       414     0         0      
                                                             
    C:\ti\tirtos_tivac_2_16_00_08\products\bios_6_45_01_29\packages\ti\targets\arm\rtsarm\lib\auto_init.aem4f
       auto_init.oem4f              160     0         0      
    +--+----------------------------+-------+---------+---------+
       Total:                       160     0         0      
                                                             
    C:\ti\tirtos_tivac_2_16_00_08\products\bios_6_45_01_29\packages\ti\targets\arm\rtsarm\lib\boot.aem4f
       boot.oem4f                   88      0         0      
    +--+----------------------------+-------+---------+---------+
       Total:                       88      0         0      
                                                             
    C:\ti\tirtos_tivac_2_16_00_08\products\bios_6_45_01_29\packages\ti\targets\arm\rtsarm\lib\ti.targets.arm.rtsarm.aem4f
       System.oem4f                 1255    0         0      
       HeapStd.oem4f                714     0         0      
       Text.oem4f                   672     0         0      
       Error.oem4f                  524     0         0      
       Core-mem.oem4f               358     0         0      
       Startup.oem4f                328     0         0      
       SysMin.oem4f                 248     0         0      
       Core-smem.oem4f              204     0         0      
       Memory.oem4f                 176     0         0      
       Assert.oem4f                 84      0         0      
       Core-params.oem4f            70      0         0      
       Core-label.oem4f             52      0         0      
       Registry.oem4f               32      0         0      
       Gate.oem4f                   28      0         0      
    +--+----------------------------+-------+---------+---------+
       Total:                       4745    0         0      
                                                             
    C:\ti\tirtos_tivac_2_16_00_08\products\uia_2_00_05_50\packages\ti\uia\loggers\lib\release\ti.uia.loggers.aem4f
       LoggerStopMode.oem4f         552     0         0      
    +--+----------------------------+-------+---------+---------+
       Total:                       552     0         0      
                                                             
    C:\ti\tirtos_tivac_2_16_00_08\products\uia_2_00_05_50\packages\ti\uia\runtime\lib\release\ti.uia.runtime.aem4f
       QueueDescriptor.oem4f        116     0         8      
    +--+----------------------------+-------+---------+---------+
       Total:                       116     0         8      
                                                             
       Stack:                       0       0         1024   
       Linker Generated:            0       634       0      
    +--+----------------------------+-------+---------+---------+
       Grand Total:                 23573   10640     10380  


LINKER GENERATED COPY TABLES

__TI_cinit_table @ 00008608 records: 3, size/record: 8, table size: 24
	.data: load addr=000083a0, load size=00000246 bytes, run addr=20001fb0, run size=000005fc bytes, compression=lzss
	.bss: load addr=000085f8, load size=00000008 bytes, run addr=20000380, run size=00001c30 bytes, compression=zero_init
	.vecs: load addr=00008600, load size=00000008 bytes, run addr=20000000, run size=00000360 bytes, compression=zero_init


LINKER GENERATED HANDLER TABLE

__TI_handler_table @ 000085e8 records: 3, size/record: 4, table size: 12
	index: 0, handler: __TI_decompress_lzss
	index: 1, handler: __TI_decompress_none
	index: 2, handler: __TI_zero_init


GLOBAL SYMBOLS: SORTED ALPHABETICALLY BY Name 

address   name                                                              
-------   ----                                                              
00000add  C$$EXIT                                                           
00004dab  C$$IO$$                                                           
000052d9  GPIODirModeSet                                                    
00001be9  GPIOPadConfigSet                                                  
00001d1b  GPIOPinRead                                                       
00005847  GPIOPinTypeGPIOOutput                                             
00003fbb  GPIOPinWrite                                                      
000045f9  HOSTwrite                                                         
000080d4  LEDSwi                                                            
UNDEFED   SHT$$INIT_ARRAY$$Base                                             
UNDEFED   SHT$$INIT_ARRAY$$Limit                                            
00001f55  SysCtlClockGet                                                    
00002561  SysCtlClockSet                                                    
0000503b  SysCtlDelay                                                       
00004e99  SysCtlPeripheralEnable                                            
00004305  TimerConfigure                                                    
00005b31  TimerEnable                                                       
000007bd  TimerIntClear                                                     
00005c55  TimerIntEnable                                                    
000059d1  TimerLoadSet                                                      
000080d0  Timer_2A_INT                                                      
00005645  Timer_ISR                                                         
00000000  __ASM__                                                           
20001d00  __CIOBUF_                                                         
00000099  __ISA__                                                           
000000ac  __PLAT__                                                          
200029b0  __STACK_END                                                       
00000400  __STACK_SIZE                                                      
200026b0  __STACK_TOP                                                       
000000cd  __TARG__                                                          
00008608  __TI_CINIT_Base                                                   
00008620  __TI_CINIT_Limit                                                  
000085e8  __TI_Handler_Table_Base                                           
000085f4  __TI_Handler_Table_Limit                                          
00003749  __TI_auto_init                                                    
00004105  __TI_decompress_lzss                                              
00005b3f  __TI_decompress_none                                              
ffffffff  __TI_pprof_out_hndl                                               
ffffffff  __TI_prof_data_size                                               
ffffffff  __TI_prof_data_start                                              
00004ecd  __TI_readmsg                                                      
000083a0  __TI_static_base__                                                
00004d7d  __TI_writemsg                                                     
00005ba1  __TI_zero_init                                                    
000000f3  __TRDR__                                                          
00004755  __aeabi_idiv0                                                     
00004755  __aeabi_ldiv0                                                     
00003e5d  __aeabi_memclr                                                    
00003e5d  __aeabi_memclr4                                                   
00003e5d  __aeabi_memclr8                                                   
00003889  __aeabi_memcpy                                                    
00003889  __aeabi_memcpy4                                                   
00003889  __aeabi_memcpy8                                                   
00003e5f  __aeabi_memset                                                    
00003e5f  __aeabi_memset4                                                   
00003e5f  __aeabi_memset8                                                   
00004c3d  __aeabi_uidiv                                                     
00004c3d  __aeabi_uidivmod                                                  
ffffffff  __binit__                                                         
ffffffff  __c_args__                                                        
200025b0  __stack                                                           
00005861  _args_main                                                        
000045a1  _c_int00                                                          
[...]
0000810c  ti_catalog_arm_cortexm4_tiva_ce_Boot_Module__diagsMask__C         
00008110  ti_sysbios_family_arm_lm4_Timer_enableFunc__C                     
00008114  ti_sysbios_family_arm_lm4_Timer_numTimerDevices__C                
00008118  ti_sysbios_family_arm_lm4_Timer_startupNeeded__C                  
0000811c  ti_sysbios_family_arm_m3_Hwi_E_NMI__C                             
00008120  ti_sysbios_family_arm_m3_Hwi_E_busFault__C                        
00008124  ti_sysbios_family_arm_m3_Hwi_E_debugMon__C                        
00008128  ti_sysbios_family_arm_m3_Hwi_E_hardFault__C                       
0000812c  ti_sysbios_family_arm_m3_Hwi_E_memFault__C                        
00008130  ti_sysbios_family_arm_m3_Hwi_E_noIsr__C                           
00008134  ti_sysbios_family_arm_m3_Hwi_E_reserved__C                        
00008138  ti_sysbios_family_arm_m3_Hwi_E_svCall__C                          
0000813c  ti_sysbios_family_arm_m3_Hwi_E_usageFault__C                      
00008140  ti_sysbios_family_arm_m3_Hwi_LD_end__C                            
00008144  ti_sysbios_family_arm_m3_Hwi_LM_begin__C                          
00008148  ti_sysbios_family_arm_m3_Hwi_Module__diagsEnabled__C              
0000814c  ti_sysbios_family_arm_m3_Hwi_Module__diagsIncluded__C             
00008150  ti_sysbios_family_arm_m3_Hwi_Module__diagsMask__C                 
00008154  ti_sysbios_family_arm_m3_Hwi_Module__loggerFxn1__C                
00008158  ti_sysbios_family_arm_m3_Hwi_Module__loggerFxn8__C                
0000815c  ti_sysbios_family_arm_m3_Hwi_Module__loggerObj__C                 
00008160  ti_sysbios_family_arm_m3_Hwi_NUM_INTERRUPTS__C                    
00008164  ti_sysbios_family_arm_m3_Hwi_Object__count__C                     
00008168  ti_sysbios_family_arm_m3_Hwi_ccr__C                               
0000816c  ti_sysbios_family_arm_m3_Hwi_excHandlerFunc__C                    
00008170  ti_sysbios_family_arm_m3_Hwi_excHookFuncs__C                      
00008174  ti_sysbios_family_arm_m3_Hwi_nullIsrFunc__C                       
00008178  ti_sysbios_family_arm_m3_Hwi_priGroup__C                          
0000817c  ti_sysbios_gates_GateMutex_A_badContext__C                        
00008180  ti_sysbios_gates_GateMutex_Instance_State_sem__O                  
00008184  ti_sysbios_gates_GateMutex_Module__diagsEnabled__C                
00008188  ti_sysbios_gates_GateMutex_Module__diagsIncluded__C               
0000818c  ti_sysbios_gates_GateMutex_Module__diagsMask__C                   
00008190  ti_sysbios_hal_Hwi_E_stackOverflow__C                             
00008194  ti_sysbios_heaps_HeapMem_Object__count__C                         
00008198  ti_sysbios_knl_Clock_LM_begin__C                                  
0000819c  ti_sysbios_knl_Clock_LM_tick__C                                   
000081a0  ti_sysbios_knl_Clock_LW_delayed__C                                
000081a4  ti_sysbios_knl_Clock_Module_State_clockQ__O                       
000081a8  ti_sysbios_knl_Clock_Module__diagsEnabled__C                      
000081ac  ti_sysbios_knl_Clock_Module__diagsIncluded__C                     
000081b0  ti_sysbios_knl_Clock_Module__diagsMask__C                         
000081b4  ti_sysbios_knl_Clock_Module__loggerFxn1__C                        
000081b8  ti_sysbios_knl_Clock_Module__loggerFxn2__C                        
000081bc  ti_sysbios_knl_Clock_Module__loggerObj__C                         
000081c0  ti_sysbios_knl_Semaphore_A_badContext__C                          
000081c4  ti_sysbios_knl_Semaphore_A_noEvents__C                            
000081c8  ti_sysbios_knl_Semaphore_A_overflow__C                            
000081cc  ti_sysbios_knl_Semaphore_A_pendTaskDisabled__C                    
000081d0  ti_sysbios_knl_Semaphore_Instance_State_pendQ__O                  
000081d4  ti_sysbios_knl_Semaphore_LM_pend__C                               
000081d8  ti_sysbios_knl_Semaphore_LM_post__C                               
000081dc  ti_sysbios_knl_Semaphore_Module__diagsEnabled__C                  
000081e0  ti_sysbios_knl_Semaphore_Module__diagsIncluded__C                 
000081e4  ti_sysbios_knl_Semaphore_Module__diagsMask__C                     
000081e8  ti_sysbios_knl_Semaphore_Module__loggerFxn2__C                    
000081ec  ti_sysbios_knl_Semaphore_Module__loggerFxn4__C                    
000081f0  ti_sysbios_knl_Semaphore_Module__loggerObj__C                     
000081f4  ti_sysbios_knl_Swi_LD_end__C                                      
000081f8  ti_sysbios_knl_Swi_LM_begin__C                                    
000081fc  ti_sysbios_knl_Swi_LM_post__C                                     
00008200  ti_sysbios_knl_Swi_Module__diagsEnabled__C                        
00008204  ti_sysbios_knl_Swi_Module__diagsIncluded__C                       
00008208  ti_sysbios_knl_Swi_Module__diagsMask__C                           
0000820c  ti_sysbios_knl_Swi_Module__loggerFxn1__C                          
00008210  ti_sysbios_knl_Swi_Module__loggerFxn4__C                          
00008214  ti_sysbios_knl_Swi_Module__loggerObj__C                           
00008218  ti_sysbios_knl_Swi_Object__count__C                               
0000821c  ti_sysbios_knl_Task_E_spOutOfBounds__C                            
00008220  ti_sysbios_knl_Task_E_stackOverflow__C                            
00008224  ti_sysbios_knl_Task_LD_block__C                                   
00008228  ti_sysbios_knl_Task_LD_exit__C                                    
0000822c  ti_sysbios_knl_Task_LD_ready__C                                   
00008230  ti_sysbios_knl_Task_LM_switch__C                                  
00008234  ti_sysbios_knl_Task_Module_State_inactiveQ__O                     
00008238  ti_sysbios_knl_Task_Module__diagsEnabled__C                       
0000823c  ti_sysbios_knl_Task_Module__diagsIncluded__C                      
00008240  ti_sysbios_knl_Task_Module__diagsMask__C                          
00008244  ti_sysbios_knl_Task_Module__loggerFxn2__C                         
00008248  ti_sysbios_knl_Task_Module__loggerFxn4__C                         
0000824c  ti_sysbios_knl_Task_Module__loggerObj__C                          
00008250  ti_sysbios_knl_Task_Object__count__C                              
00008254  ti_sysbios_knl_Task_allBlockedFunc__C                             
00008258  ti_sysbios_knl_Task_numConstructedTasks__C                        
0000825c  ti_sysbios_utils_Load_LS_cpuLoad__C                               
00008260  ti_sysbios_utils_Load_Module__diagsEnabled__C                     
00008264  ti_sysbios_utils_Load_Module__diagsIncluded__C                    
00008268  ti_sysbios_utils_Load_Module__diagsMask__C                        
0000826c  ti_sysbios_utils_Load_Module__loggerFxn1__C                       
00008270  ti_sysbios_utils_Load_Module__loggerObj__C                        
00008274  ti_sysbios_utils_Load_postUpdate__C                               
00008278  ti_sysbios_utils_Load_windowInMs__C                               
0000827c  ti_uia_loggers_LoggerStopMode_Module__diagsEnabled__C             
00008280  ti_uia_loggers_LoggerStopMode_Module__diagsIncluded__C            
00008284  ti_uia_loggers_LoggerStopMode_Module__diagsMask__C                
00008288  ti_uia_loggers_LoggerStopMode_Object__count__C                    
0000828c  ti_uia_runtime_ILoggerSnapshot_Interface__BASE__C                 
00008290  ti_uia_runtime_IUIATransfer_Interface__BASE__C                    
00008294  xdc_runtime_Assert_E_assertFailed__C                              
00008298  xdc_runtime_Core_A_initializedParams__C                           
0000829c  xdc_runtime_Core_Module__diagsEnabled__C                          
000082a0  xdc_runtime_Core_Module__diagsIncluded__C                         
000082a4  xdc_runtime_Core_Module__diagsMask__C                             
000082a8  xdc_runtime_Error_E_memory__C                                     
000082ac  xdc_runtime_Error_Module__diagsEnabled__C                         
000082b0  xdc_runtime_Error_Module__diagsIncluded__C                        
000082b4  xdc_runtime_Error_Module__diagsMask__C                            
000082b8  xdc_runtime_Error_Module__loggerFxn8__C                           
000082bc  xdc_runtime_Error_Module__loggerObj__C                            
000082c0  xdc_runtime_Error_policyFxn__C                                    
000082c4  xdc_runtime_Error_raiseHook__C                                    
000082c8  xdc_runtime_HeapStd_A_align__C                                    
000082cc  xdc_runtime_HeapStd_A_invalidTotalFreeSize__C                     
000082d0  xdc_runtime_HeapStd_A_zeroSize__C                                 
000082d4  xdc_runtime_HeapStd_E_noRTSMemory__C                              
000082d8  xdc_runtime_HeapStd_Module__diagsEnabled__C                       
000082dc  xdc_runtime_HeapStd_Module__diagsIncluded__C                      
000082e0  xdc_runtime_HeapStd_Module__diagsMask__C                          
000082e4  xdc_runtime_IFilterLogger_Interface__BASE__C                      
000082e8  xdc_runtime_IGateProvider_Interface__BASE__C                      
000082ec  xdc_runtime_IHeap_Interface__BASE__C                              
000082f0  xdc_runtime_ILogger_Interface__BASE__C                            
000082f4  xdc_runtime_IModule_Interface__BASE__C                            
000082f8  xdc_runtime_Log_L_error__C                                        
000082fc  xdc_runtime_Log_L_info__C                                         
00008300  xdc_runtime_Main_Module__diagsEnabled__C                          
00008304  xdc_runtime_Main_Module__diagsIncluded__C                         
00008308  xdc_runtime_Main_Module__diagsMask__C                             
0000830c  xdc_runtime_Main_Module__loggerFxn4__C                            
00008310  xdc_runtime_Main_Module__loggerObj__C                             
00008314  xdc_runtime_Memory_defaultHeapInstance__C                         
00008318  xdc_runtime_Startup_execImpl__C                                   
0000831c  xdc_runtime_Startup_lastFxns__A                                   
00008320  xdc_runtime_Startup_maxPasses__C                                  
00008324  xdc_runtime_Startup_sfxnRts__C                                    
00008328  xdc_runtime_Startup_sfxnTab__C                                    
0000832c  xdc_runtime_SysMin_bufSize__C                                     
00008330  xdc_runtime_SysMin_outputFunc__C                                  
00008334  xdc_runtime_System_Module__gateObj__C                             
00008338  xdc_runtime_System_abortFxn__C                                    
0000833c  xdc_runtime_System_exitFxn__C                                     
00008340  xdc_runtime_System_extendFxn__C                                   
00008344  xdc_runtime_System_maxAtexitHandlers__C                           
00008348  xdc_runtime_Text_charTab__C                                       
0000834c  xdc_runtime_Text_nameEmpty__C                                     
00008350  xdc_runtime_Text_nameStatic__C                                    
00008354  xdc_runtime_Text_nameUnknown__C                                   
00008358  xdc_runtime_Text_nodeTab__C                                       
0000835c  xdc_runtime_Text_visitRopeFxn__C                                  
00008360  ti_catalog_arm_cortexm4_tiva_ce_Boot_Module__id__C                
00008362  ti_sysbios_family_arm_lm4_TimestampProvider_useClockTimer__C      
00008364  ti_sysbios_family_arm_m3_Hwi_Module__id__C                        
00008366  ti_sysbios_family_arm_m3_Hwi_Module__loggerDefined__C             
00008368  ti_sysbios_gates_GateMutex_Module__id__C                          
0000836a  ti_sysbios_hal_Hwi_Module__id__C                                  
0000836c  ti_sysbios_knl_Clock_Module__id__C                                
0000836e  ti_sysbios_knl_Clock_Module__loggerDefined__C                     
00008370  ti_sysbios_knl_Semaphore_Module__id__C                            
00008372  ti_sysbios_knl_Semaphore_Module__loggerDefined__C                 
00008374  ti_sysbios_knl_Swi_Module__id__C                                  
00008376  ti_sysbios_knl_Swi_Module__loggerDefined__C                       
00008378  ti_sysbios_knl_Task_Module__id__C                                 
0000837a  ti_sysbios_knl_Task_Module__loggerDefined__C                      
0000837c  ti_sysbios_utils_Load_Module__id__C                               
0000837e  ti_sysbios_utils_Load_Module__loggerDefined__C                    
00008380  ti_sysbios_utils_Load_updateInIdle__C                             
00008382  ti_uia_loggers_LoggerStopMode_Module__id__C                       
00008384  ti_uia_loggers_LoggerStopMode_isTimestampEnabled__C               
00008386  xdc_runtime_Core_Module__id__C                                    
00008388  xdc_runtime_Error_Module__loggerDefined__C                        
0000838a  xdc_runtime_Error_maxDepth__C                                     
0000838c  xdc_runtime_HeapStd_Module__id__C                                 
0000838e  xdc_runtime_Main_Module__id__C                                    
00008390  xdc_runtime_Main_Module__loggerDefined__C                         
00008392  xdc_runtime_Memory_Module__id__C                                  
00008394  xdc_runtime_SysMin_flushAtExit__C                                 
00008396  xdc_runtime_Text_charCnt__C                                       
00008398  xdc_runtime_Text_isLoaded__C                                      
0000839a  xdc_runtime_Text_registryModsLastId__C                            
0000839c  xdc_runtime_Text_unnamedModsLastId__C                             
000083a0  __TI_static_base__                                                
000085e8  __TI_Handler_Table_Base                                           
000085f4  __TI_Handler_Table_Limit                                          
00008608  __TI_CINIT_Base                                                   
00008620  __TI_CINIT_Limit                                                  
20000000  ti_sysbios_family_arm_m3_Hwi_ramVectors                           
20000380  ti_sysbios_knl_Task_Instance_State_0_stack__A                     
20000b80  ti_uia_loggers_LoggerStopMode_Instance_State_1_packetArray__A     
20000f80  ti_uia_loggers_LoggerStopMode_Instance_State_2_packetArray__A     
20001380  xdc_runtime_SysMin_Module_State_0_outbuf__A                       
20001780  ti_sysbios_family_arm_m3_Hwi_dispatchTable                        
20001af8  parmbuf                                                           
20001b00  ti_uia_loggers_LoggerStopMode_Instance_State_0_packetArray__A     
20001d00  __CIOBUF_                                                         
20001e80  ti_uia_loggers_LoggerStopMode_Instance_State_0_hdr__A             
20001f00  ti_uia_loggers_LoggerStopMode_Instance_State_1_hdr__A             
20001f80  ti_uia_loggers_LoggerStopMode_Instance_State_2_hdr__A             
20001fb0  ti_uia_loggers_LoggerStopMode_Object__table__V                    
2000204c  ti_sysbios_utils_Load_Module__state__V                            
200020e4  ti_sysbios_family_arm_lm4_Timer_Object__table__V                  
20002164  ti_sysbios_knl_Swi_Module_State_0_readyQ__A                       
200021e4  ti_sysbios_knl_Task_Module_State_0_readyQ__A                      
20002264  ti_sysbios_knl_Swi_Object__table__V                               
200022c4  ti_sysbios_knl_Task_Object__table__V                              
20002310  ti_sysbios_family_arm_m3_Hwi_Object__table__V                     
20002358  ti_sysbios_knl_Task_Module__state__V                              
2000239c  ti_sysbios_gates_GateMutex_Object__table__V                       
200023d4  ti_sysbios_family_arm_m3_Hwi_Module__state__V                     
20002408  ti_sysbios_family_arm_lm4_Timer_Module_State_0_device__A          
20002438  ti_sysbios_knl_Clock_Module__state__V                             
20002464  ti_sysbios_BIOS_Module__state__V                                  
20002488  xdc_runtime_System_Module_State_0_atexitHandlers__A               
200024a8  ti_sysbios_knl_Swi_Module__state__V                               
200024c4  ti_sysbios_family_arm_lm4_Timer_Module_State_0_handles__A         
200024dc  ti_sysbios_family_arm_lm4_Timer_Module__state__V                  
200024e8  ti_sysbios_knl_Task_Module__root__V                               
200024f4  ti_uia_runtime_QueueDescriptor_Module__state__V                   
20002500  xdc_runtime_HeapStd_Object__table__V                              
2000250c  xdc_runtime_SysMin_Module__state__V                               
20002518  _lock                                                             
2000251c  _unlock                                                           
20002520  ti_uia_runtime_QueueDescriptor_gPtrToFirstDescriptor              
20002524  ti_uia_runtime_QueueDescriptor_gUpdateCount                       
20002528  ti_sysbios_family_arm_lm4_TimestampProvider_Module__state__V      
20002530  ti_sysbios_gates_GateHwi_Module__root__V                          
20002538  ti_sysbios_gates_GateMutex_Module__root__V                        
20002540  ti_sysbios_hal_Hwi_Object__table__V                               
20002548  ti_sysbios_knl_Queue_Module__root__V                              
20002550  ti_sysbios_knl_Semaphore_Module__root__V                          
20002558  ti_uia_loggers_LoggerStopMode_Module__root__V                     
20002560  xdc_runtime_HeapStd_Module__root__V                               
20002568  xdc_runtime_Registry_Module__state__V                             
20002570  xdc_runtime_Startup_Module__state__V                              
20002578  xdc_runtime_System_Module__state__V                               
20002580  main_func_sp                                                      
20002584  ti_sysbios_family_arm_m3_Hwi_Module_State_0_excContext__A         
20002588  ti_sysbios_family_arm_m3_Hwi_Module_State_0_excStack__A           
2000258c  ti_sysbios_gates_GateHwi_Object__table__V                         
20002590  ti_sysbios_knl_Task_Module_State_0_idleTask__A                    
20002594  ti_sysbios_utils_Load_Module_State_0_runningTask__A               
20002598  ti_sysbios_utils_Load_Module_State_0_taskStartTime__A             
2000259c  xdc_runtime_HeapStd_Module__state__V                              
200025a0  xdc_runtime_Memory_Module__state__V                               
200025a4  i16ToggleCount                                                    
200025a6  ti_sysbios_family_arm_m3_Hwi_Module_State_0_excActive__A          
200025a8  xdc_runtime_Error_Module__state__V                                
200025aa  xdc_runtime_Main_Module__root__V                                  
200025b0  __stack                                                           
200026b0  __STACK_TOP                                                       
200029b0  __STACK_END                                                       
e000e000  ti_sysbios_family_arm_m3_Hwi_nvic                                 
ffffffff  __TI_pprof_out_hndl                                               
ffffffff  __TI_prof_data_size                                               
ffffffff  __TI_prof_data_start                                              
ffffffff  __binit__                                                         
ffffffff  __c_args__                                                        
ffffffff  binit                                                             
UNDEFED   SHT$$INIT_ARRAY$$Base                                             
UNDEFED   SHT$$INIT_ARRAY$$Limit                                            

[650 symbols]
