******************************************************************************
                  TI ARM Linker PC v18.1.3                     
******************************************************************************
>> Linked Sat Nov  3 20:43:44 2018

OUTPUT FILE NAME:   <Lab_09.out>
ENTRY POINT SYMBOL: "_c_int00_noargs"  address: 0000224d


MEMORY CONFIGURATION

         name            origin    length      used     unused   attr    fill
----------------------  --------  ---------  --------  --------  ----  --------
  FLASH                 00000000   00040000  000024e6  0003db1a  R  X
  SRAM                  20000000   00008000  000011a8  00006e58  RW X


SEGMENT ALLOCATION MAP

run origin  load origin   length   init length attrs members
----------  ----------- ---------- ----------- ----- -------
00000000    00000000    000024e8   000024e8    r-x
  00000000    00000000    0000026c   0000026c    r-- .intvecs
  0000026c    0000026c    000020f2   000020f2    r-x .text
  00002360    00002360    00000158   00000158    r-- .const
  000024b8    000024b8    00000030   00000030    r-- .cinit
20000000    20000000    000011a8   00000000    rw-
  20000000    20000000    00000fa0   00000000    rw- .bss
  20000fa0    20000fa0    00000200   00000000    rw- .stack
  200011a0    200011a0    00000008   00000000    rw- .data


SECTION ALLOCATION MAP

 output                                  attributes/
section   page    origin      length       input sections
--------  ----  ----------  ----------   ----------------
.intvecs   0    00000000    0000026c     
                  00000000    0000026c     tm4c123gh6pm_startup_ccs.obj (.intvecs)

.text      0    0000026c    000020f2     
                  0000026c    00000738     rtsv7M4_T_le_v4SPD16_eabi.lib : k_rem_pio2.c.obj (.text:__kernel_rem_pio2)
                  000009a4    000005dc                                   : s_cos.c.obj (.text:cos)
                  00000f80    000005c4                                   : s_sin.c.obj (.text:sin)
                  00001544    000001b6                                   : fd_add_t2.asm.obj (.text)
                  000016fa    00000002     --HOLE-- [fill = 0]
                  000016fc    00000174                                   : k_sin.c.obj (.text:__kernel_sin)
                  00001870    0000016c                                   : k_cos.c.obj (.text:__kernel_cos)
                  000019dc    00000110                                   : s_scalbn.c.obj (.text:scalbn)
                  00001aec    000000fc                                   : fd_mul_t2.asm.obj (.text)
                  00001be8    000000f8                                   : s_floor.c.obj (.text:floor)
                  00001ce0    000000f4     L9T2.obj (.text)
                  00001dd4    000000f4     driverlib.lib : sysctl.obj (.text:SysCtlClockSet)
                  00001ec8    0000009c     rtsv7M4_T_le_v4SPD16_eabi.lib : memcpy_t2.asm.obj (.text)
                  00001f64    00000086                                   : fd_cmp_t2.asm.obj (.text:__aeabi_cdcmple)
                  00001fea    00000086                                   : fd_cmp_t2.asm.obj (.text:__aeabi_cdrcmple)
                  00002070    0000007a                                   : memset_t2.asm.obj (.text)
                  000020ea    0000006e                                   : fd_tos_t2.asm.obj (.text)
                  00002158    00000068                                   : copy_decompress_lzss.c.obj (.text:decompress:lzss:__TI_decompress_lzss)
                  000021c0    00000048                                   : fd_toi_t2.asm.obj (.text)
                  00002208    00000044                                   : autoinit.c.obj (.text:__TI_auto_init_nobinit_nopinit:__TI_auto_init_nobinit_nopinit)
                  0000224c    00000038                                   : boot_cortex_m.c.obj (.text:_c_int00_noargs:_c_int00_noargs)
                  00002284    00000038                                   : fs_tod_t2.asm.obj (.text)
                  000022bc    0000002e                                   : i_tofd_t2.asm.obj (.text)
                  000022ea    00000014                                   : s_copysign.c.obj (.text:copysign)
                  000022fe    00000002     --HOLE-- [fill = 0]
                  00002300    00000010     driverlib.lib : fpu.obj (.text:FPUEnable)
                  00002310    00000010                   : fpu.obj (.text:FPULazyStackingEnable)
                  00002320    0000000e     rtsv7M4_T_le_v4SPD16_eabi.lib : copy_decompress_none.c.obj (.text:decompress:none:__TI_decompress_none)
                  0000232e    0000000c                                   : copy_zero_init.c.obj (.text:decompress:ZI:__TI_zero_init)
                  0000233a    0000000c     tm4c123gh6pm_startup_ccs.obj (.text)
                  00002346    00000002     --HOLE-- [fill = 0]
                  00002348    00000008     rtsv7M4_T_le_v4SPD16_eabi.lib : errno.c.obj (.text:__aeabi_errno_addr)
                  00002350    00000006     driverlib.lib : sysctl.obj (.text:SysCtlDelay)
                  00002356    00000004     rtsv7M4_T_le_v4SPD16_eabi.lib : pre_init.c.obj (.text:_system_pre_init)
                  0000235a    00000004                                   : exit.c.obj (.text:abort:abort)

.const     0    00002360    00000158     
                  00002360    00000158     rtsv7M4_T_le_v4SPD16_eabi.lib : k_rem_pio2.c.obj (.const:$O1$$)

.cinit     0    000024b8    00000030     
                  000024b8    0000000c     (__TI_handler_table)
                  000024c4    00000004     --HOLE-- [fill = 0]
                  000024c8    00000008     (.cinit..bss.load) [load image, compression = zero_init]
                  000024d0    00000007     (.cinit..data.load) [load image, compression = lzss]
                  000024d7    00000001     --HOLE-- [fill = 0]
                  000024d8    00000010     (__TI_cinit_table)

.init_array 
*          0    00000000    00000000     UNINITIALIZED

.bss       0    20000000    00000fa0     UNINITIALIZED
                  20000000    00000fa0     (.common:gSeriesData)

.data      0    200011a0    00000008     UNINITIALIZED
                  200011a0    00000004     L9T2.obj (.data)
                  200011a4    00000004     rtsv7M4_T_le_v4SPD16_eabi.lib : errno.c.obj (.data)

.stack     0    20000fa0    00000200     UNINITIALIZED
                  20000fa0    00000004     rtsv7M4_T_le_v4SPD16_eabi.lib : boot_cortex_m.c.obj (.stack)
                  20000fa4    000001fc     --HOLE--

MODULE SUMMARY

       Module                         code   ro data   rw data
       ------                         ----   -------   -------
    .\
       L9T2.obj                       244    0         4004   
       tm4c123gh6pm_startup_ccs.obj   12     620       0      
    +--+------------------------------+------+---------+---------+
       Total:                         256    620       4004   
                                                              
    C:/ti/tivaware_c_series_2_1_4_178/driverlib/ccs/Debug/driverlib.lib
       sysctl.obj                     250    0         0      
       fpu.obj                        32     0         0      
    +--+------------------------------+------+---------+---------+
       Total:                         282    0         0      
                                                              
    C:\ti\ccsv8\tools\compiler\ti-cgt-arm_18.1.3.LTS\lib\rtsv7M4_T_le_v4SPD16_eabi.lib
       k_rem_pio2.c.obj               1848   344       0      
       s_cos.c.obj                    1500   0         0      
       s_sin.c.obj                    1476   0         0      
       fd_add_t2.asm.obj              438    0         0      
       k_sin.c.obj                    372    0         0      
       k_cos.c.obj                    364    0         0      
       s_scalbn.c.obj                 272    0         0      
       fd_cmp_t2.asm.obj              268    0         0      
       fd_mul_t2.asm.obj              252    0         0      
       s_floor.c.obj                  248    0         0      
       memcpy_t2.asm.obj              156    0         0      
       memset_t2.asm.obj              122    0         0      
       fd_tos_t2.asm.obj              110    0         0      
       copy_decompress_lzss.c.obj     104    0         0      
       fd_toi_t2.asm.obj              72     0         0      
       autoinit.c.obj                 68     0         0      
       boot_cortex_m.c.obj            56     0         0      
       fs_tod_t2.asm.obj              56     0         0      
       i_tofd_t2.asm.obj              46     0         0      
       s_copysign.c.obj               20     0         0      
       copy_decompress_none.c.obj     14     0         0      
       copy_zero_init.c.obj           12     0         0      
       errno.c.obj                    8      0         4      
       exit.c.obj                     4      0         0      
       pre_init.c.obj                 4      0         0      
    +--+------------------------------+------+---------+---------+
       Total:                         7890   344       4      
                                                              
       Stack:                         0      0         512    
       Linker Generated:              0      43        0      
    +--+------------------------------+------+---------+---------+
       Grand Total:                   8428   1007      4520   


LINKER GENERATED COPY TABLES

__TI_cinit_table @ 000024d8 records: 2, size/record: 8, table size: 16
	.bss: load addr=000024c8, load size=00000008 bytes, run addr=20000000, run size=00000fa0 bytes, compression=zero_init
	.data: load addr=000024d0, load size=00000007 bytes, run addr=200011a0, run size=00000008 bytes, compression=lzss


LINKER GENERATED HANDLER TABLE

__TI_handler_table @ 000024b8 records: 3, size/record: 4, table size: 12
	index: 0, handler: __TI_decompress_lzss
	index: 1, handler: __TI_decompress_none
	index: 2, handler: __TI_zero_init


GLOBAL SYMBOLS: SORTED ALPHABETICALLY BY Name 

address   name                          
-------   ----                          
0000235b  C$$EXIT                       
00002301  FPUEnable                     
00002311  FPULazyStackingEnable         
0000233b  ResetISR                      
00001dd5  SysCtlClockSet                
00002351  SysCtlDelay                   
200011a0  __STACK_END                   
00000200  __STACK_SIZE                  
200011a0  __STACK_TOP                   
000024d8  __TI_CINIT_Base               
000024e8  __TI_CINIT_Limit              
000024b8  __TI_Handler_Table_Base       
000024c4  __TI_Handler_Table_Limit      
00002209  __TI_auto_init_nobinit_nopinit
00002159  __TI_decompress_lzss          
00002321  __TI_decompress_none          
ffffffff  __TI_pprof_out_hndl           
ffffffff  __TI_prof_data_size           
ffffffff  __TI_prof_data_start          
00000000  __TI_static_base__            
0000232f  __TI_zero_init                
00001f65  __aeabi_cdcmpeq               
00001f65  __aeabi_cdcmple               
00001feb  __aeabi_cdrcmple              
000020eb  __aeabi_d2f                   
000021c1  __aeabi_d2iz                  
0000154f  __aeabi_dadd                  
00001aed  __aeabi_dmul                  
00001545  __aeabi_dsub                  
00002349  __aeabi_errno_addr            
00002285  __aeabi_f2d                   
000022bd  __aeabi_i2d                   
00002071  __aeabi_memclr                
00002071  __aeabi_memclr4               
00002071  __aeabi_memclr8               
00001ec9  __aeabi_memcpy                
00001ec9  __aeabi_memcpy4               
00001ec9  __aeabi_memcpy8               
00002073  __aeabi_memset                
00002073  __aeabi_memset4               
00002073  __aeabi_memset8               
ffffffff  __binit__                     
ffffffff  __c_args__                    
00001871  __kernel_cos                  
0000026d  __kernel_rem_pio2             
000016fd  __kernel_sin                  
UNDEFED   __mpu_init                    
20000fa0  __stack                       
0000224d  _c_int00_noargs               
UNDEFED   _system_post_cinit            
00002357  _system_pre_init              
0000235b  abort                         
ffffffff  binit                         
000022eb  copysign                      
000022eb  copysignl                     
000009a5  cos                           
000009a5  cosl                          
200011a4  errno                         
00001be9  floor                         
00001be9  floorl                        
20000000  gSeriesData                   
00000000  g_pfnVectors                  
200011a0  i32DataCount                  
000019dd  ldexp                         
000019dd  ldexpl                        
00001ce1  main                          
00001ec9  memcpy                        
00002079  memset                        
000019dd  scalbn                        
000019dd  scalbnl                       
00000f81  sin                           
00000f81  sinl                          


GLOBAL SYMBOLS: SORTED BY Symbol Address 

address   name                          
-------   ----                          
00000000  __TI_static_base__            
00000000  g_pfnVectors                  
00000200  __STACK_SIZE                  
0000026d  __kernel_rem_pio2             
000009a5  cos                           
000009a5  cosl                          
00000f81  sin                           
00000f81  sinl                          
00001545  __aeabi_dsub                  
0000154f  __aeabi_dadd                  
000016fd  __kernel_sin                  
00001871  __kernel_cos                  
000019dd  ldexp                         
000019dd  ldexpl                        
000019dd  scalbn                        
000019dd  scalbnl                       
00001aed  __aeabi_dmul                  
00001be9  floor                         
00001be9  floorl                        
00001ce1  main                          
00001dd5  SysCtlClockSet                
00001ec9  __aeabi_memcpy                
00001ec9  __aeabi_memcpy4               
00001ec9  __aeabi_memcpy8               
00001ec9  memcpy                        
00001f65  __aeabi_cdcmpeq               
00001f65  __aeabi_cdcmple               
00001feb  __aeabi_cdrcmple              
00002071  __aeabi_memclr                
00002071  __aeabi_memclr4               
00002071  __aeabi_memclr8               
00002073  __aeabi_memset                
00002073  __aeabi_memset4               
00002073  __aeabi_memset8               
00002079  memset                        
000020eb  __aeabi_d2f                   
00002159  __TI_decompress_lzss          
000021c1  __aeabi_d2iz                  
00002209  __TI_auto_init_nobinit_nopinit
0000224d  _c_int00_noargs               
00002285  __aeabi_f2d                   
000022bd  __aeabi_i2d                   
000022eb  copysign                      
000022eb  copysignl                     
00002301  FPUEnable                     
00002311  FPULazyStackingEnable         
00002321  __TI_decompress_none          
0000232f  __TI_zero_init                
0000233b  ResetISR                      
00002349  __aeabi_errno_addr            
00002351  SysCtlDelay                   
00002357  _system_pre_init              
0000235b  C$$EXIT                       
0000235b  abort                         
000024b8  __TI_Handler_Table_Base       
000024c4  __TI_Handler_Table_Limit      
000024d8  __TI_CINIT_Base               
000024e8  __TI_CINIT_Limit              
20000000  gSeriesData                   
20000fa0  __stack                       
200011a0  __STACK_END                   
200011a0  __STACK_TOP                   
200011a0  i32DataCount                  
200011a4  errno                         
ffffffff  __TI_pprof_out_hndl           
ffffffff  __TI_prof_data_size           
ffffffff  __TI_prof_data_start          
ffffffff  __binit__                     
ffffffff  __c_args__                    
ffffffff  binit                         
UNDEFED   __mpu_init                    
UNDEFED   _system_post_cinit            

[72 symbols]
