******************************************************************************
                  TI ARM Linker PC v18.1.3                     
******************************************************************************
>> Linked Wed Oct 24 17:14:12 2018

OUTPUT FILE NAME:   <Lab_08.out>
ENTRY POINT SYMBOL: "_c_int00_noargs"  address: 00004551


MEMORY CONFIGURATION

         name            origin    length      used     unused   attr    fill
----------------------  --------  ---------  --------  --------  ----  --------
  FLASH                 00000000   00020000  000049f2  0001b60e  R  X
  SRAM                  20000000   00008000  000004f4  00007b0c  RW X


SEGMENT ALLOCATION MAP

run origin  load origin   length   init length attrs members
----------  ----------- ---------- ----------- ----- -------
00000000    00000000    000049f8   000049f8    r-x
  00000000    00000000    0000026c   0000026c    r-- .intvecs
  0000026c    0000026c    000045aa   000045aa    r-x .text
  00004818    00004818    0000019c   0000019c    r-- .const
  000049b8    000049b8    00000040   00000040    r-- .cinit
20000000    20000000    000004f8   00000000    rw-
  20000000    20000000    000002d4   00000000    rw- .bss
  200002d8    200002d8    00000200   00000000    rw- .stack
  200004d8    200004d8    00000020   00000000    rw- .data


SECTION ALLOCATION MAP

 output                                  attributes/
section   page    origin      length       input sections
--------  ----  ----------  ----------   ----------------
.intvecs   0    00000000    0000026c     
                  00000000    0000026c     tm4c123gh6pm_startup_ccs.obj (.intvecs)

.text      0    0000026c    000045aa     
                  0000026c    00003194     Nokia5110.obj (.text)
                  00003400    000004dc     L8T2.obj (.text)
                  000038dc    0000049c     uartstdio.obj (.text)
                  00003d78    00000132     driverlib.lib : gpio.obj (.text:GPIOPadConfigSet)
                  00003eaa    00000002     rtsv7M4_T_le_v4SPD16_eabi.lib : _lock.c.obj (.text:_nop)
                  00003eac    00000110     driverlib.lib : sysctl.obj (.text:SysCtlClockGet)
                  00003fbc    000000f4                   : sysctl.obj (.text:SysCtlClockSet)
                  000040b0    0000009c     rtsv7M4_T_le_v4SPD16_eabi.lib : memcpy_t2.asm.obj (.text)
                  0000414c    0000007a     driverlib.lib : adc.obj (.text:ADCSequenceStepConfigure)
                  000041c6    00000002     rtsv7M4_T_le_v4SPD16_eabi.lib : div0.asm.obj (.text)
                  000041c8    00000068     driverlib.lib : interrupt.obj (.text:IntEnable)
                  00004230    00000068     rtsv7M4_T_le_v4SPD16_eabi.lib : copy_decompress_lzss.c.obj (.text:decompress:lzss:__TI_decompress_lzss)
                  00004298    00000060     driverlib.lib : timer.obj (.text:TimerConfigure)
                  000042f8    00000050                   : adc.obj (.text:ADCSequenceConfigure)
                  00004348    00000048                   : gpio.obj (.text:GPIOPinConfigure)
                  00004390    00000048     rtsv7M4_T_le_v4SPD16_eabi.lib : hosttime.c.obj (.text:HOSTtime)
                  000043d8    00000046     driverlib.lib : uart.obj (.text:UARTConfigSetExpClk)
                  0000441e    00000002     --HOLE-- [fill = 0]
                  00004420    00000044     rtsv7M4_T_le_v4SPD16_eabi.lib : autoinit.c.obj (.text:__TI_auto_init_nobinit_nopinit:__TI_auto_init_nobinit_nopinit)
                  00004464    00000040                                   : u_divt2.asm.obj (.text)
                  000044a4    0000003c     driverlib.lib : ssi.obj (.text:SSIConfigSetExpClk)
                  000044e0    00000038                   : sysctl.obj (.text:SysCtlPeripheralPresent)
                  00004518    00000038     rtsv7M4_T_le_v4SPD16_eabi.lib : trgmsg.c.obj (.text:__TI_writemsg)
                  00004550    00000038                                   : boot_cortex_m.c.obj (.text:_c_int00_noargs:_c_int00_noargs)
                  00004588    00000034     driverlib.lib : sysctl.obj (.text:SysCtlPeripheralEnable)
                  000045bc    00000034     rtsv7M4_T_le_v4SPD16_eabi.lib : trgmsg.c.obj (.text:__TI_readmsg)
                  000045f0    00000034                                   : rand.c.obj (.text:rand)
                  00004624    0000002e     driverlib.lib : adc.obj (.text:ADCIntStatus)
                  00004652    0000002a                   : gpio.obj (.text:GPIODirModeSet)
                  0000467c    00000024     rtsv7M4_T_le_v4SPD16_eabi.lib : rand.c.obj (.text:srand)
                  000046a0    00000020     driverlib.lib : uart.obj (.text:UARTDisable)
                  000046c0    0000001e                   : adc.obj (.text:ADCSequenceDataGet)
                  000046de    00000018                   : adc.obj (.text:ADCProcessorTrigger)
                  000046f6    00000014                   : uart.obj (.text:UARTEnable)
                  0000470a    00000012                   : gpio.obj (.text:GPIOPinTypeSSI)
                  0000471c    00000012                   : gpio.obj (.text:GPIOPinTypeUART)
                  0000472e    00000012                   : ssi.obj (.text:SSIDataGetNonBlocking)
                  00004740    00000012                   : timer.obj (.text:TimerLoadSet)
                  00004752    00000012     rtsv7M4_T_le_v4SPD16_eabi.lib : copy_zero_init.c.obj (.text:decompress:ZI:__TI_zero_init_nomemset:__TI_zero_init_nomemset)
                  00004764    0000000e     driverlib.lib : adc.obj (.text:ADCHardwareOversampleConfigure)
                  00004772    0000000e                   : adc.obj (.text:ADCSequenceEnable)
                  00004780    0000000e                   : timer.obj (.text:TimerEnable)
                  0000478e    0000000e     rtsv7M4_T_le_v4SPD16_eabi.lib : time.c.obj (.text:__time32)
                  0000479c    0000000e                                   : copy_decompress_none.c.obj (.text:decompress:none:__TI_decompress_none)
                  000047aa    0000000c     driverlib.lib : ssi.obj (.text:SSIDataGet)
                  000047b6    0000000c     tm4c123gh6pm_startup_ccs.obj (.text)
                  000047c2    0000000a     driverlib.lib : adc.obj (.text:ADCIntClear)
                  000047cc    0000000a                   : ssi.obj (.text:SSIDataPut)
                  000047d6    0000000a                   : ssi.obj (.text:SSIEnable)
                  000047e0    0000000a                   : uart.obj (.text:UARTCharGet)
                  000047ea    0000000a                   : uart.obj (.text:UARTCharPut)
                  000047f4    00000008                   : ssi.obj (.text:SSIBusy)
                  000047fc    00000008                   : timer.obj (.text:TimerIntEnable)
                  00004804    00000006                   : sysctl.obj (.text:SysCtlDelay)
                  0000480a    00000004                   : timer.obj (.text:TimerIntClear)
                  0000480e    00000004     rtsv7M4_T_le_v4SPD16_eabi.lib : pre_init.c.obj (.text:_system_pre_init)
                  00004812    00000004                                   : exit.c.obj (.text:abort:abort)

.const     0    00004818    0000019c     
                  00004818    00000090     driverlib.lib : gpio.obj (.const:g_pui32GPIOBaseAddrs)
                  000048a8    00000070                   : interrupt.obj (.const)
                  00004918    0000006c                   : sysctl.obj (.const:g_pui32Xtals)
                  00004984    00000012     uartstdio.obj (.const:.string)
                  00004996    00000002     --HOLE-- [fill = 0]
                  00004998    0000000c     uartstdio.obj (.const:g_ui32UARTBase)
                  000049a4    0000000c     uartstdio.obj (.const:g_ui32UARTPeriph)
                  000049b0    00000004     uartstdio.obj (.const)

.cinit     0    000049b8    00000040     
                  000049b8    00000018     (.cinit..data.load) [load image, compression = lzss]
                  000049d0    0000000c     (__TI_handler_table)
                  000049dc    00000004     --HOLE-- [fill = 0]
                  000049e0    00000008     (.cinit..bss.load) [load image, compression = zero_init]
                  000049e8    00000010     (__TI_cinit_table)

.init_array 
*          0    00000000    00000000     UNINITIALIZED

.bss       0    20000000    000002d4     UNINITIALIZED
                  20000000    0000012c     (.common:menu_items)
                  2000012c    00000120     rtsv7M4_T_le_v4SPD16_eabi.lib : trgmsg.c.obj (.bss:_CIOBUF_)
                  2000024c    00000080     (.common:string)
                  200002cc    00000008     (.common:parmbuf)

.data      0    200004d8    00000020     UNINITIALIZED
                  200004d8    0000000c     Nokia5110.obj (.data)
                  200004e4    00000008     rtsv7M4_T_le_v4SPD16_eabi.lib : _lock.c.obj (.data:$O1$$)
                  200004ec    00000005     uartstdio.obj (.data)
                  200004f1    00000003     --HOLE--
                  200004f4    00000004     rtsv7M4_T_le_v4SPD16_eabi.lib : rand.c.obj (.data)

.stack     0    200002d8    00000200     UNINITIALIZED
                  200002d8    00000004     rtsv7M4_T_le_v4SPD16_eabi.lib : boot_cortex_m.c.obj (.stack)
                  200002dc    000001fc     --HOLE--

MODULE SUMMARY

       Module                         code    ro data   rw data
       ------                         ----    -------   -------
    .\
       Nokia5110.obj                  12692   0         440    
       L8T2.obj                       1244    0         0      
       uartstdio.obj                  1180    46        5      
       tm4c123gh6pm_startup_ccs.obj   12      620       0      
    +--+------------------------------+-------+---------+---------+
       Total:                         15128   666       445    
                                                               
    C:/ti/tivaware_c_series_2_1_4_178/driverlib/ccs/Debug/driverlib.lib
       sysctl.obj                     630     108       0      
       gpio.obj                       456     144       0      
       adc.obj                        340     0         0      
       interrupt.obj                  104     112       0      
       uart.obj                       142     0         0      
       timer.obj                      140     0         0      
       ssi.obj                        118     0         0      
    +--+------------------------------+-------+---------+---------+
       Total:                         1930    364       0      
                                                               
    C:\ti\ccsv8\tools\compiler\ti-cgt-arm_18.1.3.LTS\lib\rtsv7M4_T_le_v4SPD16_eabi.lib
       trgmsg.c.obj                   108     0         288    
       memcpy_t2.asm.obj              156     0         0      
       copy_decompress_lzss.c.obj     104     0         0      
       rand.c.obj                     88      0         4      
       hosttime.c.obj                 72      0         0      
       autoinit.c.obj                 68      0         0      
       u_divt2.asm.obj                64      0         0      
       boot_cortex_m.c.obj            56      0         0      
       copy_zero_init.c.obj           18      0         0      
       copy_decompress_none.c.obj     14      0         0      
       time.c.obj                     14      0         0      
       _lock.c.obj                    2       0         8      
       hostopen.c.obj                 0       0         8      
       exit.c.obj                     4       0         0      
       pre_init.c.obj                 4       0         0      
       div0.asm.obj                   2       0         0      
    +--+------------------------------+-------+---------+---------+
       Total:                         774     0         308    
                                                               
       Stack:                         0       0         512    
       Linker Generated:              0       60        0      
    +--+------------------------------+-------+---------+---------+
       Grand Total:                   17832   1090      1265   


LINKER GENERATED COPY TABLES

__TI_cinit_table @ 000049e8 records: 2, size/record: 8, table size: 16
	.data: load addr=000049b8, load size=00000018 bytes, run addr=200004d8, run size=00000020 bytes, compression=lzss
	.bss: load addr=000049e0, load size=00000008 bytes, run addr=20000000, run size=000002d4 bytes, compression=zero_init


LINKER GENERATED HANDLER TABLE

__TI_handler_table @ 000049d0 records: 3, size/record: 4, table size: 12
	index: 0, handler: __TI_decompress_lzss
	index: 1, handler: __TI_decompress_none
	index: 2, handler: __TI_zero_init


GLOBAL SYMBOLS: SORTED ALPHABETICALLY BY Name 

address   name                          
-------   ----                          
00004765  ADCHardwareOversampleConfigure
000047c3  ADCIntClear                   
00004625  ADCIntStatus                  
000046df  ADCProcessorTrigger           
000042f9  ADCSequenceConfigure          
000046c1  ADCSequenceDataGet            
00004773  ADCSequenceEnable             
0000414d  ADCSequenceStepConfigure      
00004813  C$$EXIT                       
00004547  C$$IO$$                       
00004653  GPIODirModeSet                
00003d79  GPIOPadConfigSet              
00004349  GPIOPinConfigure              
0000470b  GPIOPinTypeSSI                
0000471d  GPIOPinTypeUART               
00004391  HOSTtime                      
00003441  InitADC                       
00003401  InitConsole                   
000041c9  IntEnable                     
000047b7  ResetISR                      
000047f5  SSIBusy                       
000044a5  SSIConfigSetExpClk            
000047ab  SSIDataGet                    
0000472f  SSIDataGetNonBlocking         
000047cd  SSIDataPut                    
000047d7  SSIEnable                     
00003ead  SysCtlClockGet                
00003fbd  SysCtlClockSet                
00004805  SysCtlDelay                   
00004589  SysCtlPeripheralEnable        
000044e1  SysCtlPeripheralPresent       
00003873  SysTick_Init                  
00003801  SysTick_Wait                  
0000384d  SysTick_Wait50ms              
00003639  Timer1AIntHandler             
00004299  TimerConfigure                
00004781  TimerEnable                   
0000480b  TimerIntClear                 
000047fd  TimerIntEnable                
00004741  TimerLoadSet                  
000047e1  UARTCharGet                   
000047eb  UARTCharPut                   
000043d9  UARTConfigSetExpClk           
000046a1  UARTDisable                   
000046f7  UARTEnable                    
000038dd  UARTStdioConfig               
00003a23  UARTgetc                      
00003969  UARTgets                      
00003d43  UARTprintf                    
00003a49  UARTvprintf                   
00003923  UARTwrite                     
2000012c  __CIOBUF_                     
200004d8  __STACK_END                   
00000200  __STACK_SIZE                  
200004d8  __STACK_TOP                   
000049e8  __TI_CINIT_Base               
000049f8  __TI_CINIT_Limit              
000049d0  __TI_Handler_Table_Base       
000049dc  __TI_Handler_Table_Limit      
00004421  __TI_auto_init_nobinit_nopinit
00004231  __TI_decompress_lzss          
0000479d  __TI_decompress_none          
ffffffff  __TI_pprof_out_hndl           
ffffffff  __TI_prof_data_size           
ffffffff  __TI_prof_data_start          
000045bd  __TI_readmsg                  
00000000  __TI_static_base__            
00004519  __TI_writemsg                 
00004753  __TI_zero_init_nomemset       
000041c7  __aeabi_idiv0                 
000041c7  __aeabi_ldiv0                 
000040b1  __aeabi_memcpy                
000040b1  __aeabi_memcpy4               
000040b1  __aeabi_memcpy8               
00004465  __aeabi_uidiv                 
00004465  __aeabi_uidivmod              
ffffffff  __binit__                     
ffffffff  __c_args__                    
UNDEFED   __mpu_init                    
200002d8  __stack                       
0000478f  __time32                      
00004551  _c_int00_noargs               
200004e4  _lock                         
00003eab  _nop                          
UNDEFED   _system_post_cinit            
0000480f  _system_pre_init              
200004e8  _unlock                       
00004813  abort                         
ffffffff  binit                         
000003f1  char_write                    
00002547  clear_columns                 
0000026d  clear_screen                  
200004d9  cp                            
000024f3  disable_backlight             
0000249f  enable_backlight              
0000257d  fill_screen                   
200004d8  first                         
00000000  g_pfnVectors                  
00002ee1  get_character_length          
0000239b  initialize_screen             
0000029b  lcd_write                     
00003497  main                          
200004e0  max                           
000040b1  memcpy                        
20000000  menu_items                    
200004dc  min                           
200002cc  parmbuf                       
000045f1  rand                          
000025c5  screen_write                  
0000286b  set_Y_position_bottom         
000028ff  set_Y_position_centre         
00003395  set_buttons_up_down           
00003175  set_menu                      
000031eb  show_menu                     
0000467d  srand                         
00002993  startSSI0                     
00002a99  startSSI1                     
00002bd7  startSSI2                     
00002d11  startSSI3                     
2000024c  string                        
0000478f  time                          


GLOBAL SYMBOLS: SORTED BY Symbol Address 

address   name                          
-------   ----                          
00000000  __TI_static_base__            
00000000  g_pfnVectors                  
00000200  __STACK_SIZE                  
0000026d  clear_screen                  
0000029b  lcd_write                     
000003f1  char_write                    
0000239b  initialize_screen             
0000249f  enable_backlight              
000024f3  disable_backlight             
00002547  clear_columns                 
0000257d  fill_screen                   
000025c5  screen_write                  
0000286b  set_Y_position_bottom         
000028ff  set_Y_position_centre         
00002993  startSSI0                     
00002a99  startSSI1                     
00002bd7  startSSI2                     
00002d11  startSSI3                     
00002ee1  get_character_length          
00003175  set_menu                      
000031eb  show_menu                     
00003395  set_buttons_up_down           
00003401  InitConsole                   
00003441  InitADC                       
00003497  main                          
00003639  Timer1AIntHandler             
00003801  SysTick_Wait                  
0000384d  SysTick_Wait50ms              
00003873  SysTick_Init                  
000038dd  UARTStdioConfig               
00003923  UARTwrite                     
00003969  UARTgets                      
00003a23  UARTgetc                      
00003a49  UARTvprintf                   
00003d43  UARTprintf                    
00003d79  GPIOPadConfigSet              
00003eab  _nop                          
00003ead  SysCtlClockGet                
00003fbd  SysCtlClockSet                
000040b1  __aeabi_memcpy                
000040b1  __aeabi_memcpy4               
000040b1  __aeabi_memcpy8               
000040b1  memcpy                        
0000414d  ADCSequenceStepConfigure      
000041c7  __aeabi_idiv0                 
000041c7  __aeabi_ldiv0                 
000041c9  IntEnable                     
00004231  __TI_decompress_lzss          
00004299  TimerConfigure                
000042f9  ADCSequenceConfigure          
00004349  GPIOPinConfigure              
00004391  HOSTtime                      
000043d9  UARTConfigSetExpClk           
00004421  __TI_auto_init_nobinit_nopinit
00004465  __aeabi_uidiv                 
00004465  __aeabi_uidivmod              
000044a5  SSIConfigSetExpClk            
000044e1  SysCtlPeripheralPresent       
00004519  __TI_writemsg                 
00004547  C$$IO$$                       
00004551  _c_int00_noargs               
00004589  SysCtlPeripheralEnable        
000045bd  __TI_readmsg                  
000045f1  rand                          
00004625  ADCIntStatus                  
00004653  GPIODirModeSet                
0000467d  srand                         
000046a1  UARTDisable                   
000046c1  ADCSequenceDataGet            
000046df  ADCProcessorTrigger           
000046f7  UARTEnable                    
0000470b  GPIOPinTypeSSI                
0000471d  GPIOPinTypeUART               
0000472f  SSIDataGetNonBlocking         
00004741  TimerLoadSet                  
00004753  __TI_zero_init_nomemset       
00004765  ADCHardwareOversampleConfigure
00004773  ADCSequenceEnable             
00004781  TimerEnable                   
0000478f  __time32                      
0000478f  time                          
0000479d  __TI_decompress_none          
000047ab  SSIDataGet                    
000047b7  ResetISR                      
000047c3  ADCIntClear                   
000047cd  SSIDataPut                    
000047d7  SSIEnable                     
000047e1  UARTCharGet                   
000047eb  UARTCharPut                   
000047f5  SSIBusy                       
000047fd  TimerIntEnable                
00004805  SysCtlDelay                   
0000480b  TimerIntClear                 
0000480f  _system_pre_init              
00004813  C$$EXIT                       
00004813  abort                         
000049d0  __TI_Handler_Table_Base       
000049dc  __TI_Handler_Table_Limit      
000049e8  __TI_CINIT_Base               
000049f8  __TI_CINIT_Limit              
20000000  menu_items                    
2000012c  __CIOBUF_                     
2000024c  string                        
200002cc  parmbuf                       
200002d8  __stack                       
200004d8  __STACK_END                   
200004d8  __STACK_TOP                   
200004d8  first                         
200004d9  cp                            
200004dc  min                           
200004e0  max                           
200004e4  _lock                         
200004e8  _unlock                       
ffffffff  __TI_pprof_out_hndl           
ffffffff  __TI_prof_data_size           
ffffffff  __TI_prof_data_start          
ffffffff  __binit__                     
ffffffff  __c_args__                    
ffffffff  binit                         
UNDEFED   __mpu_init                    
UNDEFED   _system_post_cinit            

[121 symbols]
