******************************************************************************
                  TI ARM Linker PC v18.1.2                     
******************************************************************************
>> Linked Sat Oct  6 15:06:28 2018

OUTPUT FILE NAME:   <Lab_04.out>
ENTRY POINT SYMBOL: "_c_int00_noinit_noargs"  address: 000008b1


MEMORY CONFIGURATION

         name            origin    length      used     unused   attr    fill
----------------------  --------  ---------  --------  --------  ----  --------
  FLASH                 00000000   00040000  00000a9a  0003f566  R  X
  SRAM                  20000000   00008000  00000068  00007f98  RW X


SEGMENT ALLOCATION MAP

run origin  load origin   length   init length attrs members
----------  ----------- ---------- ----------- ----- -------
00000000    00000000    00000a9c   00000a9c    r-x
  00000000    00000000    0000026c   0000026c    r-- .intvecs
  0000026c    0000026c    00000752   00000752    r-x .text
  000009c0    000009c0    000000dc   000000dc    r-- .const
20000000    20000000    00000068   00000000    rw-
  20000000    20000000    00000068   00000000    rw- .stack


SECTION ALLOCATION MAP

 output                                  attributes/
section   page    origin      length       input sections
--------  ----  ----------  ----------   ----------------
.intvecs   0    00000000    0000026c     
                  00000000    0000026c     tm4c123gh6pm_startup_ccs.obj (.intvecs)

.text      0    0000026c    00000752     
                  0000026c    000001b8     main.obj (.text)
                  00000424    00000132     driverlib.lib : gpio.obj (.text:GPIOPadConfigSet)
                  00000556    00000002     --HOLE-- [fill = 0]
                  00000558    00000110                   : sysctl.obj (.text:SysCtlClockGet)
                  00000668    000000f4                   : sysctl.obj (.text:SysCtlClockSet)
                  0000075c    00000068                   : interrupt.obj (.text:IntEnable)
                  000007c4    00000060                   : timer.obj (.text:TimerConfigure)
                  00000824    00000056                   : gpio.obj (.text:GPIOIntTypeSet)
                  0000087a    00000002     --HOLE-- [fill = 0]
                  0000087c    00000034                   : sysctl.obj (.text:SysCtlPeripheralEnable)
                  000008b0    00000030     rtsv7M4_T_le_v4SPD16_eabi.lib : boot_cortex_m.c.obj (.text:_c_int00_noinit_noargs:_c_int00_noinit_noargs)
                  000008e0    0000002a     driverlib.lib : gpio.obj (.text:GPIODirModeSet)
                  0000090a    00000018                   : gpio.obj (.text:GPIOPinTypeGPIOOutput)
                  00000922    00000012                   : gpio.obj (.text:GPIOPinTypeGPIOInput)
                  00000934    00000012                   : timer.obj (.text:TimerLoadSet)
                  00000946    00000010                   : interrupt.obj (.text:IntMasterEnable)
                  00000956    0000000e                   : timer.obj (.text:TimerEnable)
                  00000964    0000000c                   : cpu.obj (.text:CPUcpsie)
                  00000970    0000000c                   : gpio.obj (.text:GPIOIntEnable)
                  0000097c    0000000c     tm4c123gh6pm_startup_ccs.obj (.text)
                  00000988    0000000a     driverlib.lib : timer.obj (.text:TimerIntDisable)
                  00000992    00000008                   : timer.obj (.text:TimerIntEnable)
                  0000099a    00000006                   : gpio.obj (.text:GPIOIntClear)
                  000009a0    00000006                   : gpio.obj (.text:GPIOPinRead)
                  000009a6    00000006                   : gpio.obj (.text:GPIOPinWrite)
                  000009ac    00000006                   : sysctl.obj (.text:SysCtlDelay)
                  000009b2    00000004                   : timer.obj (.text:TimerIntClear)
                  000009b6    00000004     rtsv7M4_T_le_v4SPD16_eabi.lib : pre_init.c.obj (.text:_system_pre_init)
                  000009ba    00000004                                   : exit.c.obj (.text:abort:abort)

.const     0    000009c0    000000dc     
                  000009c0    00000070     driverlib.lib : interrupt.obj (.const)
                  00000a30    0000006c                   : sysctl.obj (.const:g_pui32Xtals)

.cinit     0    00000000    00000000     UNINITIALIZED

.init_array 
*          0    00000000    00000000     UNINITIALIZED

.stack     0    20000000    00000068     UNINITIALIZED
                  20000000    00000004     rtsv7M4_T_le_v4SPD16_eabi.lib : boot_cortex_m.c.obj (.stack)
                  20000004    00000064     --HOLE--

MODULE SUMMARY

       Module                         code   ro data   rw data
       ------                         ----   -------   -------
    .\
       tm4c123gh6pm_startup_ccs.obj   12     620       0      
       main.obj                       440    0         0      
    +--+------------------------------+------+---------+---------+
       Total:                         452    620       0      
                                                              
    C:/ti/tivaware_c_series_2_1_4_178/driverlib/ccs/Debug/driverlib.lib
       sysctl.obj                     574    108       0      
       gpio.obj                       506    0         0      
       interrupt.obj                  120    112       0      
       timer.obj                      150    0         0      
       cpu.obj                        12     0         0      
    +--+------------------------------+------+---------+---------+
       Total:                         1362   220       0      
                                                              
    C:\ti\ccsv8\tools\compiler\ti-cgt-arm_18.1.2.LTS\lib\rtsv7M4_T_le_v4SPD16_eabi.lib
       boot_cortex_m.c.obj            48     0         0      
       exit.c.obj                     4      0         0      
       pre_init.c.obj                 4      0         0      
    +--+------------------------------+------+---------+---------+
       Total:                         56     0         0      
                                                              
       Stack:                         0      0         104    
    +--+------------------------------+------+---------+---------+
       Grand Total:                   1870   840       104    


GLOBAL SYMBOLS: SORTED ALPHABETICALLY BY Name 

address   name                  
-------   ----                  
000009bb  C$$EXIT               
00000965  CPUcpsie              
000008e1  GPIODirModeSet        
0000099b  GPIOIntClear          
00000971  GPIOIntEnable         
00000825  GPIOIntTypeSet        
00000425  GPIOPadConfigSet      
000009a1  GPIOPinRead           
00000923  GPIOPinTypeGPIOInput  
0000090b  GPIOPinTypeGPIOOutput 
000009a7  GPIOPinWrite          
0000075d  IntEnable             
00000947  IntMasterEnable       
00000303  Mytimer1A_Delay       
0000097d  ResetISR              
00000559  SysCtlClockGet        
00000669  SysCtlClockSet        
000009ad  SysCtlDelay           
0000087d  SysCtlPeripheralEnable
00000373  Timer0IntHandler      
000003ab  Timer1IntHandler      
000007c5  TimerConfigure        
00000957  TimerEnable           
000009b3  TimerIntClear         
00000989  TimerIntDisable       
00000993  TimerIntEnable        
00000935  TimerLoadSet          
20000068  __STACK_END           
00000068  __STACK_SIZE          
20000200  __STACK_TOP           
ffffffff  __TI_pprof_out_hndl   
ffffffff  __TI_prof_data_size   
ffffffff  __TI_prof_data_start  
00000000  __TI_static_base__    
ffffffff  __binit__             
ffffffff  __c_args__            
UNDEFED   __mpu_init            
20000000  __stack               
000008b1  _c_int00_noinit_noargs
000009b7  _system_pre_init      
000009bb  abort                 
ffffffff  binit                 
00000000  g_pfnVectors          
0000026d  main                  


GLOBAL SYMBOLS: SORTED BY Symbol Address 

address   name                  
-------   ----                  
00000000  __TI_static_base__    
00000000  g_pfnVectors          
00000068  __STACK_SIZE          
0000026d  main                  
00000303  Mytimer1A_Delay       
00000373  Timer0IntHandler      
000003ab  Timer1IntHandler      
00000425  GPIOPadConfigSet      
00000559  SysCtlClockGet        
00000669  SysCtlClockSet        
0000075d  IntEnable             
000007c5  TimerConfigure        
00000825  GPIOIntTypeSet        
0000087d  SysCtlPeripheralEnable
000008b1  _c_int00_noinit_noargs
000008e1  GPIODirModeSet        
0000090b  GPIOPinTypeGPIOOutput 
00000923  GPIOPinTypeGPIOInput  
00000935  TimerLoadSet          
00000947  IntMasterEnable       
00000957  TimerEnable           
00000965  CPUcpsie              
00000971  GPIOIntEnable         
0000097d  ResetISR              
00000989  TimerIntDisable       
00000993  TimerIntEnable        
0000099b  GPIOIntClear          
000009a1  GPIOPinRead           
000009a7  GPIOPinWrite          
000009ad  SysCtlDelay           
000009b3  TimerIntClear         
000009b7  _system_pre_init      
000009bb  C$$EXIT               
000009bb  abort                 
20000000  __stack               
20000068  __STACK_END           
20000200  __STACK_TOP           
ffffffff  __TI_pprof_out_hndl   
ffffffff  __TI_prof_data_size   
ffffffff  __TI_prof_data_start  
ffffffff  __binit__             
ffffffff  __c_args__            
ffffffff  binit                 
UNDEFED   __mpu_init            

[44 symbols]
