******************************************************************************
                  TI ARM Linker PC v18.1.3                     
******************************************************************************
>> Linked Fri Dec  7 23:02:53 2018

OUTPUT FILE NAME:   <sensor_cc1350lp.out>
ENTRY POINT SYMBOL: "ResetISR"  address: 00014aed


MEMORY CONFIGURATION

         name            origin    length      used     unused   attr    fill
----------------------  --------  ---------  --------  --------  ----  --------
  FLASH                 00000000   0001e000  00019240  00004dc0  R  X
  FLASH_NV              0001e000   00001000  00001000  00000000  RW X
  FLASH_LAST            0001f000   00001000  00000b38  000004c8  R  X
  SRAM                  20000000   00005000  00003324  00001cdc  RW X


SEGMENT ALLOCATION MAP

run origin  load origin   length   init length attrs members
----------  ----------- ---------- ----------- ----- -------
00000000    00000000    00000c6c   00000c6c    r--
  00000000    00000000    0000003c   0000003c    r-- .resetVecs
  0000003c    0000003c    00000c30   00000c30    r-- .const
00001000    00001000    000185e0   000185e0    r-x
  00001000    00001000    0000003c   0000003c    r-- .const:ti_sysbios_knl_Task_Object__PARAMS__C
  0000103c    0000103c    00000034   00000034    r-- .const:ti_sysbios_knl_Mailbox_Object__PARAMS__C
  00001070    00001070    00000030   00000030    r-- .const:ti_sysbios_family_arm_m3_Hwi_Object__PARAMS__C
  000010a0    000010a0    0000002c   0000002c    r-- .const:ti_sysbios_hal_Hwi_Object__PARAMS__C
  000010cc    000010cc    00000028   00000028    r-- .const:ti_sysbios_heaps_HeapMem_Module__FXNS__C
  000010f4    000010f4    00000028   00000028    r-- .const:ti_sysbios_knl_Swi_Object__PARAMS__C
  0000111c    0000111c    00000024   00000024    r-- .const:ti_sysbios_gates_GateHwi_Module__FXNS__C
  00001140    00001140    00000024   00000024    r-- .const:ti_sysbios_gates_GateMutex_Module__FXNS__C
  00001164    00001164    00000024   00000024    r-- .const:ti_sysbios_heaps_HeapMem_Object__PARAMS__C
  00001188    00001188    00000024   00000024    r-- .const:ti_sysbios_knl_Clock_Object__PARAMS__C
  000011ac    000011ac    00000024   00000024    r-- .const:ti_sysbios_knl_Semaphore_Object__PARAMS__C
  000011d0    000011d0    00000020   00000020    r-- .const:ti_sysbios_family_arm_m3_Hwi_Object__DESC__C
  000011f0    000011f0    00000020   00000020    r-- .const:ti_sysbios_gates_GateHwi_Object__DESC__C
  00001210    00001210    00000020   00000020    r-- .const:ti_sysbios_gates_GateMutex_Object__DESC__C
  00001230    00001230    00000020   00000020    r-- .const:ti_sysbios_hal_Hwi_Object__DESC__C
  00001250    00001250    00000020   00000020    r-- .const:ti_sysbios_heaps_HeapMem_Object__DESC__C
  00001270    00001270    00000020   00000020    r-- .const:ti_sysbios_knl_Clock_Object__DESC__C
  00001290    00001290    00000020   00000020    r-- .const:ti_sysbios_knl_Mailbox_Object__DESC__C
  000012b0    000012b0    00000020   00000020    r-- .const:ti_sysbios_knl_Queue_Object__DESC__C
  000012d0    000012d0    00000020   00000020    r-- .const:ti_sysbios_knl_Semaphore_Object__DESC__C
  000012f0    000012f0    00000020   00000020    r-- .const:ti_sysbios_knl_Swi_Object__DESC__C
  00001310    00001310    00000020   00000020    r-- .const:ti_sysbios_knl_Task_Object__DESC__C
  00001330    00001330    00000018   00000018    r-- .const:ti_sysbios_gates_GateHwi_Object__PARAMS__C
  00001348    00001348    00000018   00000018    r-- .const:ti_sysbios_gates_GateMutex_Object__PARAMS__C
  00001360    00001360    00000018   00000018    r-- .const:ti_sysbios_knl_Queue_Object__PARAMS__C
  00001378    00001378    00000008   00000008    r-- .const:ti_sysbios_knl_Idle_funcList__C
  00001384    00001384    00000004   00000004    r-- .const:ti_sysbios_family_arm_cc26xx_Timer_startupNeeded__C
  00001388    00001388    00000004   00000004    r-- .const:ti_sysbios_family_arm_m3_Hwi_E_alreadyDefined__C
  0000138c    0000138c    00000004   00000004    r-- .const:ti_sysbios_family_arm_m3_Hwi_E_hwiLimitExceeded__C
  00001390    00001390    00000004   00000004    r-- .const:ti_sysbios_family_arm_m3_Hwi_NUM_INTERRUPTS__C
  00001394    00001394    00000004   00000004    r-- .const:ti_sysbios_family_arm_m3_Hwi_Object__count__C
  00001398    00001398    00000004   00000004    r-- .const:ti_sysbios_family_arm_m3_Hwi_Object__table__C
  0000139c    0000139c    00000004   00000004    r-- .const:ti_sysbios_family_arm_m3_Hwi_ccr__C
  000013a0    000013a0    00000004   00000004    r-- .const:ti_sysbios_family_arm_m3_Hwi_excHandlerFunc__C
  000013a4    000013a4    00000004   00000004    r-- .const:ti_sysbios_family_arm_m3_Hwi_nullIsrFunc__C
  000013a8    000013a8    00000004   00000004    r-- .const:ti_sysbios_family_arm_m3_Hwi_numSparseInterrupts__C
  000013ac    000013ac    00000004   00000004    r-- .const:ti_sysbios_family_arm_m3_Hwi_priGroup__C
  000013b0    000013b0    00000004   00000004    r-- .const:ti_sysbios_family_arm_m3_TaskSupport_stackAlignment__C
  000013b4    000013b4    00000004   00000004    r-- .const:ti_sysbios_heaps_HeapMem_E_memory__C
  000013b8    000013b8    00000004   00000004    r-- .const:ti_sysbios_heaps_HeapMem_Module__gateObj__C
  000013bc    000013bc    00000004   00000004    r-- .const:ti_sysbios_heaps_HeapMem_Object__count__C
  000013c0    000013c0    00000004   00000004    r-- .const:ti_sysbios_heaps_HeapMem_Object__table__C
  000013c4    000013c4    00000004   00000004    r-- .const:ti_sysbios_heaps_HeapMem_reqAlign__C
  000013c8    000013c8    00000004   00000004    r-- .const:ti_sysbios_knl_Clock_serviceMargin__C
  000013cc    000013cc    00000004   00000004    r-- .const:ti_sysbios_knl_Mailbox_Object__count__C
  000013d0    000013d0    00000004   00000004    r-- .const:ti_sysbios_knl_Mailbox_Object__table__C
  000013d4    000013d4    00000004   00000004    r-- .const:ti_sysbios_knl_Mailbox_maxTypeAlign__C
  000013d8    000013d8    00000004   00000004    r-- .const:ti_sysbios_knl_Queue_Object__count__C
  000013dc    000013dc    00000004   00000004    r-- .const:ti_sysbios_knl_Queue_Object__table__C
  000013e0    000013e0    00000004   00000004    r-- .const:ti_sysbios_knl_Swi_Object__count__C
  000013e4    000013e4    00000004   00000004    r-- .const:ti_sysbios_knl_Swi_Object__table__C
  000013e8    000013e8    00000004   00000004    r-- .const:ti_sysbios_knl_Swi_numPriorities__C
  000013ec    000013ec    00000004   00000004    r-- .const:ti_sysbios_knl_Task_Object__count__C
  000013f0    000013f0    00000004   00000004    r-- .const:ti_sysbios_knl_Task_Object__table__C
  000013f4    000013f4    00000004   00000004    r-- .const:ti_sysbios_knl_Task_allBlockedFunc__C
  000013f8    000013f8    00000004   00000004    r-- .const:ti_sysbios_knl_Task_defaultStackHeap__C
  000013fc    000013fc    00000004   00000004    r-- .const:ti_sysbios_knl_Task_defaultStackSize__C
  00001400    00001400    00000004   00000004    r-- .const:ti_sysbios_knl_Task_numConstructedTasks__C
  00001406    00001406    00000002   00000002    r-- .const:ti_sysbios_family_arm_cc26xx_Timer_Module__id__C
  00001408    00001408    00000002   00000002    r-- .const:ti_sysbios_family_arm_cc26xx_TimestampProvider_useClockTimer__C
  0000140a    0000140a    00000002   00000002    r-- .const:ti_sysbios_family_arm_m3_Hwi_Module__id__C
  0000140c    0000140c    00000002   00000002    r-- .const:ti_sysbios_gates_GateHwi_Module__id__C
  0000140e    0000140e    00000002   00000002    r-- .const:ti_sysbios_gates_GateMutex_Module__id__C
  00001410    00001410    00000002   00000002    r-- .const:ti_sysbios_heaps_HeapMem_Module__id__C
  00001412    00001412    00000002   00000002    r-- .const:ti_sysbios_knl_Task_initStackFlag__C
  00001414    00001414    00000001   00000001    r-- .const:ti_sysbios_knl_Clock_tickMode__C
  00001418    00001418    00000008   00000008    r-- .const:xdc_runtime_Startup_firstFxns__C
  00001420    00001420    00000008   00000008    r-- .const:xdc_runtime_Startup_lastFxns__C
  00001428    00001428    00000004   00000004    r-- .const:xdc_runtime_Assert_E_assertFailed__C
  0000142c    0000142c    00000004   00000004    r-- .const:xdc_runtime_Error_E_memory__C
  00001430    00001430    00000004   00000004    r-- .const:xdc_runtime_Error_policyFxn__C
  00001434    00001434    00000004   00000004    r-- .const:xdc_runtime_IGateProvider_Interface__BASE__C
  00001438    00001438    00000004   00000004    r-- .const:xdc_runtime_IHeap_Interface__BASE__C
  0000143c    0000143c    00000004   00000004    r-- .const:xdc_runtime_IModule_Interface__BASE__C
  00001440    00001440    00000004   00000004    r-- .const:xdc_runtime_Main_Module__diagsEnabled__C
  00001444    00001444    00000004   00000004    r-- .const:xdc_runtime_Main_Module__diagsIncluded__C
  00001448    00001448    00000004   00000004    r-- .const:xdc_runtime_Main_Module__diagsMask__C
  0000144c    0000144c    00000004   00000004    r-- .const:xdc_runtime_Memory_defaultHeapInstance__C
  00001450    00001450    00000004   00000004    r-- .const:xdc_runtime_Startup_execImpl__C
  00001454    00001454    00000004   00000004    r-- .const:xdc_runtime_Startup_maxPasses__C
  00001458    00001458    00000004   00000004    r-- .const:xdc_runtime_Startup_sfxnRts__C
  0000145c    0000145c    00000004   00000004    r-- .const:xdc_runtime_Startup_sfxnTab__C
  00001460    00001460    00000004   00000004    r-- .const:xdc_runtime_Startup_startModsFxn__C
  00001464    00001464    00000004   00000004    r-- .const:xdc_runtime_SysCallback_abortFxn__C
  00001468    00001468    00000004   00000004    r-- .const:xdc_runtime_SysCallback_exitFxn__C
  0000146c    0000146c    00000004   00000004    r-- .const:xdc_runtime_System_abortFxn__C
  00001470    00001470    00000004   00000004    r-- .const:xdc_runtime_System_exitFxn__C
  00001474    00001474    00000004   00000004    r-- .const:xdc_runtime_System_maxAtexitHandlers__C
  00001478    00001478    00000004   00000004    r-- .const:xdc_runtime_Text_charTab__C
  0000147c    0000147c    00000004   00000004    r-- .const:xdc_runtime_Text_nameEmpty__C
  00001480    00001480    00000004   00000004    r-- .const:xdc_runtime_Text_nameStatic__C
  00001484    00001484    00000004   00000004    r-- .const:xdc_runtime_Text_nameUnknown__C
  00001488    00001488    00000002   00000002    r-- .const:xdc_runtime_Main_Module__id__C
  0000148a    0000148a    00000002   00000002    r-- .const:xdc_runtime_Memory_Module__id__C
  0000148c    0000148c    00000002   00000002    r-- .const:xdc_runtime_Text_charCnt__C
  0000148e    0000148e    00000002   00000002    r-- .const:xdc_runtime_Text_isLoaded__C
  00001490    00001490    00000001   00000001    r-- .const:xdc_runtime_Error_policy__C
  00001494    00001494    00000004   00000004    r-- .const:ti_sysbios_rom_ROM_AONRTCChannelEnable
  00001498    00001498    00000004   00000004    r-- .const:ti_sysbios_rom_ROM_AONRTCCompareValueSet
  0000149c    0000149c    00000004   00000004    r-- .const:ti_sysbios_rom_ROM_AONRTCCurrentCompareValueGet
  000014a0    000014a0    00000004   00000004    r-- .const:ti_sysbios_rom_ROM_AONRTCEventClear
  000014a4    000014a4    00000004   00000004    r-- .const:ti_sysbios_rom_ROM_ti_sysbios_family_arm_cc26xx_Timer_getCount64__E
  000014a8    000014a8    00000004   00000004    r-- .const:ti_sysbios_rom_ROM_ti_sysbios_family_arm_cc26xx_Timer_getCurrentTick__E
  000014ac    000014ac    00000004   00000004    r-- .const:ti_sysbios_rom_ROM_ti_sysbios_family_arm_cc26xx_Timer_getMaxTicks__E
  000014b0    000014b0    00000004   00000004    r-- .const:ti_sysbios_rom_ROM_ti_sysbios_family_arm_cc26xx_Timer_initDevice__I
  000014b4    000014b4    00000004   00000004    r-- .const:ti_sysbios_rom_ROM_ti_sysbios_family_arm_cc26xx_Timer_setNextTick__E
  000014b8    000014b8    00000004   00000004    r-- .const:ti_sysbios_rom_ROM_ti_sysbios_family_arm_cc26xx_Timer_setThreshold__I
  000014bc    000014bc    00000004   00000004    r-- .const:ti_sysbios_rom_ROM_ti_sysbios_family_arm_cc26xx_Timer_start__E
  000014c0    000014c0    00000004   00000004    r-- .const:ti_sysbios_rom_ROM_ti_sysbios_family_arm_cc26xx_TimestampProvider_get32__E
  000014c4    000014c4    00000004   00000004    r-- .const:ti_sysbios_rom_ROM_xdc_runtime_Startup_getState__I
  000014c8    000014c8    00000004   00000004    r-- .const:ti_sysbios_rom_ROM_xdc_runtime_System_SupportProxy_abort__E
  000014cc    000014cc    00000004   00000004    r-- .const:ti_sysbios_rom_ROM_xdc_runtime_System_SupportProxy_exit__E
  000014d0    000014d0    00000004   00000004    r-- .const:ti_sysbios_gates_GateMutex_Instance_State_sem__O
  000014d4    000014d4    00000004   00000004    r-- .const:ti_sysbios_knl_Clock_Module_State_clockQ__O
  000014d8    000014d8    00000004   00000004    r-- .const:ti_sysbios_knl_Mailbox_Instance_State_dataQue__O
  000014dc    000014dc    00000004   00000004    r-- .const:ti_sysbios_knl_Mailbox_Instance_State_dataSem__O
  000014e0    000014e0    00000004   00000004    r-- .const:ti_sysbios_knl_Mailbox_Instance_State_freeQue__O
  000014e4    000014e4    00000004   00000004    r-- .const:ti_sysbios_knl_Mailbox_Instance_State_freeSem__O
  000014e8    000014e8    00000004   00000004    r-- .const:ti_sysbios_knl_Semaphore_Instance_State_pendQ__O
  000014ec    000014ec    00000004   00000004    r-- .const:ti_sysbios_knl_Task_Module_State_inactiveQ__O
  000014f0    000014f0    00017054   00017054    r-x .text
  00018544    00018544    00000bd4   00000bd4    r-- config_const
  00019118    00019118    000004c8   000004c8    r-- .cinit
0001e000    0001e000    00001ae0   00001ae0    r-x
  0001e000    0001e000    00001000   00001000    r-- .TI.bound:NV_FLASH
  0001f000    0001f000    00000ae0   00000ae0    r-x flash_last_text
0001ffa8    0001ffa8    00000058   00000058    r--
  0001ffa8    0001ffa8    00000058   00000058    r-- .ccfg
20000100    20000100    00002d60   00000000    rw-
  20000100    20000100    00000044   00000000    rw- .data:ti_sysbios_knl_Task_Module__state__V
  20000144    20000144    00000034   00000000    rw- .data:ti_sysbios_family_arm_m3_Hwi_Module__state__V
  20000178    20000178    0000002c   00000000    rw- .data:ti_sysbios_knl_Clock_Module__state__V
  200001a4    200001a4    00000024   00000000    rw- .data:ti_sysbios_BIOS_Module__state__V
  200001c8    200001c8    0000001c   00000000    rw- .data:ti_sysbios_knl_Swi_Module__state__V
  200001e4    200001e4    00000008   00000000    rw- .data:ti_sysbios_family_arm_cc26xx_Timer_Module__state__V
  200001ec    200001ec    00000004   00000000    rw- .data:ti_sysbios_family_arm_cc26xx_TimestampProvider_Module__state__V
  200001f0    200001f0    00000008   00000000    rw- .data:xdc_runtime_Startup_Module__state__V
  200001f8    200001f8    00000008   00000000    rw- .data:xdc_runtime_System_Module__state__V
  20000200    20000200    00000004   00000000    rw- .data:xdc_runtime_Memory_Module__state__V
  20000208    20000208    00001c0e   00000000    rw- .data
  20001e18    20001e18    00001048   00000000    rw- .bss
20004b00    20004b00    00000500   00000000    rw-
  20004b00    20004b00    00000500   00000000    rw- .stack


SECTION ALLOCATION MAP

 output                                  attributes/
section   page    origin      length       input sections
--------  ----  ----------  ----------   ----------------
.const     0    0000003c    00000c30     
                  0000003c    0000045c     hmac_global.obj (.const:$O12$$)
                  00000498    000001c0     fh_global.obj (.const:$O9$$)
                  00000658    000000fa     fh_global.obj (.const:FH_stateMatrix)
                  00000752    00000002     jdllc.obj (.const:keyUsageList$34)
                  00000754    000000cc     icall.obj (.const:$O2$$)
                  00000820    00000088     jdllc.obj (.const:$O25$$)
                  000008a8    0000006e     hmac_global.obj (.const:macIdleSt)
                  00000916    0000006e     hmac_global.obj (.const:macScanningSt)
                  00000984    00000050     CC13X0_LAUNCHXL.obj (.const:$O4$$)
                  000009d4    0000004c     drivers_cc13x0.aem3 : PowerCC26XX.oem3 (.const:resourceDB)
                  00000a20    00000048     app_pem3.oem3 (.const:.string)
                  00000a68    00000044     drivers_cc13x0.aem3 : UARTCC26XX.oem3 (.const:$O1$$)
                  00000aac    00000028                         : UARTCC26XX.oem3 (.const:UARTCC26XX_fxnTable)
                  00000ad4    00000028     CC13X0_LAUNCHXL.obj (.const:uartCC26XXHWAttrs)
                  00000afc    00000024     drivers_cc13x0.aem3 : UART.oem3 (.const:UART_defaultParams)
                  00000b20    00000024     app_pem3.oem3 (.const:xdc_runtime_Startup_sfxnTab__A)
                  00000b44    00000020     jdllc.obj (.const:keyDeviceList$34)
                  00000b64    0000001c     rf_multiMode_cc13x0.aem3 : RFCC26XX_multiMode.oem3 (.const:RF_defaultParams)
                  00000b80    00000018     CC13X0_LAUNCHXL.obj (.const:PowerCC26XX_config)
                  00000b98    00000018     driverlib.lib : rfc.obj (.const:rfc_defaultIrqAddr$106)
                  00000bb0    00000013     macstack.obj (.const:.string:msacbackSizeTable)
                  00000bc3    00000001     app_pem3.oem3 (.const:xdc_runtime_Text_charTab__A)
                  00000bc4    00000012     app_pem3.oem3 (.const:xdc_runtime_Startup_sfxnRts__A)
                  00000bd6    00000002     app_pem3.oem3 (.const:xdc_runtime_Text_registryModsLastId__C)
                  00000bd8    00000010     CC13X0_LAUNCHXL.obj (.const:cryptoCC26XXHWAttrs)
                  00000be8    0000000c     CC13X0_LAUNCHXL.obj (.const:UART_config)
                  00000bf4    0000000c     app_pem3.oem3 (.const:xdc_runtime_Startup_firstFxns__A)
                  00000c00    0000000a     CC13X0_LAUNCHXL.obj (.const)
                  00000c0a    00000002     app_pem3.oem3 (.const:xdc_runtime_Text_unnamedModsLastId__C)
                  00000c0c    00000008     maclib_secure.a : mac_rx.obj (.const:$O35$$)
                  00000c14    00000008     main.obj (.const:.string:dummyExtAddr$36)
                  00000c1c    00000008     CC13X0_LAUNCHXL.obj (.const:CryptoCC26XX_config)
                  00000c24    00000008     CC13X0_LAUNCHXL.obj (.const:PINCC26XX_hwAttrs)
                  00000c2c    00000008     app_pem3.oem3 (.const:ti_sysbios_knl_Idle_funcList__A)
                  00000c34    00000006     ssf.obj (.const:nvResetId$38)
                  00000c3a    00000002     --HOLE-- [fill = 0]
                  00000c3c    00000004     icall_cc2650.obj (.const:events$1$1)
                  00000c40    00000004     osaltasks.obj (.const:tasksArr)
                  00000c44    00000004     app_pem3.oem3 (.const:ti_sysbios_family_arm_cc26xx_Timer_funcHookCH1__C)
                  00000c48    00000004     app_pem3.oem3 (.const:ti_sysbios_family_arm_cc26xx_Timer_funcHookCH2__C)
                  00000c4c    00000004     app_pem3.oem3 (.const:ti_sysbios_family_arm_m3_Hwi_swiDisable__C)
                  00000c50    00000004     app_pem3.oem3 (.const:ti_sysbios_family_arm_m3_Hwi_swiRestoreHwi__C)
                  00000c54    00000004     app_pem3.oem3 (.const:ti_sysbios_knl_Clock_tickPeriod__C)
                  00000c58    00000004     app_pem3.oem3 (.const:ti_sysbios_knl_Clock_triggerClock__C)
                  00000c5c    00000004     app_pem3.oem3 (.const:xdc_runtime_SysCallback_putchFxn__C)
                  00000c60    00000004     app_pem3.oem3 (.const:xdc_runtime_SysCallback_readyFxn__C)
                  00000c64    00000004     app_pem3.oem3 (.const:xdc_runtime_System_extendFxn__C)
                  00000c68    00000004     app_pem3.oem3 (.const:xdc_runtime_Text_visitRopeFxn__C)

.text      0    000014f0    00017054     
                  000014f0    00000994     maclib_secure.a : mac.obj (.text:macRxCbSubG$75)
                  00001e84    00000650                     : mac_rx.obj (.text:rxPayloadIsr$80)
                  000024d4    00000494     driverlib.lib : setup.obj (.text:TrimAfterColdResetWakeupFromShutDown$47)
                  00002968    00000494     icall_startup.obj (.text:startup_entry)
                  00002dfc    0000045c     maclib_secure.a : fh_ie.obj (.text:FHIE_parsePie)
                  00003258    0000043c     main.obj (.text:taskFxn)
                  00003694    00000394     sensor.obj (.text:Sensor_process)
                  00003a28    00000394     maclib_secure.a : macwrapper.obj (.text:macWrapperAddDevice)
                  00003dbc    0000038c                     : mac_mgmt.obj (.text:macBuildHeader)
                  00004148    00000388     rf_multiMode_cc13x0.aem3 : RFCC26XX_multiMode.oem3 (.text:RF_fsmActiveState)
                  000044d0    00000388     maclib_secure.a : mac_radio.obj (.text:macRadioInitSubG)
                  00004858    00000370                     : mac_mgmt.obj (.text:MAC_MlmeResetReq)
                  00004bc8    00000366     api_mac.obj (.text:processIncomingICallMsg$32)
                  00004f2e    00000002     maclib_secure.a : fh_data.obj (.text:FHDATA_startEDFETimer)
                  00004f30    0000030c     drivers_cc13x0.aem3 : PowerCC26XX_calibrateRCOSC.oem3 (.text:PowerCC26XX_auxISR)
                  0000523c    0000030c     rom_sysbios.aem3 : rom_sysbios.obj (.text:xdc_runtime_System_doPrint__I)
                  00005548    000002e0     maclib_secure.a : mac_radio_tx.obj (.text:macRadioTxGoSubG$79)
                  00005828    000002d4                     : mac_pwr.obj (.text:macPwrVote)
                  00005afc    000002c4                     : fh_api.obj (.text:FHAPI_getTxParams_old)
                  00005dc0    000002c0                     : fh_ie.obj (.text:FHIE_gen)
                  00006080    000002b8                     : fh_ie.obj (.text:FHIE_genPieContent)
                  00006338    000002b8     osal.obj (.text:osal_start_system)
                  000065f0    00000280     maclib_secure.a : mac_data.obj (.text:MAC_McpsDataReq)
                  00006870    0000027c     rf_multiMode_cc13x0.aem3 : RFCC26XX_multiMode.oem3 (.text:RF_scheduleCmd)
                  00006aec    00000278     maclib_secure.a : fh_api.obj (.text:FHAPI_start)
                  00006d64    00000274     sensor.obj (.text:processSensorMsgEvt$37)
                  00006fd8    00000260     maclib_secure.a : mac_security_pib.obj (.text:MAC_MlmeSetSecurityReq)
                  00007238    00000254                     : fh_api.obj (.text:FHAPI_completeRxCb)
                  0000748c    0000024c     sensor.obj (.text:dataIndCB$37)
                  000076d8    0000023c     driverlib.lib : sys_ctrl.obj (.text:NOROM_SysCtrlSetRechargeBeforePowerDown)
                  00007914    00000224     drivers_cc13x0.aem3 : PowerCC26XX.oem3 (.text:Power_sleep)
                  00007b38    00000222     maclib_secure.a : mac_security.obj (.text:macIncomingFrameSecurityMaterialRetrieval)
                  00007d5a    00000002                     : fh_util.obj (.text:FHUTIL_noAction)
                  00007d5c    00000214                     : mac_mgmt.obj (.text:macBuildCommonReq)
                  00007f70    00000208     drivers_cc13x0.aem3 : CryptoCC26XX.oem3 (.text:cryptoTransactionExecute)
                  00008178    00000200     maclib_secure.a : mac_device.obj (.text:macApiAssociateReq)
                  00008378    000001f0                     : fh_api.obj (.text:FHAPI_sendData)
                  00008568    000001e4     rf_multiMode_cc13x0.aem3 : RFCC26XX_multiMode.oem3 (.text:RF_open)
                  0000874c    000001d4     macstack.obj (.text:macStackEventLoop)
                  00008920    000001cc     maclib_secure.a : fh_ie.obj (.text:FHIE_extractPie)
                  00008aec    000001c8                     : mac_scan.obj (.text:macApiScanReq)
                  00008cb4    000001c0                     : mac_security_pib.obj (.text:MAC_MlmeGetSecurityReq)
                  00008e74    000001bc                     : mac_beacon_device.obj (.text:macRxBeaconCritical)
                  00009030    000001b8     drivers_cc13x0.aem3 : PINCC26XX.oem3 (.text:PIN_init)
                  000091e8    000001b0     maclib_secure.a : mac_data.obj (.text:macApiDataReq)
                  00009398    000001ac                     : fh_ie.obj (.text:FHIE_parseCommonInformation)
                  00009544    0000019c                     : fh_pib.obj (.text:FHPIB_set)
                  000096e0    00000198                     : fh_nt.obj (.text:FHNT_getEntry)
                  00009878    00000198                     : macwrapper.obj (.text:macWrapperAddKeyInitFCtr)
                  00009a10    00000194                     : mac_tx.obj (.text:macTxFrame)
                  00009ba4    00000190     drivers_cc13x0.aem3 : PowerCC26XX_calibrateRCOSC.oem3 (.text:PowerCC26XX_doCalibrate)
                  00009d34    00000188     maclib_secure.a : mac_pib.obj (.text:MAC_MlmeSetReq)
                  00009ebc    00000184                     : mac_ie_build.obj (.text:macBuildPayloadIes)
                  0000a040    0000017c                     : mac_data.obj (.text:macTxCompleteCallback)
                  0000a1bc    00000178     driverlib.lib : crypto.obj (.text:NOROM_CRYPTOCcmInvAuthDecrypt)
                  0000a334    00000170                   : crypto.obj (.text:NOROM_CRYPTOCcmAuthEncrypt)
                  0000a4a4    00000164     maclib_secure.a : mac_mgmt.obj (.text:macTxCsmaDelay)
                  0000a608    0000015c                     : fh_api.obj (.text:FHAPI_completeTxCb)
                  0000a764    0000015c     drivers_cc13x0.aem3 : UARTCC26XX.oem3 (.text:UARTCC26XX_open)
                  0000a8c0    00000158     maclib_secure.a : mac_radio_tx.obj (.text:macRadioCsmaTxCbSubG$79)
                  0000aa18    00000148     drivers_cc13x0.aem3 : UARTCC26XX.oem3 (.text:UARTCC26XX_hwiIntFxn)
                  0000ab60    00000148     maclib_secure.a : mac_mgmt.obj (.text:macApiDisassociateReq)
                  0000aca8    00000144     rf_multiMode_cc13x0.aem3 : RFCC26XX_multiMode.oem3 (.text:RF_radioOpDoneCb)
                  0000adec    00000140     nvocop.obj (.text:compactPage$29)
                  0000af2c    00000138     rf_multiMode_cc13x0.aem3 : RFCC26XX_multiMode.oem3 (.text:RF_ratSetupChannel)
                  0000b064    00000134     drivers_cc13x0.aem3 : UARTCC26XX.oem3 (.text:UARTCC26XX_read)
                  0000b198    00000134     maclib_secure.a : mac_beacon_device.obj (.text:macAutoPoll)
                  0000b2cc    00000130     sensor.obj (.text:Sensor_sendMsg)
                  0000b3fc    00000130     maclib_secure.a : mac.obj (.text:macSendReceiveCmdSubG)
                  0000b52c    00000128                     : fh_nt.obj (.text:FHNT_purgeTimerIsrCb)
                  0000b654    00000128     rf_multiMode_cc13x0.aem3 : RFCC26XX_multiMode.oem3 (.text:RF_abortCmd)
                  0000b77c    00000128                              : RFCC26XX_multiMode.oem3 (.text:RF_fsmSetupState)
                  0000b8a4    00000124     maclib_secure.a : mac_mgmt.obj (.text:macApiWSAsyncReq)
                  0000b9c8    00000120                     : mac_data.obj (.text:macAllocTxBuffer)
                  0000bae8    00000120                     : mac_beacon_device.obj (.text:macApiSyncReq)
                  0000bc08    0000011c     jdllc.obj (.text:assocCnfCb$34)
                  0000bd24    0000011c     sensor.obj (.text:dataCnfCB$37)
                  0000be40    00000114     drivers_cc13x0.aem3 : PowerCC26XX.oem3 (.text:Power_init)
                  0000bf54    00000110     rf_multiMode_cc13x0.aem3 : RFCC26XX_multiMode.oem3 (.text:RF_close)
                  0000c064    00000110     maclib_secure.a : mac.obj (.text:macSetupRATChanCompare)
                  0000c174    00000108     rf_multiMode_cc13x0.aem3 : RFCC26XX_multiMode.oem3 (.text:RF_dispatchNextCmd)
                  0000c27c    00000108                              : RFCC26XX_multiMode.oem3 (.text:RF_fsmChangePhyState)
                  0000c384    00000108     ssf.obj (.text:Ssf_networkUpdate)
                  0000c48c    00000104     drivers_cc13x0.aem3 : UARTCC26XX.oem3 (.text:UARTCC26XX_write)
                  0000c590    00000100     maclib_secure.a : fh_nt.obj (.text:FHNT_getRemoveEntryFromTemp)
                  0000c690    00000100                     : mac.obj (.text:macRatCb_B)
                  0000c790    000000f8                     : fh_ie.obj (.text:FHIE_genCommonInformation)
                  0000c888    000000f8     app_pem3.oem3 (.text:xdc_runtime_System_printfExtend__I)
                  0000c980    000000f4     rf_multiMode_cc13x0.aem3 : RFCC26XX_multiMode.oem3 (.text:RF_getInfo)
                  0000ca74    000000f4     maclib_secure.a : mac_radio_tx.obj (.text:macRadioTxPrepCsmaUnslottedSubG)
                  0000cb68    000000f4                     : mac_mgmt.obj (.text:macSetDefaultsByPhyID)
                  0000cc5c    000000f0                     : fh_mgr.obj (.text:FHMGR_bcTimerIsrCb)
                  0000cd4c    000000f0     driverlib.lib : rfc.obj (.text:NOROM_RFCOverrideUpdate)
                  0000ce3c    000000f0                   : setup.obj (.text:NOROM_SetupTrimDevice)
                  0000cf2c    000000f0     rf_multiMode_cc13x0.aem3 : RFCC26XX_multiMode.oem3 (.text:RF_pendCmd)
                  0000d01c    000000f0     maclib_secure.a : mac_radio_tx.obj (.text:macRadioTxPrepCsmaSlottedSubG)
                  0000d10c    000000ec                     : mac_device.obj (.text:macDeviceReset)
                  0000d1f8    000000ec                     : mac_scan.obj (.text:macScanNextChan)
                  0000d2e4    000000e8                     : fh_ie.obj (.text:FHIE_parseHie)
                  0000d3cc    000000e4                     : fh_api.obj (.text:FHAPI_getTxParams)
                  0000d4b0    000000e4                     : fh_nt.obj (.text:FHNT_addTempEUI)
                  0000d594    000000e4     dpl_cc13x0.aem3 : PowerCC26XX_tirtos.oem3 (.text:PowerCC26XX_standbyPolicy)
                  0000d678    000000e4     maclib_secure.a : mac_radio_tx.obj (.text:macRadioTxAck$79)
                  0000d75c    000000e0     rf_multiMode_cc13x0.aem3 : RFCC26XX_multiMode.oem3 (.text:RF_fsmPowerUpState)
                  0000d83c    000000e0                              : RFCC26XX_multiMode.oem3 (.text:RF_requestAccess)
                  0000d91c    000000e0     maclib_secure.a : mac_beacon.obj (.text:macBeaconSetSched)
                  0000d9fc    000000e0                     : mac_coord.obj (.text:macIndirectSend)
                  0000dadc    000000dc     drivers_cc13x0.aem3 : PINCC26XX.oem3 (.text:PINCC26XX_setIoCfg)
                  0000dbb8    000000d8     maclib_secure.a : mac_mgmt.obj (.text:macCommStatusInd)
                  0000dc90    000000d4     drivers_cc13x0.aem3 : CryptoCC26XX.oem3 (.text:CryptoCC26XX_open)
                  0000dd64    000000d4     driverlib.lib : rfc.obj (.text:NOROM_RFCRfTrimRead)
                  0000de38    000000d4     maclib_secure.a : mac_radio_tx.obj (.text:macRadioLbtTxCb)
                  0000df0c    000000d4                     : mac.obj (.text:macRatCb_A)
                  0000dfe0    000000d0     macstack.obj (.text:MAC_CbackEvent)
                  0000e0b0    000000d0     maclib_secure.a : mac_data.obj (.text:macDataTxSend)
                  0000e180    000000d0                     : mac_scan.obj (.text:macScanRxBeacon)
                  0000e250    000000d0                     : mac_main.obj (.text:macSendDataMsg)
                  0000e320    000000cc     driverlib.lib : crypto.obj (.text:NOROM_CRYPTOAesCbc)
                  0000e3ec    000000cc     nvocop.obj (.text:NVOCOP_writeItem)
                  0000e4b8    000000cc     rf_multiMode_cc13x0.aem3 : RFCC26XX_multiMode.oem3 (.text:RF_swiHw)
                  0000e584    000000cc     maclib_secure.a : mac_security.obj (.text:macOutgoingFrameKeyDescRetrieval)
                  0000e650    000000c8                     : mac_ie_build.obj (.text:macBuildHeaderIes)
                  0000e718    000000c8                     : mac_security.obj (.text:macCcmStarTransform)
                  0000e7e0    000000c8                     : mac_data.obj (.text:macDataTxEnqueue)
                  0000e8a8    000000c4                     : fh_data.obj (.text:FHDATA_procASYNCReq)
                  0000e96c    000000c4     jdllc.obj (.text:Jdllc_init)
                  0000ea30    000000c4     rf_multiMode_cc13x0.aem3 : RFCC26XX_multiMode.oem3 (.text:RF_hwiCpe0Active)
                  0000eaf4    000000c4     maclib_secure.a : mac.obj (.text:macSendFsCmd)
                  0000ebb8    000000be                     : fh_ie.obj (.text:FHIE_getLen)
                  0000ec76    00000002     rf_multiMode_cc13x0.aem3 : RFCC26XX_multiMode.oem3 (.text:RF_defaultCallback)
                  0000ec78    000000bc     maclib_secure.a : fh_nt.obj (.text:FHNT_AddDeviceCB)
                  0000ed34    000000bc                     : mac_scan.obj (.text:MAC_MlmeScanReq)
                  0000edf0    000000bc     drivers_cc13x0.aem3 : PowerCC26XX.oem3 (.text:Power_releaseDependency)
                  0000eeac    000000bc     maclib_secure.a : mac_tx.obj (.text:macTxFrameIsr)
                  0000ef68    000000bc     jdllc.obj (.text:pollCnfCb$34)
                  0000f024    000000b8     maclib_secure.a : fh_ie.obj (.text:FHIE_getPieContentLen)
                  0000f0dc    000000b8                     : mac_mgmt.obj (.text:macBuildBeaconNotifyInd)
                  0000f194    000000b8                     : mac_rx.obj (.text:rxPostRxUpdates$80)
                  0000f24c    000000b4     drivers_cc13x0.aem3 : PowerCC26XX.oem3 (.text:Power_setDependency)
                  0000f300    000000b4     rf_multiMode_cc13x0.aem3 : RFCC26XX_multiMode.oem3 (.text:RF_control)
                  0000f3b4    000000b4     maclib_secure.a : mac_scan.obj (.text:macScanRxCoordRealign)
                  0000f468    000000b0     jdllc.obj (.text:processCoordRealign$34)
                  0000f518    000000ac     rf_multiMode_cc13x0.aem3 : RFCC26XX_multiMode.oem3 (.text:RF_schChkCmdInsert)
                  0000f5c4    000000ac     maclib_secure.a : mac_tx.obj (.text:macTxChannelBusyCallback)
                  0000f670    000000ac     api_mac.obj (.text:processBeaconNotifyInd$32)
                  0000f71c    000000aa     maclib_secure.a : fh_ie.obj (.text:FHIE_genExcludedChannelRanges)
                  0000f7c6    00000002     rtsv7M3_T_le_eabi.lib : _lock.c.obj (.text:_nop)
                  0000f7c8    000000a6     rom_sysbios.aem3 : rom_sysbios.obj (.text:xdc_runtime_Text_putSite__E)
                  0000f86e    00000002     drivers_cc13x0.aem3 : PowerCC26XX.oem3 (.text:emptyClockFunc)
                  0000f870    000000a4     driverlib.lib : crypto.obj (.text:NOROM_CRYPTOAesEcb)
                  0000f914    000000a4     drivers_cc13x0.aem3 : UARTCC26XX.oem3 (.text:UARTCC26XX_initHw)
                  0000f9b8    000000a4     sensor.obj (.text:jdllcJoinedCb$37)
                  0000fa5c    000000a4     maclib_secure.a : mac_beacon_device.obj (.text:macBeaconSyncLoss)
                  0000fb00    000000a4     osal.obj (.text:osal_set_event)
                  0000fba4    000000a4     drivers_cc13x0.aem3 : PowerCC26XX.oem3 (.text:switchXOSCHFclockFunc)
                  0000fc48    000000a0     maclib_secure.a : fh_ie.obj (.text:FHIE_getChannelPlan)
                  0000fce8    000000a0     rf_multiMode_cc13x0.aem3 : RFCC26XX_multiMode.oem3 (.text:RF_ratRestartChannels)
                  0000fd88    000000a0     ssf.obj (.text:Ssf_findBlackListIndex)
                  0000fe28    000000a0     auto_init.aem3 : auto_init.oem3 (.text)
                  0000fec8    000000a0     jdllc.obj (.text:beaconNotifyIndCb$34)
                  0000ff68    000000a0     nvocop.obj (.text:findItemOffset$29)
                  00010008    000000a0     maclib_secure.a : mac_tx.obj (.text:txCsmaPrep$84)
                  000100a8    000000a0     nvocop.obj (.text:writeItem$29)
                  00010148    0000009c     maclib_secure.a : fh_api.obj (.text:FHAPI_reset)
                  000101e4    0000009c     drivers_cc13x0.aem3 : UARTCC26XX.oem3 (.text:UARTCC26XX_writeCancel)
                  00010280    0000009c     maclib_secure.a : mac_radio_tx.obj (.text:macRadioTxPrepLbt)
                  0001031c    0000009c     rtsv7M3_T_le_eabi.lib : memcpy_t2.asm.obj (.text)
                  000103b8    00000098     maclib_secure.a : fh_data.obj (.text:FHDATA_getPktFromQueue)
                  00010450    00000098                     : fh_mgr.obj (.text:FHMGR_updateRadioBCChannel)
                  000104e8    00000098     nvocop.obj (.text:NVOCOP_deleteItem)
                  00010580    00000098     drivers_cc13x0.aem3 : PINCC26XX.oem3 (.text:PIN_open)
                  00010618    00000098     rf_multiMode_cc13x0.aem3 : RFCC26XX_multiMode.oem3 (.text:RF_calculateDispatchTime)
                  000106b0    00000098     drivers_cc13x0.aem3 : UARTCC26XX.oem3 (.text:UARTCC26XX_initIO)
                  00010748    00000098                         : UARTCC26XX.oem3 (.text:UARTCC26XX_swiIntFxn)
                  000107e0    00000098     maclib_secure.a : mac_mgmt.obj (.text:macRxBeacon)
                  00010878    00000098     rom_sysbios.aem3 : rom_sysbios.obj (.text:ti_sysbios_knl_Clock_workFuncDynamic__E)
                  00010910    00000098                      : rom_sysbios.obj (.text:xdc_runtime_Text_putMod__E)
                  000109a8    00000096     rtsv7M3_T_le_eabi.lib : ull_div_t2.asm.obj (.text)
                  00010a3e    00000002     maclib_secure.a : mac_pwr.obj (.text:macApiPwrOnReq)
                  00010a40    00000094                     : fh_nt.obj (.text:FHNT_getNTIndexFromTempIndex)
                  00010ad4    00000094     driverlib.lib : crypto.obj (.text:NOROM_CRYPTOAesLoadKey)
                  00010b68    00000094     board_led.obj (.text:board_led_blinkTimeoutCB$7)
                  00010bfc    00000094     maclib_secure.a : mac_main.obj (.text:macCbackForEvent)
                  00010c90    00000094                     : mac_hl_patch.obj (.text:macCcmDecrypt)
                  00010d24    00000094                     : mac_security.obj (.text:macCcmStarInverseTransform)
                  00010db8    00000090     rf_multiMode_cc13x0.aem3 : RFCC26XX_multiMode.oem3 (.text:RF_discardPendCmd)
                  00010e48    00000090     jdllc.obj (.text:scanCnfCb$34)
                  00010ed8    00000090     rom_sysbios.aem3 : rom_sysbios.obj (.text:ti_sysbios_family_arm_cc26xx_Timer_start__E)
                  00010f68    0000008c     jdllc.obj (.text:Jdllc_securityInit)
                  00010ff4    0000008c     api_mac.obj (.text:copyDataInd$32)
                  00011080    0000008c     maclib_secure.a : mac_hl_patch.obj (.text:macCcmEncrypt)
                  0001110c    0000008c                     : mac_data.obj (.text:macDataTxComplete)
                  00011198    0000008a     drivers_cc13x0.aem3 : CryptoCC26XX.oem3 (.text:CryptoCC26XX_allocateKey)
                  00011222    0000008a     maclib_secure.a : fh_ie.obj (.text:FHIE_extractHie)
                  000112ac    00000088     driverlib.lib : osc.obj (.text:NOROM_OSCHF_GetStartupTime)
                  00011334    00000088     maclib_secure.a : mac_mcu.obj (.text:macMcuBitReverse)
                  000113bc    00000088     osal.obj (.text:osal_msg_receive)
                  00011444    00000084     rf_multiMode_cc13x0.aem3 : RFCC26XX_multiMode.oem3 (.text:RF_issueRadioFreeCb)
                  000114c8    00000084     drivers_cc13x0.aem3 : UARTCC26XX.oem3 (.text:UARTCC26XX_close)
                  0001154c    00000084     maclib_secure.a : mac_device.obj (.text:macRxAssocRsp)
                  000115d0    00000080     rf_multiMode_cc13x0.aem3 : RFCC26XX_multiMode.oem3 (.text:RF_hwiHw)
                  00011650    00000080     maclib_secure.a : mac_timer.obj (.text:macTimerCancel)
                  000116d0    00000080     mac_user_config.obj (.text:rf_patch_rfe_genfsk$35)
                  00011750    00000080     maclib_secure.a : mac_tx.obj (.text:txComplete)
                  000117d0    0000007c     board_led.obj (.text:Board_Led_control)
                  0001184c    0000007c     driverlib.lib : crypto.obj (.text:NOROM_CRYPTOCcmInvAuthDecryptResultGet)
                  000118c8    0000007c     rf_multiMode_cc13x0.aem3 : RFCC26XX_multiMode.oem3 (.text:RF_ratFreeChannel)
                  00011944    0000007c     maclib_secure.a : mac_radio.obj (.text:macRadioUpdateChannelRx)
                  000119c0    0000007c                     : mac_radio.obj (.text:macRadioUpdateTxPower)
                  00011a3c    0000007c                     : mac_scan.obj (.text:macScanStartTimer)
                  00011ab8    0000007c                     : mac_beacon_device.obj (.text:macTrackPeriodCallback)
                  00011b34    0000007c     jdllc.obj (.text:syncLossCb$34)
                  00011bb0    0000007a     rtsv7M3_T_le_eabi.lib : memset_t2.asm.obj (.text)
                  00011c2a    00000002     maclib_secure.a : mac.obj (.text:macClientSwitchCb)
                  00011c2c    00000078                     : mac_beacon.obj (.text:macBeaconCheckTxTime)
                  00011ca4    00000078                     : mac_radio_tx.obj (.text:macRadioTxAckCb$79)
                  00011d1c    00000078                     : mac_radio.obj (.text:macRadioUpdateChannel)
                  00011d94    00000078                     : mac_beacon_device.obj (.text:macTrackTimeoutCallback)
                  00011e0c    00000078     main.obj (.text:main)
                  00011e84    00000078     osal_pwrmgr.obj (.text:osal_pwrmgr_task_state)
                  00011efc    00000078     jdllc.obj (.text:sendAssocReq$34)
                  00011f74    00000078     drivers_cc13x0.aem3 : UARTCC26XX.oem3 (.text:writeTxFifoFlush)
                  00011fec    00000076     maclib_secure.a : mac_security.obj (.text:macKeyDescriptorLookup)
                  00012062    00000002                     : mac_mcu.obj (.text:macMcuInit)
                  00012064    00000074                     : fh_util.obj (.text:FHUTIL_getCurBfio)
                  000120d8    00000074     icall_cc2650.obj (.text:ICallPlatform_pwrUpdActivityCounter)
                  0001214c    00000074     rf_multiMode_cc13x0.aem3 : RFCC26XX_multiMode.oem3 (.text:RF_yield)
                  000121c0    00000074     jdllc.obj (.text:dataCnfCb$34)
                  00012234    00000074     maclib_secure.a : mac_mcu.obj (.text:macMcuOverflowSetCompare)
                  000122a8    00000074                     : mac_mcu.obj (.text:macMcuOverflowSetPeriod)
                  0001231c    00000070                     : fh_api.obj (.text:FHAPI_startBS)
                  0001238c    00000070                     : fh_dh1cf.obj (.text:FHDH1CF_getBCChannelNum)
                  000123fc    00000070                     : mac_tx.obj (.text:macTxAckReceivedCallback)
                  0001246c    00000070     nvocop.obj (.text:writeWord$29)
                  000124dc    0000006e     rtsv7M3_T_le_eabi.lib : ll_div_t2.asm.obj (.text)
                  0001254a    00000002     maclib_secure.a : mac_mgmt.obj (.text:macNoAction)
                  0001254c    0000006d     rom_sysbios.aem3 : rom_sysbios.obj (.text:xdc_runtime_System_formatNum__I)
                  000125b9    00000001     --HOLE-- [fill = 0]
                  000125ba    00000002     maclib_secure.a : mac_symbol_timer.obj (.text:macSymbolTimerICallPwrNotify$83)
                  000125bc    0000006c                     : fh_nt.obj (.text:FHNT_putEntry)
                  00012628    0000006c     drivers_cc13x0.aem3 : PowerCC26XX_calibrateRCOSC.oem3 (.text:PowerCC26XX_initiateCalibration)
                  00012694    0000006c     rf_multiMode_cc13x0.aem3 : RFCC26XX_multiMode.oem3 (.text:RF_initRadioSetup)
                  00012700    0000006c                              : RFCC26XX_multiMode.oem3 (.text:RF_ratDisableChannel)
                  0001276c    0000006c     nvocop.obj (.text:findItemInCache$29)
                  000127d8    0000006c     maclib_secure.a : mac_mgmt.obj (.text:macDisassocComplete)
                  00012844    0000006c                     : mac_main.obj (.text:macExecute)
                  000128b0    0000006c                     : mac_main.obj (.text:macSendMsg)
                  0001291c    00000068                     : fh_data.obj (.text:FHDATA_purgePktFromQueue)
                  00012984    00000068     driverlib.lib : sys_ctrl.obj (.text:NOROM_SysCtrlAdjustRechargeAfterPowerDown)
                  000129ec    00000068                   : sys_ctrl.obj (.text:NOROM_SysCtrl_DCDC_VoltageConditionalControl)
                  00012a54    00000068     drivers_cc13x0.aem3 : UARTCC26XX.oem3 (.text:UARTCC26XX_readCancel)
                  00012abc    00000068     mac_user_config.obj (.text:applyGenfskPatch$35)
                  00012b24    00000068     rtsv7M3_T_le_eabi.lib : copy_decompress_lzss.c.obj (.text:decompress:lzss:__TI_decompress_lzss)
                  00012b8c    00000068     drivers_cc13x0.aem3 : PowerCC26XX.oem3 (.text:lfClockReadyCallback)
                  00012bf4    00000068     maclib_secure.a : mac_radio_tx.obj (.text:macRadioSendImmAckSubG$79)
                  00012c5c    00000068                     : mac_rx_onoff.obj (.text:macRxOn)
                  00012cc4    00000068     jdllc.obj (.text:sendScanReq$34)
                  00012d2c    00000068     maclib_secure.a : mac_tx.obj (.text:txGo$84)
                  00012d94    00000068     jdllc.obj (.text:updateState$34)
                  00012dfc    00000064     driverlib.lib : osc.obj (.text:NOROM_OSCHF_AttemptToSwitchToXosc)
                  00012e60    00000064                   : setup_rom.obj (.text:NOROM_SetupGetTrimForAnabypassValue1)
                  00012ec4    00000064     rf_multiMode_cc13x0.aem3 : RFCC26XX_multiMode.oem3 (.text:RF_checkForPreemption)
                  00012f28    00000064     drivers_cc13x0.aem3 : PowerCC26XX.oem3 (.text:configureXOSCHF)
                  00012f8c    00000064     maclib_secure.a : mac_device.obj (.text:macAssocDataRxInd)
                  00012ff0    00000064                     : mac_device.obj (.text:macRxCoordRealign)
                  00013054    00000064                     : mac_mgmt.obj (.text:macRxDisassoc)
                  000130b8    00000064                     : mac_symbol_timer.obj (.text:macSymbolTimerInit)
                  0001311c    00000064     osal.obj (.text:osal_msg_enqueue_push$19)
                  00013180    00000062     maclib_secure.a : mac_mgmt.obj (.text:macBuildWSAsyncMsg)
                  000131e2    00000002     rtsv7M3_T_le_eabi.lib : div0.asm.obj (.text)
                  000131e4    00000060     maclib_secure.a : fh_ie.obj (.text:FHIE_getCcaSfdTime)
                  00013244    00000060     driverlib.lib : osc.obj (.text:NOROM_OSCClockSourceSet)
                  000132a4    00000060     drivers_cc13x0.aem3 : PowerCC26XX.oem3 (.text:PowerCC26XX_calibrate)
                  00013304    00000060     rf_multiMode_cc13x0.aem3 : RFCC26XX_multiMode.oem3 (.text:RF_dispatchNextEvent)
                  00013364    00000060                              : RFCC26XX_multiMode.oem3 (.text:RF_getCurrentTime)
                  000133c4    00000060     ssf.obj (.text:Ssf_getNetworkInfo)
                  00013424    00000060     drivers_cc13x0.aem3 : UARTCC26XX.oem3 (.text:UARTCC26XX_control)
                  00013484    00000060     maclib_secure.a : mac_radio_tx.obj (.text:macRadioTxBackoffBoundary)
                  000134e4    00000060                     : mac_rx.obj (.text:macRxHaltCleanup)
                  00013544    00000060                     : mac_scan.obj (.text:macScanComplete)
                  000135a4    00000060     osal.obj (.text:osal_msg_send)
                  00013604    0000005f     rom_sysbios.aem3 : rom_sysbios.obj (.text:xdc_runtime_Text_putLab__E)
                  00013663    00000001     --HOLE-- [fill = 0]
                  00013664    0000005e     maclib_secure.a : fh_mgr.obj (.text:FHMGR_updateRadioUCChannel)
                  000136c2    00000002     rom_sysbios.aem3 : rom_sysbios.obj (.text:ti_sysbios_BIOS_linkedWithIncorrectBootLibrary__E)
                  000136c4    0000005c     jdllc.obj (.text:Jdllc_addSecDevice)
                  00013720    0000005c     drivers_cc13x0.aem3 : PowerCC26XX_calibrateRCOSC.oem3 (.text:PowerCC26XX_RCOSC_clockFunc)
                  0001377c    0000005c     rf_multiMode_cc13x0.aem3 : RFCC26XX_multiMode.oem3 (.text:RF_syncCb)
                  000137d8    0000005c     maclib_secure.a : mac_device.obj (.text:macPollDataRxInd)
                  00013834    0000005c                     : mac_radio.obj (.text:macRadioWakeupCb)
                  00013890    0000005c     app_pem3.oem3 (.text:xdc_runtime_Startup_getState__I)
                  000138ec    00000058     maclib_secure.a : fh_data.obj (.text:FHDATA_requeuePkt)
                  00013944    00000058                     : fh_nt.obj (.text:FHNT_DelDeviceCB)
                  0001399c    00000058                     : fh_util.obj (.text:FHUTIL_getBitCounts)
                  000139f4    00000058                     : mac_mgmt.obj (.text:MAC_ResumeReq)
                  00013a4c    00000058     drivers_cc13x0.aem3 : PINCC26XX.oem3 (.text:PIN_remove)
                  00013aa4    00000058     rf_multiMode_cc13x0.aem3 : RFCC26XX_multiMode.oem3 (.text:RF_TxPowerTable_findValue)
                  00013afc    00000058                              : RFCC26XX_multiMode.oem3 (.text:RF_cmdDispatchTime)
                  00013b54    00000058                              : RFCC26XX_multiMode.oem3 (.text:RF_hwiCpe0PowerFsm)
                  00013bac    00000058     maclib_secure.a : mac_rx_onoff.obj (.text:macRxOffRequest)
                  00013c04    00000058                     : mac_timer.obj (.text:macTimerAddTimer)
                  00013c5c    00000058                     : mac_timer.obj (.text:macTimerUpdateSymbolTimer)
                  00013cb4    00000056                     : mac_data.obj (.text:macFrameDurationSubG)
                  00013d0a    00000054     drivers_cc13x0.aem3 : CryptoCC26XX.oem3 (.text:CryptoCC26XX_close)
                  00013d5e    00000002     app_pem3.oem3 (.text:ti_sysbios_BIOS_nullFunc__I)
                  00013d60    00000054     maclib_secure.a : fh_sm.obj (.text:FHSM_event)
                  00013db4    00000054     uart_printf.obj (.text:UartPrintf_flush)
                  00013e08    00000054     maclib_secure.a : mac_device.obj (.text:macApiPollReq)
                  00013e5c    00000054                     : mac_beacon_device.obj (.text:macSyncTimeoutCallback)
                  00013eb0    00000054                     : mac_beacon_device.obj (.text:macTrackStartCallback)
                  00013f04    00000054                     : mac_ie_parse.obj (.text:macUpdatePayloadIEPtr)
                  00013f58    00000054     api_mac.obj (.text:processScanCnf$32)
                  00013fac    00000052     maclib_secure.a : fh_ie.obj (.text:FHIE_genExcludedChannelMask)
                  00013ffe    00000052                     : fh_ie.obj (.text:FHIE_getSubPie)
                  00014050    00000050     dpl_cc13x0.aem3 : ClockP_tirtos.oem3 (.text:ClockP_construct)
                  000140a0    00000050     maclib_secure.a : fh_mgr.obj (.text:FHMGR_macStartFHTimer)
                  000140f0    00000050                     : fh_mgr.obj (.text:FHMGR_ucTimerIsrCb)
                  00014140    00000050                     : fh_nt.obj (.text:FHNT_getEUI)
                  00014190    00000050     driverlib.lib : crypto.obj (.text:NOROM_CRYPTOCcmAuthEncryptResultGet)
                  000141e0    00000050     rf_multiMode_cc13x0.aem3 : RFCC26XX_multiMode.oem3 (.text:RF_applyRfCorePatch)
                  00014230    00000050                              : RFCC26XX_multiMode.oem3 (.text:RF_fsmXOSCState)
                  00014280    00000050                              : RFCC26XX_multiMode.oem3 (.text:RF_wakeupNotification)
                  000142d0    00000050     maclib_secure.a : mac_device.obj (.text:macAssocDataReqComplete)
                  00014320    00000050                     : mac_radio.obj (.text:macRadioSetChannel)
                  00014370    00000050                     : mac_symbol_timer.obj (.text:macSymbolTimerSetRollover)
                  000143c0    00000050     drivers_cc13x0.aem3 : UARTCC26XX.oem3 (.text:startTxFifoEmptyClk)
                  00014410    0000004e     maclib_secure.a : fh_dh1cf.obj (.text:FHDH1CF_mapChIdxChannel)
                  0001445e    00000002     rom_sysbios.aem3 : rom_sysbios.obj (.text:ti_sysbios_knl_Clock_triggerFunc__I)
                  00014460    0000004c     maclib_secure.a : fh_pib.obj (.text:FHPIB_get)
                  000144ac    0000004c     rf_multiMode_cc13x0.aem3 : RFCC26XX_multiMode.oem3 (.text:RF_setTxPower)
                  000144f8    0000004c     rtsv7M3_T_le_eabi.lib : cpy_tbl.c.obj (.text:copy_in)
                  00014544    0000004c     maclib_secure.a : mac.obj (.text:macFsCb$75)
                  00014590    0000004c                     : mac_radio.obj (.text:macGetRadioTxPowerReg)
                  000145dc    0000004c                     : mac_rx.obj (.text:macRxNokIsr)
                  00014628    0000004c                     : mac_symbol_timer.obj (.text:macSymbolTimerEventHandler$83)
                  00014674    0000004c                     : mac_tx.obj (.text:macTxAckNotReceivedCallback)
                  000146c0    0000004a     macstack.obj (.text:icall_slimMsgParser)
                  0001470a    00000002     app_pem3.oem3 (.text:ti_sysbios_rom_cortexm_cc13xx_CC13xx_badRomRevision__E)
                  0001470c    00000048     board_lcd.obj (.text:Board_Lcd_writeStringValue)
                  00014754    00000048     jdllc.obj (.text:Jdllc_sendDisassociationRequest)
                  0001479c    00000048     drivers_cc13x0.aem3 : PINCC26XX.oem3 (.text:PIN_setOutputEnable)
                  000147e4    00000048     ssf.obj (.text:Ssf_configurationUpdate)
                  0001482c    00000048     util_timer.obj (.text:Timer_construct)
                  00014874    00000048     util.obj (.text:Util_itoa)
                  000148bc    00000048     maclib_secure.a : mac_beacon_device.obj (.text:macBeaconStartFrameResponseTimer)
                  00014904    00000048                     : mac.obj (.text:macSetupFsCmd)
                  0001494c    00000048     drivers_cc13x0.aem3 : UARTCC26XX.oem3 (.text:writeFinishedDoCallback)
                  00014994    00000046     maclib_secure.a : fh_dh1cf.obj (.text:FHDH1CF_getCh)
                  000149da    00000046                     : fh_ie.obj (.text:FHIE_getCommonInformationLen)
                  00014a20    00000044                     : fh_api.obj (.text:FHAPI_getRemDT)
                  00014a64    00000044                     : mac_pib.obj (.text:MAC_MlmeGetReq)
                  00014aa8    00000044     drivers_cc13x0.aem3 : RingBuf.oem3 (.text:RingBuf_put)
                  00014aec    00000044     boot.aem3 : boot.oem3 (.text)
                  00014b30    00000044     nvocop.obj (.text:erasePage$29)
                  00014b74    00000044     ssf.obj (.text:getNumBlackListEntries$38)
                  00014bb8    00000044     maclib_secure.a : mac_device.obj (.text:macAssocDataReq)
                  00014bfc    00000044                     : mac_device.obj (.text:macPollDataReqComplete)
                  00014c40    00000044                     : mac.obj (.text:macSetupReceiveCmd)
                  00014c84    00000044                     : mac.obj (.text:macStopCmd)
                  00014cc8    00000044                     : mac_main.obj (.text:mac_msg_deallocate)
                  00014d0c    00000044     jdllc.obj (.text:populateInfo$34)
                  00014d50    00000044     rom_sysbios.aem3 : rom_sysbios.obj (.text:xdc_runtime_Text_xprintf__I)
                  00014d94    00000042     api_mac.obj (.text:copyMacPanDescToApiMacPanDesc$32)
                  00014dd6    00000002     rom_sysbios.aem3 : rom_sysbios.obj (.text:xdc_runtime_SysCallback_defaultAbort)
                  00014dd8    00000040     maclib_secure.a : fh_dh1cf.obj (.text:FHDH1CF_hashword)
                  00014e18    00000040                     : fh_nt.obj (.text:FHNT_delTempIndex)
                  00014e58    00000040                     : fh_util.obj (.text:FHUTIL_getCurUfsi)
                  00014e98    00000040     hal_trng_wrapper.obj (.text:HalTRNG_GetTRNG)
                  00014ed8    00000040     osal.obj (.text:ICall_setTimer$19)
                  00014f18    00000040     maclib_secure.a : mac_symbol_timer.obj (.text:ICall_setTimer$83)
                  00014f58    00000040                     : mac_tx.obj (.text:ICall_setTimer$84)
                  00014f98    00000040     driverlib.lib : chipinfo.obj (.text:NOROM_ChipInfo_GetHwRevision)
                  00014fd8    00000040     nvocop.obj (.text:NVOCOP_initNV)
                  00015018    00000040     drivers_cc13x0.aem3 : PINCC26XX.oem3 (.text:PIN_swi)
                  00015058    00000040                         : UART.oem3 (.text:UART_init)
                  00015098    00000040                         : UART.oem3 (.text:UART_open)
                  000150d8    00000040     jdllc.obj (.text:handleMaxDataFail$34)
                  00015118    00000040     maclib_secure.a : mac_device.obj (.text:macPollFrameResponseTimeout)
                  00015158    00000040     rtsv7M3_T_le_eabi.lib : u_divt2.asm.obj (.text)
                  00015198    00000040     jdllc.obj (.text:sendPollReq$34)
                  000151d8    00000040     rom_sysbios.aem3 : rom_sysbios.obj (.text:ti_sysbios_family_arm_cc26xx_Timer_setThreshold__I)
                  00015218    0000003e     dpl_cc13x0.aem3 : HwiP_tirtos.oem3 (.text:HwiP_construct)
                  00015256    0000003e     drivers_cc13x0.aem3 : RingBuf.oem3 (.text:RingBuf_get)
                  00015294    0000003c     maclib_secure.a : fh_mgr.obj (.text:FHMGR_updateHopping)
                  000152d0    0000003c     icall_cc2650.obj (.text:ICallPlatform_pwrConfigACAction)
                  0001530c    0000003c     api_mac.obj (.text:ICall_sendServiceMsg$32)
                  00015348    0000003c     osal.obj (.text:ICall_setTimerMSecs$19)
                  00015384    0000003c     driverlib.lib : osc.obj (.text:NOROM_OSC_HPOSCRelativeFrequencyOffsetGet)
                  000153c0    0000003c                   : rfc.obj (.text:NOROM_RFCSynthPowerDown)
                  000153fc    0000003c     nvocop.obj (.text:NVOCOP_compactNV)
                  00015438    0000003c     drivers_cc13x0.aem3 : PowerCC26XX.oem3 (.text:PowerCC26XX_isStableXOSC_HF)
                  00015474    0000003c     rf_multiMode_cc13x0.aem3 : RFCC26XX_multiMode.oem3 (.text:RF_cmdGet)
                  000154b0    0000003c     dpl_cc13x0.aem3 : SwiP_tirtos.oem3 (.text:SwiP_construct)
                  000154ec    0000003c     drivers_cc13x0.aem3 : PowerCC26XX.oem3 (.text:disableLfClkQualifiersEnableClkLoss)
                  00015528    0000003c     maclib_secure.a : mac_hl_patch.obj (.text:macCheckPhyRate)
                  00015564    0000003c                     : mac_rx_onoff.obj (.text:macRxDisable)
                  000155a0    0000003c                     : mac_device.obj (.text:macStartFrameResponseTimer)
                  000155dc    0000003c                     : mac_symbol_timer.obj (.text:macSymbolTimerSetTrigger)
                  00015618    0000003c     osal.obj (.text:osal_msg_extract)
                  00015654    0000003c     rom_sysbios.aem3 : rom_sysbios.obj (.text:ti_sysbios_family_arm_m3_Hwi_construct2__E)
                  00015690    0000003a     maclib_secure.a : fh_dh1cf.obj (.text:FHDH1CF_getChannelNum)
                  000156ca    0000003a     util.obj (.text:Util_bufferUint32)
                  00015704    00000038     maclib_secure.a : fh_api.obj (.text:FHAPI_stopAsync)
                  0001573c    00000038     hal_trng_wrapper.obj (.text:HalTRNG_InitTRNG)
                  00015774    00000038     macstack.obj (.text:ICall_enrollService$26)
                  000157ac    00000038     main.obj (.text:Main_assertHandler)
                  000157e4    00000038     nvocop.obj (.text:NVOCOP_readItem)
                  0001581c    00000038     drivers_cc13x0.aem3 : PINCC26XX.oem3 (.text:PIN_setOutputValue)
                  00015854    00000038     rf_multiMode_cc13x0.aem3 : RFCC26XX_multiMode.oem3 (.text:RF_checkCmdFsError)
                  0001588c    00000038                              : RFCC26XX_multiMode.oem3 (.text:RF_ieeeRequestFgCommand)
                  000158c4    00000038     board_key.obj (.text:board_key_keyFxn$5)
                  000158fc    00000038     jdllc.obj (.text:disassoCnfCb$34)
                  00015934    00000038     maclib_secure.a : mac_device.obj (.text:macAssocFailed)
                  0001596c    00000038                     : mac_beacon.obj (.text:macBeaconRequeue)
                  000159a4    00000038                     : mac.obj (.text:macSetUserConfig)
                  000159dc    00000038                     : mac_symbol_timer.obj (.text:macSymbolTimerCount)
                  00015a14    00000038                     : mac_symbol_timer.obj (.text:macSymbolTimerRealignSubG)
                  00015a4c    00000038     osal.obj (.text:osal_msg_dequeue)
                  00015a84    00000038     drivers_cc13x0.aem3 : UARTCC26XX.oem3 (.text:readData)
                  00015abc    00000038     rom_sysbios.aem3 : rom_sysbios.obj (.text:ti_sysbios_family_arm_cc26xx_Timer_getCurrentTick__E)
                  00015af4    00000038     drivers_cc13x0.aem3 : UARTCC26XX.oem3 (.text:writeData)
                  00015b2c    00000036     maclib_secure.a : fh_ie.obj (.text:FHIE_getPie)
                  00015b62    00000002     rom_sysbios.aem3 : rom_sysbios.obj (.text:xdc_runtime_SysCallback_defaultExit)
                  00015b64    00000034     osal.obj (.text:ICall_send$19)
                  00015b98    00000034     maclib_secure.a : fh_mgr.obj (.text:ICall_setTimer$56)
                  00015bcc    00000034     driverlib.lib : ddi.obj (.text:NOROM_DDI32RegWrite)
                  00015c00    00000034                   : osc.obj (.text:NOROM_OSCHF_SwitchToRcOscTurnOffXosc)
                  00015c34    00000034     drivers_cc13x0.aem3 : PINCC26XX.oem3 (.text:PIN_setConfig)
                  00015c68    00000034                         : PowerCC26XX.oem3 (.text:Power_releaseConstraint)
                  00015c9c    00000034     rf_multiMode_cc13x0.aem3 : RFCC26XX_multiMode.oem3 (.text:RF_powerConstraintRelease)
                  00015cd0    00000034                              : RFCC26XX_multiMode.oem3 (.text:RF_runDirectImmediateCmd)
                  00015d04    00000034     nvocop.obj (.text:disableCache$29)
                  00015d38    00000034     maclib_secure.a : mac_device.obj (.text:macAssociateCnf)
                  00015d6c    00000034                     : mac_beacon_device.obj (.text:macBeaconStopTrack)
                  00015da0    00000034                     : mac_data.obj (.text:macDataRxInd)
                  00015dd4    00000034                     : mac_beacon_device.obj (.text:macStartBroadcastPendTimer)
                  00015e08    00000034                     : mac_timer.obj (.text:macTimerRecalcUnaligned)
                  00015e3c    00000034                     : mac_tx.obj (.text:macTxDecrypt)
                  00015e70    00000034                     : mac_tx.obj (.text:macTxUpdateIE)
                  00015ea4    00000034     drivers_cc13x0.aem3 : PowerCC26XX.oem3 (.text:notify)
                  00015ed8    00000034     osal.obj (.text:osal_msg_enqueue)
                  00015f0c    00000034     rom_sysbios.aem3 : rom_sysbios.obj (.text:ti_sysbios_family_arm_cc26xx_Timer_initDevice__I)
                  00015f40    00000034                      : rom_sysbios.obj (.text:ti_sysbios_knl_Swi_setPri__E)
                  00015f74    00000032     maclib_secure.a : fh_ie.obj (.text:FHIE_getHie)
                  00015fa6    00000032     icall_cc2650.obj (.text:ICallPlatform_pwrNotify$1)
                  00015fd8    00000032     maclib_secure.a : mac_scan.obj (.text:macScanCnfInit)
                  0001600a    00000032     rom_sysbios.aem3 : rom_sysbios.obj (.text:ti_sysbios_family_arm_cc26xx_Timer_setNextTick__E)
                  0001603c    00000030     maclib_secure.a : fh_api.obj (.text:FHAPI_SFDRxCb)
                  0001606c    00000030                     : fh_sm.obj (.text:FSM_transaction_debug)
                  0001609c    00000030     hal_flash_wrapper.obj (.text:HalFlashRead)
                  000160cc    00000030     icall_cc2650.obj (.text:ICallPlatform_pwrRegisterNotify)
                  000160fc    00000030     driverlib.lib : crypto.obj (.text:NOROM_CRYPTOAesEcbStatus)
                  0001612c    00000030                   : crypto.obj (.text:NOROM_CRYPTOCcmAuthEncryptStatus)
                  0001615c    00000030                   : crypto.obj (.text:NOROM_CRYPTOCcmInvAuthDecryptStatus)
                  0001618c    00000030                   : chipinfo.obj (.text:NOROM_ChipInfo_GetChipType)
                  000161bc    00000030                   : setup_rom.obj (.text:NOROM_SetupSetAonRtcSubSecInc)
                  000161ec    00000030     drivers_cc13x0.aem3 : PowerCC26XX.oem3 (.text:Power_setConstraint)
                  0001621c    00000030     rf_multiMode_cc13x0.aem3 : RFCC26XX_multiMode.oem3 (.text:RF_queueEnd)
                  0001624c    00000030     ssf.obj (.text:Ssf_setPollClock)
                  0001627c    00000030     ssf.obj (.text:Ssf_setReadingClock)
                  000162ac    00000030     ssf.obj (.text:Ssf_setScanBackoffClock)
                  000162dc    00000030     jdllc.obj (.text:disassocIndCb$34)
                  0001630c    00000030     maclib_secure.a : mac_mgmt.obj (.text:macBcTimerHandler)
                  0001633c    00000030                     : mac_pib.obj (.text:macMRFSKGetPhyDesc)
                  0001636c    00000030                     : mac_symbol_timer.obj (.text:macSymbolTimerICallTimerCback$83)
                  0001639c    00000030                     : mac_timer.obj (.text:macTimerSetRollover)
                  000163cc    00000030     osal.obj (.text:osal_alien2proxy)
                  000163fc    00000030     drivers_cc13x0.aem3 : UARTCC26XX.oem3 (.text:readData2RingBuf)
                  0001642c    00000030     app_pem3.oem3 (.text:ti_sysbios_BIOS_atExitFunc__I)
                  0001645c    00000030     app_pem3.oem3 (.text:ti_sysbios_BIOS_startFunc__I)
                  0001648c    0000002e     icall_cc2650.obj (.text:ICallPlatform_pwrDispenseImpl$1)
                  000164ba    0000002e     icall_cc2650.obj (.text:ICallPlatform_pwrRequireImpl$1)
                  000164e8    0000002e     drivers_cc13x0.aem3 : CryptoCC26XX.oem3 (.text:cryptoTransactionPend)
                  00016516    00000002     --HOLE-- [fill = 0]
                  00016518    0000002c     CC13X0_LAUNCHXL.obj (.text:CC1350_LAUNCHXL_rfDriverCallback$3)
                  00016544    0000002c     maclib_secure.a : fh_ie.obj (.text:FHIE_getExcludedChannelControl)
                  00016570    0000002c     driverlib.lib : osc.obj (.text:NOROM_OSCClockSourceGet)
                  0001659c    0000002c                   : rfc.obj (.text:NOROM_RFCCpePatchReset)
                  000165c8    0000002c     drivers_cc13x0.aem3 : PINCC26XX.oem3 (.text:PINCC26XX_setMux)
                  000165f4    0000002c     rf_multiMode_cc13x0.aem3 : RFCC26XX_multiMode.oem3 (.text:RF_calculateDeltaTimeUs)
                  00016620    0000002c                              : RFCC26XX_multiMode.oem3 (.text:RF_executeDirectImmediateCmd)
                  0001664c    0000002c     dpl_cc13x0.aem3 : SemaphoreP_tirtos.oem3 (.text:SemaphoreP_constructBinary)
                  00016678    0000002c     ssf.obj (.text:Ssf_clearNetworkInfo)
                  000166a4    0000002c     uart_printf.obj (.text:UartPrintf_putch)
                  000166d0    0000002c     nvocop.obj (.text:findOffset$29)
                  000166fc    0000002c     maclib_secure.a : mac_pib.obj (.text:macPibReset)
                  00016728    0000002c                     : mac_radio.obj (.text:macRadioSetPanCoordinator)
                  00016754    0000002c     osal.obj (.text:osal_msec_timer_cback$19)
                  00016780    0000002c     saddr.obj (.text:sAddrCmp)
                  000167ac    0000002c     rom_sysbios.aem3 : rom_sysbios.obj (.text:ti_sysbios_knl_Clock_getTicksUntilInterrupt__E)
                  000167d8    0000002b                      : rom_sysbios.obj (.text:xdc_runtime_Text_printVisFxn__I)
                  00016803    00000001     --HOLE-- [fill = 0]
                  00016804    0000002a                      : rom_sysbios.obj (.text:ti_sysbios_knl_Clock_getTimeout__E)
                  0001682e    0000002a                      : rom_sysbios.obj (.text:xdc_runtime_System_putchar__I)
                  00016858    00000028     drivers_cc13x0.aem3 : CryptoCC26XX.oem3 (.text:CryptoCC26XX_releaseKey)
                  00016880    00000028     maclib_secure.a : fh_mgr.obj (.text:FHMGR_macCancelFHTimer)
                  000168a8    00000028     ssf.obj (.text:ICall_malloc$38)
                  000168d0    00000028     maclib_secure.a : mac_security_pib.obj (.text:MAC_MlmeGetPointerSecurityReq)
                  000168f8    00000028     driverlib.lib : aon_batmon.obj (.text:NOROM_AONBatMonTemperatureGetDegC)
                  00016920    00000028                   : rfc.obj (.text:NOROM_RFCDoorbellSendTo)
                  00016948    00000028     drivers_cc13x0.aem3 : PowerCC26XX.oem3 (.text:Power_registerNotify)
                  00016970    00000028     rf_multiMode_cc13x0.aem3 : RFCC26XX_multiMode.oem3 (.text:RF_getTxPower)
                  00016998    00000028     driverlib.lib : adi.obj (.text:SafeHapiVoid)
                  000169c0    00000028     board_led.obj (.text:board_led_anyBlinking$7)
                  000169e8    00000028     nvocop.obj (.text:findItem$29)
                  00016a10    00000028     maclib_secure.a : mac_mgmt.obj (.text:macApiPending)
                  00016a38    00000028                     : mac_beacon.obj (.text:macBeaconCheckSched)
                  00016a60    00000028                     : mac_mgmt.obj (.text:macCoordAddrCmp)
                  00016a88    00000028                     : mac_mgmt.obj (.text:macGetCoordAddress)
                  00016ab0    00000028                     : mac_radio.obj (.text:macRadioStopScan)
                  00016ad8    00000028                     : mac_tx.obj (.text:macTxRequestCsmaRtcDelay)
                  00016b00    00000028     osal_memory_icall.obj (.text:osal_mem_alloc)
                  00016b28    00000028     osal_timers.obj (.text:osal_next_timeout)
                  00016b50    00000026     maclib_secure.a : fh_util.obj (.text:FHUTIL_getMaxChannels)
                  00016b76    00000026                     : fh_util.obj (.text:FHUTIL_getTxUfsi)
                  00016b9c    00000026                     : mac_radio.obj (.text:radioComputeED$78)
                  00016bc2    00000026     rom_sysbios.aem3 : rom_sysbios.obj (.text:xdc_runtime_System_vprintf__E)
                  00016be8    00000024     drivers_cc13x0.aem3 : CryptoCC26XX.oem3 (.text:CryptoCC26XX_hwiIntFxn)
                  00016c0c    00000024     maclib_secure.a : fh_api.obj (.text:FHAPI_getTxChHoppingFunc)
                  00016c30    00000024                     : fh_pib.obj (.text:FHPIB_getLen)
                  00016c54    00000024     osal_pwrmgr.obj (.text:ICall_pwrUpdActivityCounter$23)
                  00016c78    00000024     drivers_cc13x0.aem3 : List.oem3 (.text:List_remove)
                  00016c9c    00000024     rf_multiMode_cc13x0.aem3 : RFCC26XX_multiMode.oem3 (.text:RF_cmdAlloc)
                  00016cc0    00000024                              : RFCC26XX_multiMode.oem3 (.text:RF_invokeGlobalCallback)
                  00016ce4    00000024     maclib_secure.a : mac_device.obj (.text:macAssocFrameResponseTimeout)
                  00016d08    00000024                     : mac_beacon.obj (.text:macBeaconReset)
                  00016d2c    00000024                     : mac_radio.obj (.text:macGetRadioState)
                  00016d50    00000024                     : mac_radio_tx.obj (.text:macRadioTxRequestTxAck)
                  00016d74    00000024                     : mac_rx_onoff.obj (.text:macRxSoftDisable)
                  00016d98    00000024                     : mac_timer.obj (.text:macTimerAligned)
                  00016dbc    00000024     rtsv7M3_T_le_eabi.lib : memcmp.c.obj (.text:memcmp)
                  00016de0    00000024     osal.obj (.text:osal_msg_allocate)
                  00016e04    00000024     app_pem3.oem3 (.text:ti_sysbios_BIOS_registerRTSLock__I)
                  00016e28    00000024     app_pem3.oem3 (.text:ti_sysbios_BIOS_removeRTSLock__I)
                  00016e4c    00000024     rom_sysbios.aem3 : rom_sysbios.obj (.text:ti_sysbios_family_arm_cc26xx_Timer_getMaxTicks__E)
                  00016e70    00000022     drivers_cc13x0.aem3 : List.oem3 (.text:List_get)
                  00016e92    00000022                         : List.oem3 (.text:List_insert)
                  00016eb4    00000022                         : List.oem3 (.text:List_put)
                  00016ed6    00000022                         : List.oem3 (.text:List_putHead)
                  00016ef8    00000020                         : CryptoCC26XX.oem3 (.text:CryptoCC26XX_init)
                  00016f18    00000020     maclib_secure.a : fh_data.obj (.text:FHDATA_updateCCA)
                  00016f38    00000020                     : fh_util.obj (.text:FHUTIL_updateUcNumChannels)
                  00016f58    00000020     hal_flash_wrapper.obj (.text:HalFlashGetAddress)
                  00016f78    00000020     osal_memory_icall.obj (.text:ICall_free$22)
                  00016f98    00000020     api_mac.obj (.text:ICall_free$32)
                  00016fb8    00000020     osal.obj (.text:ICall_getTicks$19)
                  00016fd8    00000020     sensor.obj (.text:ICall_getTicks$37)
                  00016ff8    00000020     maclib_secure.a : fh_data.obj (.text:ICall_getTicks$55)
                  00017018    00000020                     : fh_mgr.obj (.text:ICall_getTicks$56)
                  00017038    00000020                     : fh_util.obj (.text:ICall_getTicks$59)
                  00017058    00000020                     : fh_api.obj (.text:ICall_getTicks$85)
                  00017078    00000020                     : fh_nt.obj (.text:ICall_getTicks$88)
                  00017098    00000020     osal.obj (.text:ICall_signal$19)
                  000170b8    00000020     maclib_secure.a : mac_symbol_timer.obj (.text:ICall_signal$83)
                  000170d8    00000020                     : mac_pib.obj (.text:MAC_GetPHYParamReq)
                  000170f8    00000020     driverlib.lib : rfc.obj (.text:NOROM_RFCAdi3VcoLdoVoltageMode)
                  00017118    00000020     dpl_cc13x0.aem3 : PowerCC26XX_tirtos.oem3 (.text:PowerCC26XX_schedulerDisable)
                  00017138    00000020                     : PowerCC26XX_tirtos.oem3 (.text:PowerCC26XX_schedulerRestore)
                  00017158    00000020     drivers_cc13x0.aem3 : PowerCC26XX.oem3 (.text:Power_unregisterNotify)
                  00017178    00000020     rf_multiMode_cc13x0.aem3 : RFCC26XX_multiMode.oem3 (.text:RF_clkPowerUp)
                  00017198    00000020                              : RFCC26XX_multiMode.oem3 (.text:RF_hwiCpe0ChangePhy)
                  000171b8    00000020                              : RFCC26XX_multiMode.oem3 (.text:RF_ratIsRunning)
                  000171d8    00000020     maclib_secure.a : mac_data.obj (.text:macDataRxMemAlloc)
                  000171f8    00000020                     : mac_data.obj (.text:macDataSend)
                  00017218    00000020                     : mac_radio.obj (.text:macRadioSwInit)
                  00017238    00000020                     : mac_rx_onoff.obj (.text:macRxOff)
                  00017258    00000020                     : mac_rx_onoff.obj (.text:macRxSoftEnable)
                  00017278    00000020     osal.obj (.text:osal_memcmp)
                  00017298    00000020     osal.obj (.text:osal_msg_push)
                  000172b8    00000020     ssf.obj (.text:processScanBackoffTimeoutCallback$38)
                  000172d8    00000020     app_pem3.oem3 (.text:ti_sysbios_BIOS_rtsLock__I)
                  000172f8    00000020     rom_sysbios.aem3 : rom_sysbios.obj (.text:ti_sysbios_family_arm_cc26xx_Timer_dynamicStub__E)
                  00017318    00000020                      : rom_sysbios.obj (.text:ti_sysbios_knl_Clock_stop__E)
                  00017338    00000020                      : rom_sysbios.obj (.text:xdc_runtime_Registry_findById__E)
                  00017358    0000001e     drivers_cc13x0.aem3 : PINCC26XX.oem3 (.text:PIN_close)
                  00017376    0000001e                         : PowerCC26XX.oem3 (.text:Power_getTransitionLatency)
                  00017394    0000001e     rf_multiMode_cc13x0.aem3 : RFCC26XX_multiMode.oem3 (.text:RF_preemptClient)
                  000173b2    0000001e     maclib_secure.a : mac_hl_patch.obj (.text:macPibIndex)
                  000173d0    0000001e                     : mac_scan.obj (.text:macScanFailedInProgress)
                  000173ee    0000001e                     : mac_timer.obj (.text:macTimerRemoveTimer)
                  0001740c    0000001c                     : fh_api.obj (.text:FHAPI_setStateCb)
                  00017428    0000001c                     : fh_pib.obj (.text:FHPIB_getIndex)
                  00017444    0000001c     osal.obj (.text:ICall_abort$19)
                  00017460    0000001c     osaltasks.obj (.text:ICall_abort$27)
                  0001747c    0000001c     driverlib.lib : chipinfo.obj (.text:NOROM_ChipInfo_GetChipFamily)
                  00017498    0000001c                   : flash.obj (.text:NOROM_FlashProgram)
                  000174b4    0000001c                   : flash.obj (.text:NOROM_FlashSectorErase)
                  000174d0    0000001c     drivers_cc13x0.aem3 : PINCC26XX.oem3 (.text:PINCC26XX_setIoCfgMux)
                  000174ec    0000001c                         : PINCC26XX.oem3 (.text:PIN_hwi)
                  00017508    0000001c     rf_multiMode_cc13x0.aem3 : RFCC26XX_multiMode.oem3 (.text:RF_clkInactivity)
                  00017524    0000001c                              : RFCC26XX_multiMode.oem3 (.text:RF_getRssi)
                  00017540    0000001c                              : RFCC26XX_multiMode.oem3 (.text:RF_powerConstraintSet)
                  0001755c    0000001c     ssf.obj (.text:Ssf_initializeReadingClock)
                  00017578    0000001c     ssf.obj (.text:Ssf_stateChangeUpdate)
                  00017594    0000001c     nvocop.obj (.text:enableCache$29)
                  000175b0    0000001c     maclib_secure.a : mac_mgmt.obj (.text:macConflictSyncLossInd)
[...]
1001ca97  ti_sysbios_rom_cortexm_cc13xx_CC13xx_getRevision__E                       
20000000  ti_sysbios_family_arm_m3_Hwi_ramVectors                                   
20000100  ti_sysbios_knl_Task_Module__state__V                                      
20000144  ti_sysbios_family_arm_m3_Hwi_Module__state__V                             
20000178  ti_sysbios_knl_Clock_Module__state__V                                     
200001a4  ti_sysbios_BIOS_Module__state__V                                          
200001c8  ti_sysbios_knl_Swi_Module__state__V                                       
200001e4  ti_sysbios_family_arm_cc26xx_Timer_Module__state__V                       
200001ec  ti_sysbios_family_arm_cc26xx_TimestampProvider_Module__state__V           
200001f0  xdc_runtime_Startup_Module__state__V                                      
200001f8  xdc_runtime_System_Module__state__V                                       
20000200  xdc_runtime_Memory_Module__state__V                                       
20000208  macTaskId                                                                 
20000209  macMgmt                                                                   
2000020a  macPanCoordinator                                                         
2000020b  csmPhy                                                                    
2000020c  pMacDataTx                                                                
20000210  macDataTxIndirect                                                         
20000214  macDataRequeueIndirect                                                    
20000218  macDataRxBeaconCritical                                                   
2000021c  macDataTxBeaconComplete                                                   
20000220  macDataSetSched                                                           
20000224  macDataCheckSched                                                         
20000228  macDataCheckTxTime                                                        
2000022c  macDataBeaconRequeue                                                      
20000230  timerUnalignedQ                                                           
20000234  timerAlignedQ                                                             
20000238  macTimerRollover                                                          
2000023c  macTimerNewRollover                                                       
20000240  macTimerActive                                                            
20000244  Crypto_handle                                                             
20000248  macCryptoDrvTblPtr                                                        
2000024c  macCoordAction1                                                           
20000254  macMain                                                                   
20000260  macBeaconDeviceAction                                                     
20000270  macCoordAction3                                                           
20000280  macData                                                                   
20000290  macDataTxDelay                                                            
200002a0  macDeviceAction2                                                          
200002b4  macStateTbl                                                               
200002c8  macMgmtAction2                                                            
200002dc  macScanAction                                                             
200002f4  macCoordAction2                                                           
20000310  macReset                                                                  
2000032c  macBeaconMargin                                                           
2000034c  macBeacon                                                                 
2000036c  macActionSet                                                              
20000390  macMgmtAction1                                                            
200003b8  macCoord                                                                  
200003e4  macDevice                                                                 
20000410  macBeaconDevice                                                           
20000444  macBeaconPayload                                                          
20000478  macDeviceAction1                                                          
200004b0  macSecurityPib                                                            
200004f0  macScan                                                                   
20000544  fhObject                                                                  
200005b0  macPib                                                                    
20000638  macMRFSKGenPhyTable                                                       
200006d8  enhancedAckBuf                                                            
200007d4  uartParams                                                                
200007f8  macUser0Cfg                                                               
20000828  myTask                                                                    
20000878  Main_user1Cfg                                                             
200008d4  myTaskStack                                                               
20000c5c  hUart                                                                     
20001060  macAddrSize                                                               
20001064  FHNT_Dbg                                                                  
2000106c  FH_txTiming                                                               
20001074  FHNT_tempTable                                                            
2000107c  FH_FSM                                                                    
20001088  FHNT_hnd                                                                  
200010c0  FHFSM_Dbg                                                                 
20001104  FHIE_channelPlan                                                          
20001158  FHNT_tableOpt                                                             
200011d4  FH_hnd                                                                    
2000125c  FHPIB_db                                                                  
200012e8  pinUpperBound                                                             
200012ec  pinLowerBound                                                             
20001380  pinHandleTable                                                            
200013fc  PowerCC26XX_module                                                        
20001510  Ssf_resetReseason                                                         
20001514  Ssf_resetCount                                                            
20001614  RF_cmdNop                                                                 
20001624  RF_cmdFs                                                                  
2000163c  RF_cmdPropCs                                                              
20001658  RF_cmdPropCsSlotted                                                       
20001674  RF_cmdPropTxAdv                                                           
20001694  RF_cmdPropRadioDivSetup                                                   
200016bc  RF_cmdPropRxAdv                                                           
200016ee  Sensor_events                                                             
20001740  Sensor_msgStats                                                           
200017b8  initBroadcastMsg                                                          
200017ba  parentFound                                                               
200017c2  Jdllc_events                                                              
200017e4  Jdllc_statistics                                                          
20001868  ICall_enterCriticalSection                                                
2000186c  ICall_leaveCriticalSection                                                
20001884  HEAPMGR_SIZE                                                              
20001888  ICall_dispatcher                                                          
20001950  macReqAccessTimeCnt                                                       
20001951  reqAccessAlloc                                                            
20001954  rxCmdHandle                                                               
20001956  fsCmdHandle                                                               
2000195c  lastPostCmd                                                               
20001960  macSfdDetectCback                                                         
20001968  macTxTimestamp                                                            
2000196c  pMacRadioConfig                                                           
20001970  macRfDrvTblPtr                                                            
20001974  pRfPropTable                                                              
20001978  pRfPropTableOld                                                           
2000197c  pMacRfAntSwitchSel                                                        
20001980  pMacRfAntPwrSel                                                           
20001990  macRxOutputSubG                                                           
2000199c  macFrmFilter                                                              
200019b0  ti_sysbios_knl_Task_Object__table__V                                      
20001a44  macTxSlottedDelay                                                         
20001a45  macUnitBackoffPeriod                                                      
20001a46  rxFhRsl                                                                   
20001a47  macPhyChannel                                                             
20001a48  ti_sysbios_family_arm_cc26xx_Timer_Object__table__V                       
20001ad4  ti_sysbios_gates_GateMutex_Object__table__V                               
20001b14  RF_handle                                                                 
20001b18  macPhyTxPower                                                             
20001b24  RF_params                                                                 
20001b41  osal_entity                                                               
20001b48  osal_qHead                                                                
20001b4c  osal_eventloop_hook                                                       
20001b50  osal_icallMsg_hook                                                        
20001b54  osal_semaphore                                                            
20001b58  osal_last_timestamp                                                       
20001b5c  osal_tickperiod                                                           
20001b60  osal_max_msecs                                                            
20001b70  txCmdHandle                                                               
20001b74  pMacEnhancedAck                                                           
20001b78  macRadioAckFrame                                                          
20001b80  macAckTimer                                                               
20001ba0  ti_sysbios_knl_Swi_Module_State_0_readyQ__A                               
20001bd0  ti_sysbios_knl_Swi_Object__table__V                                       
20001c00  ti_sysbios_knl_Task_Module_State_0_readyQ__A                              
20001c30  macTxSlottedDelayFactor                                                   
20001c31  macTxType                                                                 
20001c32  macTxBe                                                                   
20001c33  txAckReq                                                                  
20001c38  macTxCsmaBackoffDelay                                                     
20001c3c  macCsmaRtcTimerId                                                         
20001c40  macAckDbg                                                                 
20001c74  ti_sysbios_knl_Clock_Object__table__V                                     
20001c94  xdc_runtime_Error_IgnoreBlock                                             
20001cd0  macSpecUsecsPerSymbol                                                     
20001cd4  macPrevPeriodRatCount                                                     
20001cd8  macSymbolTimerRollover                                                    
20001cdc  macSymbolTimerTrigger                                                     
20001ce8  ti_sysbios_family_arm_m3_Hwi_Object__table__V                             
20001d00  ti_sysbios_heaps_HeapMem_Object__table__V                                 
20001d18  ApiMac_appEntity                                                          
20001d24  ApiMac_extAddr                                                            
20001d2c  macCfg                                                                    
20001d3c  rfPatchTable                                                              
20001d4c  lastRatChanA                                                              
20001d4d  lastRatChanB                                                              
20001d4e  macRxCmdActive                                                            
20001d4f  macTxCmdActive                                                            
20001d50  macFsCmdActive                                                            
20001d52  macReqAccessCnt                                                           
20001d54  macReqAccErrCnt                                                           
20001d56  numRfCmd                                                                  
20001d57  numRxCmd                                                                  
20001d58  numRxPostCmd                                                              
20001d59  bInSwi                                                                    
20001d5a  macRadioYielded                                                           
20001d5c  AppTaskId                                                                 
20001d60  pMacCbackQueryRetransmit                                                  
20001d64  pMacCbackCheckPending                                                     
20001d68  RFCC26XX_hwAttrs                                                          
20001d78  OSAL_timeSeconds                                                          
20001d80  sector_addr                                                               
20001d8c  _lock                                                                     
20001d90  _unlock                                                                   
20001d94  pOverridesTable                                                           
20001d9c  ti_sysbios_family_arm_m3_Hwi_Module__root__V                              
20001da4  ti_sysbios_gates_GateHwi_Module__root__V                                  
20001dac  ti_sysbios_gates_GateMutex_Module__root__V                                
20001db4  ti_sysbios_hal_Hwi_Module__root__V                                        
20001dbc  ti_sysbios_heaps_HeapMem_Module__root__V                                  
20001dc4  ti_sysbios_knl_Clock_Module__root__V                                      
20001dcc  ti_sysbios_knl_Mailbox_Module__root__V                                    
20001dd4  ti_sysbios_knl_Queue_Module__root__V                                      
20001ddc  ti_sysbios_knl_Semaphore_Module__root__V                                  
20001de4  ti_sysbios_knl_Swi_Module__root__V                                        
20001dec  ti_sysbios_knl_Task_Module__root__V                                       
20001df4  xdc_runtime_Registry_Module__state__V                                     
20001dfc  pwrmgr_initialized                                                        
20001dfe  pwrmgr_attribute                                                          
20001e04  main_func_sp                                                              
20001e08  ti_sysbios_family_arm_m3_Hwi_Module_State_0_excContext__A                 
20001e0c  ti_sysbios_family_arm_m3_Hwi_Module_State_0_excStack__A                   
20001e10  ti_sysbios_knl_Task_Module_State_0_idleTask__A                            
20001e14  ti_sysbios_family_arm_m3_Hwi_Module_State_0_excActive__A                  
20001e18  ti_sysbios_heaps_HeapMem_Instance_State_0_buf__A                          
20002850  ti_sysbios_knl_Task_Instance_State_0_stack__A                             
20002a50  uartCC26XXObjects                                                         
20002c40  ti_sysbios_family_arm_m3_Hwi_dispatchTable                                
20002d08  cryptoCC26XXObjects                                                       
20002d88  macRxFilter                                                               
20002d89  rxPromiscuousMode                                                         
20002d94  macRxDataEntryOffset                                                      
20002d9c  rxRadioBufferPtr                                                          
20002da8  macRxDataEntryQueue                                                       
20002dd8  uartCC26XXRingBuffer                                                      
20002e30  PowerCC26XX_taskKey                                                       
20002e34  PowerCC26XX_swiKey                                                        
20002e38  timerHead                                                                 
20002e4c  ClockP_tickPeriod                                                         
20002e50  macTasksEvents                                                            
20002e59  driverlib_release_0_52354                                                 
20002e5a  macPwr                                                                    
20002e5b  macRxActive                                                               
20002e5c  macRxEnableFlags                                                          
20002e5d  macRxOutgoingAckFlag                                                      
20002e5e  macSymbolTimerImpending                                                   
20002e5f  macTxActive                                                               
20002e60  heapStart                                                                 
20004b00  __stack                                                                   
20004b00  heapEnd                                                                   
20005000  __STACK_END                                                               
20005000  __STACK_TOP                                                               
e000e000  ti_sysbios_family_arm_m3_Hwi_nvic                                         
ffffffff  __TI_pprof_out_hndl                                                       
ffffffff  __TI_prof_data_size                                                       
ffffffff  __TI_prof_data_start                                                      
ffffffff  __binit__                                                                 
ffffffff  __c_args__                                                                
ffffffff  binit                                                                     
UNDEFED   SHT$$INIT_ARRAY$$Base                                                     
UNDEFED   SHT$$INIT_ARRAY$$Limit                                                    

[1465 symbols]
